[2.740s] Invoking command in '/home/udezumo/Sirius_ear/src/bluetooth': PYTHONPATH=/home/udezumo/Sirius_ear/build/bluetooth/prefix_override:/usr/lib/python3/dist-packages/colcon_core/task/python/colcon_distutils_commands:/home/udezumo/Sirius_ear/install/bluetooth/lib/python3.10/site-packages:${PYTHONPATH} /usr/bin/python3 -W ignore:setup.py install is deprecated -W ignore:easy_install command is deprecated setup.py egg_info --egg-base ../../build/bluetooth build --build-base /home/udezumo/Sirius_ear/build/bluetooth/build install --record /home/udezumo/Sirius_ear/build/bluetooth/install.log --single-version-externally-managed install_data
[3.294s] running egg_info
[3.296s] writing ../../build/bluetooth/bluetooth.egg-info/PKG-INFO
[3.296s] writing dependency_links to ../../build/bluetooth/bluetooth.egg-info/dependency_links.txt
[3.296s] writing entry points to ../../build/bluetooth/bluetooth.egg-info/entry_points.txt
[3.297s] writing requirements to ../../build/bluetooth/bluetooth.egg-info/requires.txt
[3.297s] writing top-level names to ../../build/bluetooth/bluetooth.egg-info/top_level.txt
[3.301s] reading manifest file '../../build/bluetooth/bluetooth.egg-info/SOURCES.txt'
[3.303s] writing manifest file '../../build/bluetooth/bluetooth.egg-info/SOURCES.txt'
[3.306s] running build
[3.307s] running build_py
[3.310s] running install
[3.312s] running install_lib
[3.315s] running install_data
[3.321s] running install_egg_info
[3.321s] removing '/home/udezumo/Sirius_ear/install/bluetooth/lib/python3.10/site-packages/bluetooth-0.0.0-py3.10.egg-info' (and everything under it)
[3.328s] Copying ../../build/bluetooth/bluetooth.egg-info to /home/udezumo/Sirius_ear/install/bluetooth/lib/python3.10/site-packages/bluetooth-0.0.0-py3.10.egg-info
[3.328s] running install_scripts
[3.378s] Installing bluetooth_node script to /home/udezumo/Sirius_ear/install/bluetooth/lib/bluetooth
[3.380s] writing list of installed files to '/home/udezumo/Sirius_ear/build/bluetooth/install.log'
[3.473s] Invoked command in '/home/udezumo/Sirius_ear/src/bluetooth' returned '0': PYTHONPATH=/home/udezumo/Sirius_ear/build/bluetooth/prefix_override:/usr/lib/python3/dist-packages/colcon_core/task/python/colcon_distutils_commands:/home/udezumo/Sirius_ear/install/bluetooth/lib/python3.10/site-packages:${PYTHONPATH} /usr/bin/python3 -W ignore:setup.py install is deprecated -W ignore:easy_install command is deprecated setup.py egg_info --egg-base ../../build/bluetooth build --build-base /home/udezumo/Sirius_ear/build/bluetooth/build install --record /home/udezumo/Sirius_ear/build/bluetooth/install.log --single-version-externally-managed install_data
