[2.471s] Invoking command in '/home/udezumo/Sirius_ear/src/curvature_local': PYTHONPATH=/home/udezumo/Sirius_ear/build/curvature_local/prefix_override:/usr/lib/python3/dist-packages/colcon_core/task/python/colcon_distutils_commands:/home/udezumo/Sirius_ear/install/curvature_local/lib/python3.10/site-packages:${PYTHONPATH} /usr/bin/python3 -W ignore:setup.py install is deprecated -W ignore:easy_install command is deprecated setup.py egg_info --egg-base ../../build/curvature_local build --build-base /home/udezumo/Sirius_ear/build/curvature_local/build install --record /home/udezumo/Sirius_ear/build/curvature_local/install.log --single-version-externally-managed install_data
[2.944s] running egg_info
[2.945s] writing ../../build/curvature_local/curvature_local.egg-info/PKG-INFO
[2.946s] writing dependency_links to ../../build/curvature_local/curvature_local.egg-info/dependency_links.txt
[2.946s] writing entry points to ../../build/curvature_local/curvature_local.egg-info/entry_points.txt
[2.947s] writing requirements to ../../build/curvature_local/curvature_local.egg-info/requires.txt
[2.947s] writing top-level names to ../../build/curvature_local/curvature_local.egg-info/top_level.txt
[2.958s] reading manifest file '../../build/curvature_local/curvature_local.egg-info/SOURCES.txt'
[2.958s] writing manifest file '../../build/curvature_local/curvature_local.egg-info/SOURCES.txt'
[2.958s] running build
[2.958s] running build_py
[2.959s] copying curvature_local/curvature_local_node.py -> /home/udezumo/Sirius_ear/build/curvature_local/build/lib/curvature_local
[2.959s] running install
[2.959s] running install_lib
[2.960s] copying /home/udezumo/Sirius_ear/build/curvature_local/build/lib/curvature_local/curvature_local_node.py -> /home/udezumo/Sirius_ear/install/curvature_local/lib/python3.10/site-packages/curvature_local
[2.963s] byte-compiling /home/udezumo/Sirius_ear/install/curvature_local/lib/python3.10/site-packages/curvature_local/curvature_local_node.py to curvature_local_node.cpython-310.pyc
[2.964s] running install_data
[2.965s] running install_egg_info
[2.967s] removing '/home/udezumo/Sirius_ear/install/curvature_local/lib/python3.10/site-packages/curvature_local-0.0.0-py3.10.egg-info' (and everything under it)
[2.967s] Copying ../../build/curvature_local/curvature_local.egg-info to /home/udezumo/Sirius_ear/install/curvature_local/lib/python3.10/site-packages/curvature_local-0.0.0-py3.10.egg-info
[2.969s] running install_scripts
[3.028s] Installing curvature_local_node script to /home/udezumo/Sirius_ear/install/curvature_local/lib/curvature_local
[3.030s] writing list of installed files to '/home/udezumo/Sirius_ear/build/curvature_local/install.log'
[3.156s] Invoked command in '/home/udezumo/Sirius_ear/src/curvature_local' returned '0': PYTHONPATH=/home/udezumo/Sirius_ear/build/curvature_local/prefix_override:/usr/lib/python3/dist-packages/colcon_core/task/python/colcon_distutils_commands:/home/udezumo/Sirius_ear/install/curvature_local/lib/python3.10/site-packages:${PYTHONPATH} /usr/bin/python3 -W ignore:setup.py install is deprecated -W ignore:easy_install command is deprecated setup.py egg_info --egg-base ../../build/curvature_local build --build-base /home/udezumo/Sirius_ear/build/curvature_local/build install --record /home/udezumo/Sirius_ear/build/curvature_local/install.log --single-version-externally-managed install_data
