[2.021s] Invoking command in '/home/udezumo/Sirius_ear/src/curvature_local': PYTHONPATH=/home/udezumo/Sirius_ear/build/curvature_local/prefix_override:/usr/lib/python3/dist-packages/colcon_core/task/python/colcon_distutils_commands:/home/udezumo/Sirius_ear/install/curvature_local/lib/python3.10/site-packages:${PYTHONPATH} /usr/bin/python3 -W ignore:setup.py install is deprecated -W ignore:easy_install command is deprecated setup.py egg_info --egg-base ../../build/curvature_local build --build-base /home/udezumo/Sirius_ear/build/curvature_local/build install --record /home/udezumo/Sirius_ear/build/curvature_local/install.log --single-version-externally-managed install_data
[2.442s] running egg_info
[2.445s] writing ../../build/curvature_local/curvature_local.egg-info/PKG-INFO
[2.445s] writing dependency_links to ../../build/curvature_local/curvature_local.egg-info/dependency_links.txt
[2.445s] writing entry points to ../../build/curvature_local/curvature_local.egg-info/entry_points.txt
[2.445s] writing requirements to ../../build/curvature_local/curvature_local.egg-info/requires.txt
[2.445s] writing top-level names to ../../build/curvature_local/curvature_local.egg-info/top_level.txt
[2.448s] reading manifest file '../../build/curvature_local/curvature_local.egg-info/SOURCES.txt'
[2.449s] writing manifest file '../../build/curvature_local/curvature_local.egg-info/SOURCES.txt'
[2.449s] running build
[2.450s] running build_py
[2.451s] copying curvature_local/curvature_local_node.py -> /home/udezumo/Sirius_ear/build/curvature_local/build/lib/curvature_local
[2.451s] copying curvature_local/curvature_local_end.py -> /home/udezumo/Sirius_ear/build/curvature_local/build/lib/curvature_local
[2.452s] copying curvature_local/curvature_local_side_lock.py -> /home/udezumo/Sirius_ear/build/curvature_local/build/lib/curvature_local
[2.452s] running install
[2.452s] running install_lib
[2.453s] copying /home/udezumo/Sirius_ear/build/curvature_local/build/lib/curvature_local/curvature_local_node.py -> /home/udezumo/Sirius_ear/install/curvature_local/lib/python3.10/site-packages/curvature_local
[2.453s] copying /home/udezumo/Sirius_ear/build/curvature_local/build/lib/curvature_local/curvature_local_end.py -> /home/udezumo/Sirius_ear/install/curvature_local/lib/python3.10/site-packages/curvature_local
[2.453s] copying /home/udezumo/Sirius_ear/build/curvature_local/build/lib/curvature_local/curvature_local_side_lock.py -> /home/udezumo/Sirius_ear/install/curvature_local/lib/python3.10/site-packages/curvature_local
[2.454s] byte-compiling /home/udezumo/Sirius_ear/install/curvature_local/lib/python3.10/site-packages/curvature_local/curvature_local_node.py to curvature_local_node.cpython-310.pyc
[2.456s] byte-compiling /home/udezumo/Sirius_ear/install/curvature_local/lib/python3.10/site-packages/curvature_local/curvature_local_end.py to curvature_local_end.cpython-310.pyc
[2.456s] byte-compiling /home/udezumo/Sirius_ear/install/curvature_local/lib/python3.10/site-packages/curvature_local/curvature_local_side_lock.py to curvature_local_side_lock.cpython-310.pyc
[2.457s] running install_data
[2.457s] running install_egg_info
[2.461s] removing '/home/udezumo/Sirius_ear/install/curvature_local/lib/python3.10/site-packages/curvature_local-0.0.0-py3.10.egg-info' (and everything under it)
[2.462s] Copying ../../build/curvature_local/curvature_local.egg-info to /home/udezumo/Sirius_ear/install/curvature_local/lib/python3.10/site-packages/curvature_local-0.0.0-py3.10.egg-info
[2.463s] running install_scripts
[2.496s] Installing curvature_local_node script to /home/udezumo/Sirius_ear/install/curvature_local/lib/curvature_local
[2.497s] writing list of installed files to '/home/udezumo/Sirius_ear/build/curvature_local/install.log'
[2.534s] Invoked command in '/home/udezumo/Sirius_ear/src/curvature_local' returned '0': PYTHONPATH=/home/udezumo/Sirius_ear/build/curvature_local/prefix_override:/usr/lib/python3/dist-packages/colcon_core/task/python/colcon_distutils_commands:/home/udezumo/Sirius_ear/install/curvature_local/lib/python3.10/site-packages:${PYTHONPATH} /usr/bin/python3 -W ignore:setup.py install is deprecated -W ignore:easy_install command is deprecated setup.py egg_info --egg-base ../../build/curvature_local build --build-base /home/udezumo/Sirius_ear/build/curvature_local/build install --record /home/udezumo/Sirius_ear/build/curvature_local/install.log --single-version-externally-managed install_data
