/home/udezumo/Sirius_ear/install/curvature_local/lib/python3.10/site-packages/curvature_local/__init__.py
/home/udezumo/Sirius_ear/install/curvature_local/lib/python3.10/site-packages/curvature_local/curvature_local_defalt.py
/home/udezumo/Sirius_ear/install/curvature_local/lib/python3.10/site-packages/curvature_local/curvature_local_node.py
/home/udezumo/Sirius_ear/install/curvature_local/lib/python3.10/site-packages/curvature_local/curvature_local_all.py
/home/udezumo/Sirius_ear/install/curvature_local/lib/python3.10/site-packages/curvature_local/curvature_local_end.py
/home/udezumo/Sirius_ear/install/curvature_local/lib/python3.10/site-packages/curvature_local/curvature_local_side_lock.py
/home/udezumo/Sirius_ear/install/curvature_local/lib/python3.10/site-packages/curvature_local/__pycache__/__init__.cpython-310.pyc
/home/udezumo/Sirius_ear/install/curvature_local/lib/python3.10/site-packages/curvature_local/__pycache__/curvature_local_defalt.cpython-310.pyc
/home/udezumo/Sirius_ear/install/curvature_local/lib/python3.10/site-packages/curvature_local/__pycache__/curvature_local_node.cpython-310.pyc
/home/udezumo/Sirius_ear/install/curvature_local/lib/python3.10/site-packages/curvature_local/__pycache__/curvature_local_all.cpython-310.pyc
/home/udezumo/Sirius_ear/install/curvature_local/lib/python3.10/site-packages/curvature_local/__pycache__/curvature_local_end.cpython-310.pyc
/home/udezumo/Sirius_ear/install/curvature_local/lib/python3.10/site-packages/curvature_local/__pycache__/curvature_local_side_lock.cpython-310.pyc
/home/udezumo/Sirius_ear/install/curvature_local/share/ament_index/resource_index/packages/curvature_local
/home/udezumo/Sirius_ear/install/curvature_local/share/curvature_local/package.xml
/home/udezumo/Sirius_ear/install/curvature_local/lib/python3.10/site-packages/curvature_local-0.0.0-py3.10.egg-info/PKG-INFO
/home/udezumo/Sirius_ear/install/curvature_local/lib/python3.10/site-packages/curvature_local-0.0.0-py3.10.egg-info/dependency_links.txt
/home/udezumo/Sirius_ear/install/curvature_local/lib/python3.10/site-packages/curvature_local-0.0.0-py3.10.egg-info/top_level.txt
/home/udezumo/Sirius_ear/install/curvature_local/lib/python3.10/site-packages/curvature_local-0.0.0-py3.10.egg-info/requires.txt
/home/udezumo/Sirius_ear/install/curvature_local/lib/python3.10/site-packages/curvature_local-0.0.0-py3.10.egg-info/zip-safe
/home/udezumo/Sirius_ear/install/curvature_local/lib/python3.10/site-packages/curvature_local-0.0.0-py3.10.egg-info/SOURCES.txt
/home/udezumo/Sirius_ear/install/curvature_local/lib/python3.10/site-packages/curvature_local-0.0.0-py3.10.egg-info/entry_points.txt
/home/udezumo/Sirius_ear/install/curvature_local/lib/curvature_local/curvature_local_node
