[0.125s] DEBUG:colcon:Command line arguments: ['/usr/bin/colcon', 'build']
[0.125s] DEBUG:colcon:Parsed command line arguments: Namespace(log_base=None, log_level=None, verb_name='build', build_base='build', install_base='install', merge_install=False, symlink_install=False, test_result_base=None, continue_on_error=False, executor='parallel', parallel_workers=8, event_handlers=None, ignore_user_meta=False, metas=['./colcon.meta'], base_paths=['.'], packages_ignore=None, packages_ignore_regex=None, paths=None, packages_up_to=None, packages_up_to_regex=None, packages_above=None, packages_above_and_dependencies=None, packages_above_depth=None, packages_select_by_dep=None, packages_skip_by_dep=None, packages_skip_up_to=None, packages_select_build_failed=False, packages_skip_build_finished=False, packages_select_test_failures=False, packages_skip_test_passed=False, packages_select=None, packages_skip=None, packages_select_regex=None, packages_skip_regex=None, packages_start=None, packages_end=None, allow_overriding=[], cmake_args=None, cmake_target=None, cmake_target_skip_unavailable=False, cmake_clean_cache=False, cmake_clean_first=False, cmake_force_configure=False, ament_cmake_args=None, catkin_cmake_args=None, catkin_skip_building_tests=False, mixin_files=None, mixin=None, verb_parser=<colcon_mixin.mixin.mixin_argument.MixinArgumentDecorator object at 0x7318d31ec880>, verb_extension=<colcon_core.verb.build.BuildVerb object at 0x7318d33f9f30>, main=<bound method BuildVerb.main of <colcon_core.verb.build.BuildVerb object at 0x7318d33f9f30>>, mixin_verb=('build',))
[0.296s] Level 1:colcon.colcon_core.package_discovery:discover_packages(colcon_meta) check parameters
[0.296s] Level 1:colcon.colcon_core.package_discovery:discover_packages(recursive) check parameters
[0.296s] Level 1:colcon.colcon_core.package_discovery:discover_packages(ignore) check parameters
[0.296s] Level 1:colcon.colcon_core.package_discovery:discover_packages(path) check parameters
[0.296s] Level 1:colcon.colcon_core.package_discovery:discover_packages(colcon_meta) discover
[0.296s] Level 1:colcon.colcon_core.package_discovery:discover_packages(recursive) discover
[0.296s] INFO:colcon.colcon_core.package_discovery:Crawling recursively for packages in '/home/udezumo/Sirius_ear'
[0.296s] Level 1:colcon.colcon_core.package_identification:_identify(.) by extensions ['ignore', 'ignore_ament_install']
[0.296s] Level 1:colcon.colcon_core.package_identification:_identify(.) by extension 'ignore'
[0.296s] Level 1:colcon.colcon_core.package_identification:_identify(.) by extension 'ignore_ament_install'
[0.296s] Level 1:colcon.colcon_core.package_identification:_identify(.) by extensions ['colcon_pkg']
[0.296s] Level 1:colcon.colcon_core.package_identification:_identify(.) by extension 'colcon_pkg'
[0.296s] Level 1:colcon.colcon_core.package_identification:_identify(.) by extensions ['colcon_meta']
[0.296s] Level 1:colcon.colcon_core.package_identification:_identify(.) by extension 'colcon_meta'
[0.296s] Level 1:colcon.colcon_core.package_identification:_identify(.) by extensions ['ros']
[0.296s] Level 1:colcon.colcon_core.package_identification:_identify(.) by extension 'ros'
[0.310s] Level 1:colcon.colcon_core.package_identification:_identify(.) by extensions ['cmake', 'python']
[0.310s] Level 1:colcon.colcon_core.package_identification:_identify(.) by extension 'cmake'
[0.310s] Level 1:colcon.colcon_core.package_identification:_identify(.) by extension 'python'
[0.310s] Level 1:colcon.colcon_core.package_identification:_identify(.) by extensions ['python_setup_py']
[0.310s] Level 1:colcon.colcon_core.package_identification:_identify(.) by extension 'python_setup_py'
[0.310s] Level 1:colcon.colcon_core.package_identification:_identify(build) by extensions ['ignore', 'ignore_ament_install']
[0.310s] Level 1:colcon.colcon_core.package_identification:_identify(build) by extension 'ignore'
[0.310s] Level 1:colcon.colcon_core.package_identification:_identify(build) ignored
[0.310s] Level 1:colcon.colcon_core.package_identification:_identify(install) by extensions ['ignore', 'ignore_ament_install']
[0.310s] Level 1:colcon.colcon_core.package_identification:_identify(install) by extension 'ignore'
[0.310s] Level 1:colcon.colcon_core.package_identification:_identify(install) ignored
[0.310s] Level 1:colcon.colcon_core.package_identification:_identify(log) by extensions ['ignore', 'ignore_ament_install']
[0.311s] Level 1:colcon.colcon_core.package_identification:_identify(log) by extension 'ignore'
[0.311s] Level 1:colcon.colcon_core.package_identification:_identify(log) ignored
[0.311s] Level 1:colcon.colcon_core.package_identification:_identify(src) by extensions ['ignore', 'ignore_ament_install']
[0.311s] Level 1:colcon.colcon_core.package_identification:_identify(src) by extension 'ignore'
[0.311s] Level 1:colcon.colcon_core.package_identification:_identify(src) by extension 'ignore_ament_install'
[0.311s] Level 1:colcon.colcon_core.package_identification:_identify(src) by extensions ['colcon_pkg']
[0.311s] Level 1:colcon.colcon_core.package_identification:_identify(src) by extension 'colcon_pkg'
[0.311s] Level 1:colcon.colcon_core.package_identification:_identify(src) by extensions ['colcon_meta']
[0.311s] Level 1:colcon.colcon_core.package_identification:_identify(src) by extension 'colcon_meta'
[0.311s] Level 1:colcon.colcon_core.package_identification:_identify(src) by extensions ['ros']
[0.311s] Level 1:colcon.colcon_core.package_identification:_identify(src) by extension 'ros'
[0.311s] Level 1:colcon.colcon_core.package_identification:_identify(src) by extensions ['cmake', 'python']
[0.311s] Level 1:colcon.colcon_core.package_identification:_identify(src) by extension 'cmake'
[0.311s] Level 1:colcon.colcon_core.package_identification:_identify(src) by extension 'python'
[0.311s] Level 1:colcon.colcon_core.package_identification:_identify(src) by extensions ['python_setup_py']
[0.311s] Level 1:colcon.colcon_core.package_identification:_identify(src) by extension 'python_setup_py'
[0.311s] Level 1:colcon.colcon_core.package_identification:_identify(src/bluetooth) by extensions ['ignore', 'ignore_ament_install']
[0.311s] Level 1:colcon.colcon_core.package_identification:_identify(src/bluetooth) by extension 'ignore'
[0.312s] Level 1:colcon.colcon_core.package_identification:_identify(src/bluetooth) by extension 'ignore_ament_install'
[0.312s] Level 1:colcon.colcon_core.package_identification:_identify(src/bluetooth) by extensions ['colcon_pkg']
[0.312s] Level 1:colcon.colcon_core.package_identification:_identify(src/bluetooth) by extension 'colcon_pkg'
[0.312s] Level 1:colcon.colcon_core.package_identification:_identify(src/bluetooth) by extensions ['colcon_meta']
[0.312s] Level 1:colcon.colcon_core.package_identification:_identify(src/bluetooth) by extension 'colcon_meta'
[0.312s] Level 1:colcon.colcon_core.package_identification:_identify(src/bluetooth) by extensions ['ros']
[0.312s] Level 1:colcon.colcon_core.package_identification:_identify(src/bluetooth) by extension 'ros'
[0.315s] DEBUG:colcon.colcon_core.package_identification:Package 'src/bluetooth' with type 'ros.ament_python' and name 'bluetooth'
[0.315s] Level 1:colcon.colcon_core.package_identification:_identify(src/curvature) by extensions ['ignore', 'ignore_ament_install']
[0.315s] Level 1:colcon.colcon_core.package_identification:_identify(src/curvature) by extension 'ignore'
[0.315s] Level 1:colcon.colcon_core.package_identification:_identify(src/curvature) by extension 'ignore_ament_install'
[0.315s] Level 1:colcon.colcon_core.package_identification:_identify(src/curvature) by extensions ['colcon_pkg']
[0.315s] Level 1:colcon.colcon_core.package_identification:_identify(src/curvature) by extension 'colcon_pkg'
[0.315s] Level 1:colcon.colcon_core.package_identification:_identify(src/curvature) by extensions ['colcon_meta']
[0.316s] Level 1:colcon.colcon_core.package_identification:_identify(src/curvature) by extension 'colcon_meta'
[0.316s] Level 1:colcon.colcon_core.package_identification:_identify(src/curvature) by extensions ['ros']
[0.316s] Level 1:colcon.colcon_core.package_identification:_identify(src/curvature) by extension 'ros'
[0.326s] DEBUG:colcon.colcon_core.package_identification:Package 'src/curvature' with type 'ros.ament_python' and name 'curvature'
[0.326s] Level 1:colcon.colcon_core.package_identification:_identify(src/curvature_local) by extensions ['ignore', 'ignore_ament_install']
[0.326s] Level 1:colcon.colcon_core.package_identification:_identify(src/curvature_local) by extension 'ignore'
[0.326s] Level 1:colcon.colcon_core.package_identification:_identify(src/curvature_local) by extension 'ignore_ament_install'
[0.326s] Level 1:colcon.colcon_core.package_identification:_identify(src/curvature_local) by extensions ['colcon_pkg']
[0.326s] Level 1:colcon.colcon_core.package_identification:_identify(src/curvature_local) by extension 'colcon_pkg'
[0.326s] Level 1:colcon.colcon_core.package_identification:_identify(src/curvature_local) by extensions ['colcon_meta']
[0.326s] Level 1:colcon.colcon_core.package_identification:_identify(src/curvature_local) by extension 'colcon_meta'
[0.326s] Level 1:colcon.colcon_core.package_identification:_identify(src/curvature_local) by extensions ['ros']
[0.326s] Level 1:colcon.colcon_core.package_identification:_identify(src/curvature_local) by extension 'ros'
[0.327s] DEBUG:colcon.colcon_core.package_identification:Package 'src/curvature_local' with type 'ros.ament_python' and name 'curvature_local'
[0.327s] Level 1:colcon.colcon_core.package_identification:_identify(src/path_debug) by extensions ['ignore', 'ignore_ament_install']
[0.327s] Level 1:colcon.colcon_core.package_identification:_identify(src/path_debug) by extension 'ignore'
[0.327s] Level 1:colcon.colcon_core.package_identification:_identify(src/path_debug) by extension 'ignore_ament_install'
[0.327s] Level 1:colcon.colcon_core.package_identification:_identify(src/path_debug) by extensions ['colcon_pkg']
[0.327s] Level 1:colcon.colcon_core.package_identification:_identify(src/path_debug) by extension 'colcon_pkg'
[0.327s] Level 1:colcon.colcon_core.package_identification:_identify(src/path_debug) by extensions ['colcon_meta']
[0.327s] Level 1:colcon.colcon_core.package_identification:_identify(src/path_debug) by extension 'colcon_meta'
[0.327s] Level 1:colcon.colcon_core.package_identification:_identify(src/path_debug) by extensions ['ros']
[0.327s] Level 1:colcon.colcon_core.package_identification:_identify(src/path_debug) by extension 'ros'
[0.328s] DEBUG:colcon.colcon_core.package_identification:Package 'src/path_debug' with type 'ros.ament_python' and name 'path_debug'
[0.328s] Level 1:colcon.colcon_core.package_identification:_identify(src/path_listener) by extensions ['ignore', 'ignore_ament_install']
[0.328s] Level 1:colcon.colcon_core.package_identification:_identify(src/path_listener) by extension 'ignore'
[0.328s] Level 1:colcon.colcon_core.package_identification:_identify(src/path_listener) by extension 'ignore_ament_install'
[0.328s] Level 1:colcon.colcon_core.package_identification:_identify(src/path_listener) by extensions ['colcon_pkg']
[0.328s] Level 1:colcon.colcon_core.package_identification:_identify(src/path_listener) by extension 'colcon_pkg'
[0.328s] Level 1:colcon.colcon_core.package_identification:_identify(src/path_listener) by extensions ['colcon_meta']
[0.328s] Level 1:colcon.colcon_core.package_identification:_identify(src/path_listener) by extension 'colcon_meta'
[0.328s] Level 1:colcon.colcon_core.package_identification:_identify(src/path_listener) by extensions ['ros']
[0.328s] Level 1:colcon.colcon_core.package_identification:_identify(src/path_listener) by extension 'ros'
[0.329s] DEBUG:colcon.colcon_core.package_identification:Package 'src/path_listener' with type 'ros.ament_python' and name 'path_listener'
[0.329s] Level 1:colcon.colcon_core.package_discovery:discover_packages(recursive) using defaults
[0.329s] Level 1:colcon.colcon_core.package_discovery:discover_packages(ignore) discover
[0.329s] Level 1:colcon.colcon_core.package_discovery:discover_packages(ignore) using defaults
[0.329s] Level 1:colcon.colcon_core.package_discovery:discover_packages(path) discover
[0.329s] Level 1:colcon.colcon_core.package_discovery:discover_packages(path) using defaults
[0.356s] Level 1:colcon.colcon_core.package_discovery:discover_packages(prefix_path) check parameters
[0.356s] Level 1:colcon.colcon_core.package_discovery:discover_packages(prefix_path) discover
[0.357s] DEBUG:colcon.colcon_installed_package_information.package_discovery:Found 5 installed packages in /home/udezumo/Sirius_ear/install
[0.359s] DEBUG:colcon.colcon_installed_package_information.package_discovery:Found 439 installed packages in /opt/ros/humble
[0.363s] Level 1:colcon.colcon_core.package_discovery:discover_packages(prefix_path) using defaults
[0.421s] Level 5:colcon.colcon_core.verb:set package 'bluetooth' build argument 'cmake_args' from command line to 'None'
[0.421s] Level 5:colcon.colcon_core.verb:set package 'bluetooth' build argument 'cmake_target' from command line to 'None'
[0.421s] Level 5:colcon.colcon_core.verb:set package 'bluetooth' build argument 'cmake_target_skip_unavailable' from command line to 'False'
[0.421s] Level 5:colcon.colcon_core.verb:set package 'bluetooth' build argument 'cmake_clean_cache' from command line to 'False'
[0.421s] Level 5:colcon.colcon_core.verb:set package 'bluetooth' build argument 'cmake_clean_first' from command line to 'False'
[0.421s] Level 5:colcon.colcon_core.verb:set package 'bluetooth' build argument 'cmake_force_configure' from command line to 'False'
[0.421s] Level 5:colcon.colcon_core.verb:set package 'bluetooth' build argument 'ament_cmake_args' from command line to 'None'
[0.421s] Level 5:colcon.colcon_core.verb:set package 'bluetooth' build argument 'catkin_cmake_args' from command line to 'None'
[0.421s] Level 5:colcon.colcon_core.verb:set package 'bluetooth' build argument 'catkin_skip_building_tests' from command line to 'False'
[0.421s] DEBUG:colcon.colcon_core.verb:Building package 'bluetooth' with the following arguments: {'ament_cmake_args': None, 'build_base': '/home/udezumo/Sirius_ear/build/bluetooth', 'catkin_cmake_args': None, 'catkin_skip_building_tests': False, 'cmake_args': None, 'cmake_clean_cache': False, 'cmake_clean_first': False, 'cmake_force_configure': False, 'cmake_target': None, 'cmake_target_skip_unavailable': False, 'install_base': '/home/udezumo/Sirius_ear/install/bluetooth', 'merge_install': False, 'path': '/home/udezumo/Sirius_ear/src/bluetooth', 'symlink_install': False, 'test_result_base': None}
[0.422s] Level 5:colcon.colcon_core.verb:set package 'curvature' build argument 'cmake_args' from command line to 'None'
[0.422s] Level 5:colcon.colcon_core.verb:set package 'curvature' build argument 'cmake_target' from command line to 'None'
[0.422s] Level 5:colcon.colcon_core.verb:set package 'curvature' build argument 'cmake_target_skip_unavailable' from command line to 'False'
[0.422s] Level 5:colcon.colcon_core.verb:set package 'curvature' build argument 'cmake_clean_cache' from command line to 'False'
[0.422s] Level 5:colcon.colcon_core.verb:set package 'curvature' build argument 'cmake_clean_first' from command line to 'False'
[0.422s] Level 5:colcon.colcon_core.verb:set package 'curvature' build argument 'cmake_force_configure' from command line to 'False'
[0.422s] Level 5:colcon.colcon_core.verb:set package 'curvature' build argument 'ament_cmake_args' from command line to 'None'
[0.422s] Level 5:colcon.colcon_core.verb:set package 'curvature' build argument 'catkin_cmake_args' from command line to 'None'
[0.422s] Level 5:colcon.colcon_core.verb:set package 'curvature' build argument 'catkin_skip_building_tests' from command line to 'False'
[0.422s] DEBUG:colcon.colcon_core.verb:Building package 'curvature' with the following arguments: {'ament_cmake_args': None, 'build_base': '/home/udezumo/Sirius_ear/build/curvature', 'catkin_cmake_args': None, 'catkin_skip_building_tests': False, 'cmake_args': None, 'cmake_clean_cache': False, 'cmake_clean_first': False, 'cmake_force_configure': False, 'cmake_target': None, 'cmake_target_skip_unavailable': False, 'install_base': '/home/udezumo/Sirius_ear/install/curvature', 'merge_install': False, 'path': '/home/udezumo/Sirius_ear/src/curvature', 'symlink_install': False, 'test_result_base': None}
[0.423s] Level 5:colcon.colcon_core.verb:set package 'curvature_local' build argument 'cmake_args' from command line to 'None'
[0.423s] Level 5:colcon.colcon_core.verb:set package 'curvature_local' build argument 'cmake_target' from command line to 'None'
[0.423s] Level 5:colcon.colcon_core.verb:set package 'curvature_local' build argument 'cmake_target_skip_unavailable' from command line to 'False'
[0.423s] Level 5:colcon.colcon_core.verb:set package 'curvature_local' build argument 'cmake_clean_cache' from command line to 'False'
[0.423s] Level 5:colcon.colcon_core.verb:set package 'curvature_local' build argument 'cmake_clean_first' from command line to 'False'
[0.423s] Level 5:colcon.colcon_core.verb:set package 'curvature_local' build argument 'cmake_force_configure' from command line to 'False'
[0.423s] Level 5:colcon.colcon_core.verb:set package 'curvature_local' build argument 'ament_cmake_args' from command line to 'None'
[0.423s] Level 5:colcon.colcon_core.verb:set package 'curvature_local' build argument 'catkin_cmake_args' from command line to 'None'
[0.423s] Level 5:colcon.colcon_core.verb:set package 'curvature_local' build argument 'catkin_skip_building_tests' from command line to 'False'
[0.423s] DEBUG:colcon.colcon_core.verb:Building package 'curvature_local' with the following arguments: {'ament_cmake_args': None, 'build_base': '/home/udezumo/Sirius_ear/build/curvature_local', 'catkin_cmake_args': None, 'catkin_skip_building_tests': False, 'cmake_args': None, 'cmake_clean_cache': False, 'cmake_clean_first': False, 'cmake_force_configure': False, 'cmake_target': None, 'cmake_target_skip_unavailable': False, 'install_base': '/home/udezumo/Sirius_ear/install/curvature_local', 'merge_install': False, 'path': '/home/udezumo/Sirius_ear/src/curvature_local', 'symlink_install': False, 'test_result_base': None}
[0.423s] Level 5:colcon.colcon_core.verb:set package 'path_debug' build argument 'cmake_args' from command line to 'None'
[0.423s] Level 5:colcon.colcon_core.verb:set package 'path_debug' build argument 'cmake_target' from command line to 'None'
[0.423s] Level 5:colcon.colcon_core.verb:set package 'path_debug' build argument 'cmake_target_skip_unavailable' from command line to 'False'
[0.423s] Level 5:colcon.colcon_core.verb:set package 'path_debug' build argument 'cmake_clean_cache' from command line to 'False'
[0.423s] Level 5:colcon.colcon_core.verb:set package 'path_debug' build argument 'cmake_clean_first' from command line to 'False'
[0.423s] Level 5:colcon.colcon_core.verb:set package 'path_debug' build argument 'cmake_force_configure' from command line to 'False'
[0.423s] Level 5:colcon.colcon_core.verb:set package 'path_debug' build argument 'ament_cmake_args' from command line to 'None'
[0.423s] Level 5:colcon.colcon_core.verb:set package 'path_debug' build argument 'catkin_cmake_args' from command line to 'None'
[0.423s] Level 5:colcon.colcon_core.verb:set package 'path_debug' build argument 'catkin_skip_building_tests' from command line to 'False'
[0.423s] DEBUG:colcon.colcon_core.verb:Building package 'path_debug' with the following arguments: {'ament_cmake_args': None, 'build_base': '/home/udezumo/Sirius_ear/build/path_debug', 'catkin_cmake_args': None, 'catkin_skip_building_tests': False, 'cmake_args': None, 'cmake_clean_cache': False, 'cmake_clean_first': False, 'cmake_force_configure': False, 'cmake_target': None, 'cmake_target_skip_unavailable': False, 'install_base': '/home/udezumo/Sirius_ear/install/path_debug', 'merge_install': False, 'path': '/home/udezumo/Sirius_ear/src/path_debug', 'symlink_install': False, 'test_result_base': None}
[0.424s] Level 5:colcon.colcon_core.verb:set package 'path_listener' build argument 'cmake_args' from command line to 'None'
[0.424s] Level 5:colcon.colcon_core.verb:set package 'path_listener' build argument 'cmake_target' from command line to 'None'
[0.424s] Level 5:colcon.colcon_core.verb:set package 'path_listener' build argument 'cmake_target_skip_unavailable' from command line to 'False'
[0.424s] Level 5:colcon.colcon_core.verb:set package 'path_listener' build argument 'cmake_clean_cache' from command line to 'False'
[0.424s] Level 5:colcon.colcon_core.verb:set package 'path_listener' build argument 'cmake_clean_first' from command line to 'False'
[0.424s] Level 5:colcon.colcon_core.verb:set package 'path_listener' build argument 'cmake_force_configure' from command line to 'False'
[0.424s] Level 5:colcon.colcon_core.verb:set package 'path_listener' build argument 'ament_cmake_args' from command line to 'None'
[0.424s] Level 5:colcon.colcon_core.verb:set package 'path_listener' build argument 'catkin_cmake_args' from command line to 'None'
[0.424s] Level 5:colcon.colcon_core.verb:set package 'path_listener' build argument 'catkin_skip_building_tests' from command line to 'False'
[0.424s] DEBUG:colcon.colcon_core.verb:Building package 'path_listener' with the following arguments: {'ament_cmake_args': None, 'build_base': '/home/udezumo/Sirius_ear/build/path_listener', 'catkin_cmake_args': None, 'catkin_skip_building_tests': False, 'cmake_args': None, 'cmake_clean_cache': False, 'cmake_clean_first': False, 'cmake_force_configure': False, 'cmake_target': None, 'cmake_target_skip_unavailable': False, 'install_base': '/home/udezumo/Sirius_ear/install/path_listener', 'merge_install': False, 'path': '/home/udezumo/Sirius_ear/src/path_listener', 'symlink_install': False, 'test_result_base': None}
[0.424s] INFO:colcon.colcon_core.executor:Executing jobs using 'parallel' executor
[0.427s] DEBUG:colcon.colcon_parallel_executor.executor.parallel:run_until_complete
[0.428s] INFO:colcon.colcon_ros.task.ament_python.build:Building ROS package in '/home/udezumo/Sirius_ear/src/bluetooth' with build type 'ament_python'
[0.428s] Level 1:colcon.colcon_core.shell:create_environment_hook('bluetooth', 'ament_prefix_path')
[0.431s] INFO:colcon.colcon_core.plugin_system:Skipping extension 'colcon_core.shell.bat': Not used on non-Windows systems
[0.431s] INFO:colcon.colcon_core.shell:Creating environment hook '/home/udezumo/Sirius_ear/install/bluetooth/share/bluetooth/hook/ament_prefix_path.ps1'
[0.432s] INFO:colcon.colcon_core.shell:Creating environment descriptor '/home/udezumo/Sirius_ear/install/bluetooth/share/bluetooth/hook/ament_prefix_path.dsv'
[0.433s] INFO:colcon.colcon_core.shell:Creating environment hook '/home/udezumo/Sirius_ear/install/bluetooth/share/bluetooth/hook/ament_prefix_path.sh'
[0.433s] INFO:colcon.colcon_core.shell:Skip shell extension 'powershell' for command environment: Not usable outside of PowerShell
[0.433s] DEBUG:colcon.colcon_core.shell:Skip shell extension 'dsv' for command environment
[0.437s] INFO:colcon.colcon_ros.task.ament_python.build:Building ROS package in '/home/udezumo/Sirius_ear/src/curvature' with build type 'ament_python'
[0.437s] Level 1:colcon.colcon_core.shell:create_environment_hook('curvature', 'ament_prefix_path')
[0.437s] INFO:colcon.colcon_core.shell:Creating environment hook '/home/udezumo/Sirius_ear/install/curvature/share/curvature/hook/ament_prefix_path.ps1'
[0.438s] INFO:colcon.colcon_core.shell:Creating environment descriptor '/home/udezumo/Sirius_ear/install/curvature/share/curvature/hook/ament_prefix_path.dsv'
[0.438s] INFO:colcon.colcon_core.shell:Creating environment hook '/home/udezumo/Sirius_ear/install/curvature/share/curvature/hook/ament_prefix_path.sh'
[0.438s] INFO:colcon.colcon_core.shell:Skip shell extension 'powershell' for command environment: Not usable outside of PowerShell
[0.438s] DEBUG:colcon.colcon_core.shell:Skip shell extension 'dsv' for command environment
[0.445s] INFO:colcon.colcon_ros.task.ament_python.build:Building ROS package in '/home/udezumo/Sirius_ear/src/curvature_local' with build type 'ament_python'
[0.445s] Level 1:colcon.colcon_core.shell:create_environment_hook('curvature_local', 'ament_prefix_path')
[0.446s] INFO:colcon.colcon_core.shell:Creating environment hook '/home/udezumo/Sirius_ear/install/curvature_local/share/curvature_local/hook/ament_prefix_path.ps1'
[0.448s] INFO:colcon.colcon_core.shell:Creating environment descriptor '/home/udezumo/Sirius_ear/install/curvature_local/share/curvature_local/hook/ament_prefix_path.dsv'
[0.450s] INFO:colcon.colcon_core.shell:Creating environment hook '/home/udezumo/Sirius_ear/install/curvature_local/share/curvature_local/hook/ament_prefix_path.sh'
[0.452s] INFO:colcon.colcon_core.shell:Skip shell extension 'powershell' for command environment: Not usable outside of PowerShell
[0.452s] DEBUG:colcon.colcon_core.shell:Skip shell extension 'dsv' for command environment
[0.456s] INFO:colcon.colcon_ros.task.ament_python.build:Building ROS package in '/home/udezumo/Sirius_ear/src/path_debug' with build type 'ament_python'
[0.457s] Level 1:colcon.colcon_core.shell:create_environment_hook('path_debug', 'ament_prefix_path')
[0.458s] INFO:colcon.colcon_core.shell:Creating environment hook '/home/udezumo/Sirius_ear/install/path_debug/share/path_debug/hook/ament_prefix_path.ps1'
[0.460s] INFO:colcon.colcon_core.shell:Creating environment descriptor '/home/udezumo/Sirius_ear/install/path_debug/share/path_debug/hook/ament_prefix_path.dsv'
[0.461s] INFO:colcon.colcon_core.shell:Creating environment hook '/home/udezumo/Sirius_ear/install/path_debug/share/path_debug/hook/ament_prefix_path.sh'
[0.463s] INFO:colcon.colcon_core.shell:Skip shell extension 'powershell' for command environment: Not usable outside of PowerShell
[0.463s] DEBUG:colcon.colcon_core.shell:Skip shell extension 'dsv' for command environment
[0.468s] INFO:colcon.colcon_ros.task.ament_python.build:Building ROS package in '/home/udezumo/Sirius_ear/src/path_listener' with build type 'ament_python'
[0.469s] Level 1:colcon.colcon_core.shell:create_environment_hook('path_listener', 'ament_prefix_path')
[0.469s] INFO:colcon.colcon_core.shell:Creating environment hook '/home/udezumo/Sirius_ear/install/path_listener/share/path_listener/hook/ament_prefix_path.ps1'
[0.470s] INFO:colcon.colcon_core.shell:Creating environment descriptor '/home/udezumo/Sirius_ear/install/path_listener/share/path_listener/hook/ament_prefix_path.dsv'
[0.470s] INFO:colcon.colcon_core.shell:Creating environment hook '/home/udezumo/Sirius_ear/install/path_listener/share/path_listener/hook/ament_prefix_path.sh'
[0.471s] INFO:colcon.colcon_core.shell:Skip shell extension 'powershell' for command environment: Not usable outside of PowerShell
[0.471s] DEBUG:colcon.colcon_core.shell:Skip shell extension 'dsv' for command environment
[0.783s] INFO:colcon.colcon_core.task.python.build:Building Python package in '/home/udezumo/Sirius_ear/src/bluetooth'
[0.784s] INFO:colcon.colcon_core.shell:Skip shell extension 'powershell' for command environment: Not usable outside of PowerShell
[0.784s] DEBUG:colcon.colcon_core.shell:Skip shell extension 'dsv' for command environment
[1.098s] INFO:colcon.colcon_core.task.python.build:Building Python package in '/home/udezumo/Sirius_ear/src/curvature'
[1.099s] INFO:colcon.colcon_core.shell:Skip shell extension 'powershell' for command environment: Not usable outside of PowerShell
[1.100s] DEBUG:colcon.colcon_core.shell:Skip shell extension 'dsv' for command environment
[1.405s] INFO:colcon.colcon_core.task.python.build:Building Python package in '/home/udezumo/Sirius_ear/src/curvature_local'
[1.406s] INFO:colcon.colcon_core.shell:Skip shell extension 'powershell' for command environment: Not usable outside of PowerShell
[1.406s] DEBUG:colcon.colcon_core.shell:Skip shell extension 'dsv' for command environment
[1.729s] INFO:colcon.colcon_core.task.python.build:Building Python package in '/home/udezumo/Sirius_ear/src/path_debug'
[1.730s] INFO:colcon.colcon_core.shell:Skip shell extension 'powershell' for command environment: Not usable outside of PowerShell
[1.730s] DEBUG:colcon.colcon_core.shell:Skip shell extension 'dsv' for command environment
[2.019s] INFO:colcon.colcon_core.task.python.build:Building Python package in '/home/udezumo/Sirius_ear/src/path_listener'
[2.019s] INFO:colcon.colcon_core.shell:Skip shell extension 'powershell' for command environment: Not usable outside of PowerShell
[2.019s] DEBUG:colcon.colcon_core.shell:Skip shell extension 'dsv' for command environment
[2.710s] DEBUG:colcon.colcon_core.event_handler.log_command:Invoking command in '/home/udezumo/Sirius_ear/src/curvature_local': PYTHONPATH=/home/udezumo/Sirius_ear/build/curvature_local/prefix_override:/usr/lib/python3/dist-packages/colcon_core/task/python/colcon_distutils_commands:/home/udezumo/Sirius_ear/install/curvature_local/lib/python3.10/site-packages:${PYTHONPATH} /usr/bin/python3 -W ignore:setup.py install is deprecated -W ignore:easy_install command is deprecated setup.py egg_info --egg-base ../../build/curvature_local build --build-base /home/udezumo/Sirius_ear/build/curvature_local/build install --record /home/udezumo/Sirius_ear/build/curvature_local/install.log --single-version-externally-managed install_data
[2.714s] DEBUG:colcon.colcon_core.event_handler.log_command:Invoking command in '/home/udezumo/Sirius_ear/src/path_debug': PYTHONPATH=/home/udezumo/Sirius_ear/build/path_debug/prefix_override:/usr/lib/python3/dist-packages/colcon_core/task/python/colcon_distutils_commands:/home/udezumo/Sirius_ear/install/path_debug/lib/python3.10/site-packages:${PYTHONPATH} /usr/bin/python3 -W ignore:setup.py install is deprecated -W ignore:easy_install command is deprecated setup.py egg_info --egg-base ../../build/path_debug build --build-base /home/udezumo/Sirius_ear/build/path_debug/build install --record /home/udezumo/Sirius_ear/build/path_debug/install.log --single-version-externally-managed install_data
[2.807s] DEBUG:colcon.colcon_core.event_handler.log_command:Invoking command in '/home/udezumo/Sirius_ear/src/bluetooth': PYTHONPATH=/home/udezumo/Sirius_ear/build/bluetooth/prefix_override:/usr/lib/python3/dist-packages/colcon_core/task/python/colcon_distutils_commands:/home/udezumo/Sirius_ear/install/bluetooth/lib/python3.10/site-packages:${PYTHONPATH} /usr/bin/python3 -W ignore:setup.py install is deprecated -W ignore:easy_install command is deprecated setup.py egg_info --egg-base ../../build/bluetooth build --build-base /home/udezumo/Sirius_ear/build/bluetooth/build install --record /home/udezumo/Sirius_ear/build/bluetooth/install.log --single-version-externally-managed install_data
[2.825s] DEBUG:colcon.colcon_core.event_handler.log_command:Invoking command in '/home/udezumo/Sirius_ear/src/curvature': PYTHONPATH=/home/udezumo/Sirius_ear/build/curvature/prefix_override:/usr/lib/python3/dist-packages/colcon_core/task/python/colcon_distutils_commands:/home/udezumo/Sirius_ear/install/curvature/lib/python3.10/site-packages:${PYTHONPATH} /usr/bin/python3 -W ignore:setup.py install is deprecated -W ignore:easy_install command is deprecated setup.py egg_info --egg-base ../../build/curvature build --build-base /home/udezumo/Sirius_ear/build/curvature/build install --record /home/udezumo/Sirius_ear/build/curvature/install.log --single-version-externally-managed install_data
[2.838s] DEBUG:colcon.colcon_core.event_handler.log_command:Invoking command in '/home/udezumo/Sirius_ear/src/path_listener': PYTHONPATH=/home/udezumo/Sirius_ear/build/path_listener/prefix_override:/usr/lib/python3/dist-packages/colcon_core/task/python/colcon_distutils_commands:/home/udezumo/Sirius_ear/install/path_listener/lib/python3.10/site-packages:${PYTHONPATH} /usr/bin/python3 -W ignore:setup.py install is deprecated -W ignore:easy_install command is deprecated setup.py egg_info --egg-base ../../build/path_listener build --build-base /home/udezumo/Sirius_ear/build/path_listener/build install --record /home/udezumo/Sirius_ear/build/path_listener/install.log --single-version-externally-managed install_data
[3.261s] DEBUG:colcon.colcon_core.event_handler.log_command:Invoked command in '/home/udezumo/Sirius_ear/src/path_debug' returned '0': PYTHONPATH=/home/udezumo/Sirius_ear/build/path_debug/prefix_override:/usr/lib/python3/dist-packages/colcon_core/task/python/colcon_distutils_commands:/home/udezumo/Sirius_ear/install/path_debug/lib/python3.10/site-packages:${PYTHONPATH} /usr/bin/python3 -W ignore:setup.py install is deprecated -W ignore:easy_install command is deprecated setup.py egg_info --egg-base ../../build/path_debug build --build-base /home/udezumo/Sirius_ear/build/path_debug/build install --record /home/udezumo/Sirius_ear/build/path_debug/install.log --single-version-externally-managed install_data
[3.267s] Level 1:colcon.colcon_core.environment:checking '/home/udezumo/Sirius_ear/install/path_debug' for CMake module files
[3.268s] Level 1:colcon.colcon_core.environment:checking '/home/udezumo/Sirius_ear/install/path_debug' for CMake config files
[3.268s] Level 1:colcon.colcon_core.environment:checking '/home/udezumo/Sirius_ear/install/path_debug/lib'
[3.269s] Level 1:colcon.colcon_core.environment:checking '/home/udezumo/Sirius_ear/install/path_debug/bin'
[3.269s] Level 1:colcon.colcon_core.environment:checking '/home/udezumo/Sirius_ear/install/path_debug/lib/pkgconfig/path_debug.pc'
[3.269s] Level 1:colcon.colcon_core.environment:checking '/home/udezumo/Sirius_ear/install/path_debug/lib/python3.10/site-packages'
[3.269s] Level 1:colcon.colcon_core.shell:create_environment_hook('path_debug', 'pythonpath')
[3.269s] INFO:colcon.colcon_core.shell:Creating environment hook '/home/udezumo/Sirius_ear/install/path_debug/share/path_debug/hook/pythonpath.ps1'
[3.271s] INFO:colcon.colcon_core.shell:Creating environment descriptor '/home/udezumo/Sirius_ear/install/path_debug/share/path_debug/hook/pythonpath.dsv'
[3.271s] INFO:colcon.colcon_core.shell:Creating environment hook '/home/udezumo/Sirius_ear/install/path_debug/share/path_debug/hook/pythonpath.sh'
[3.272s] Level 1:colcon.colcon_core.environment:checking '/home/udezumo/Sirius_ear/install/path_debug/bin'
[3.272s] Level 1:colcon.colcon_core.environment:create_environment_scripts_only(path_debug)
[3.273s] INFO:colcon.colcon_core.shell:Creating package script '/home/udezumo/Sirius_ear/install/path_debug/share/path_debug/package.ps1'
[3.274s] INFO:colcon.colcon_core.shell:Creating package descriptor '/home/udezumo/Sirius_ear/install/path_debug/share/path_debug/package.dsv'
[3.275s] INFO:colcon.colcon_core.shell:Creating package script '/home/udezumo/Sirius_ear/install/path_debug/share/path_debug/package.sh'
[3.276s] INFO:colcon.colcon_core.shell:Creating package script '/home/udezumo/Sirius_ear/install/path_debug/share/path_debug/package.bash'
[3.281s] INFO:colcon.colcon_core.shell:Creating package script '/home/udezumo/Sirius_ear/install/path_debug/share/path_debug/package.zsh'
[3.283s] Level 1:colcon.colcon_core.environment:create_file_with_runtime_dependencies(/home/udezumo/Sirius_ear/install/path_debug/share/colcon-core/packages/path_debug)
[3.370s] Level 1:colcon.colcon_core.environment:checking '/home/udezumo/Sirius_ear/install/bluetooth' for CMake module files
[3.372s] DEBUG:colcon.colcon_core.event_handler.log_command:Invoked command in '/home/udezumo/Sirius_ear/src/bluetooth' returned '0': PYTHONPATH=/home/udezumo/Sirius_ear/build/bluetooth/prefix_override:/usr/lib/python3/dist-packages/colcon_core/task/python/colcon_distutils_commands:/home/udezumo/Sirius_ear/install/bluetooth/lib/python3.10/site-packages:${PYTHONPATH} /usr/bin/python3 -W ignore:setup.py install is deprecated -W ignore:easy_install command is deprecated setup.py egg_info --egg-base ../../build/bluetooth build --build-base /home/udezumo/Sirius_ear/build/bluetooth/build install --record /home/udezumo/Sirius_ear/build/bluetooth/install.log --single-version-externally-managed install_data
[3.374s] Level 1:colcon.colcon_core.environment:checking '/home/udezumo/Sirius_ear/install/bluetooth' for CMake config files
[3.375s] Level 1:colcon.colcon_core.environment:checking '/home/udezumo/Sirius_ear/install/bluetooth/lib'
[3.375s] Level 1:colcon.colcon_core.environment:checking '/home/udezumo/Sirius_ear/install/bluetooth/bin'
[3.376s] Level 1:colcon.colcon_core.environment:checking '/home/udezumo/Sirius_ear/install/bluetooth/lib/pkgconfig/bluetooth.pc'
[3.376s] Level 1:colcon.colcon_core.environment:checking '/home/udezumo/Sirius_ear/install/bluetooth/lib/python3.10/site-packages'
[3.377s] Level 1:colcon.colcon_core.shell:create_environment_hook('bluetooth', 'pythonpath')
[3.377s] INFO:colcon.colcon_core.shell:Creating environment hook '/home/udezumo/Sirius_ear/install/bluetooth/share/bluetooth/hook/pythonpath.ps1'
[3.378s] INFO:colcon.colcon_core.shell:Creating environment descriptor '/home/udezumo/Sirius_ear/install/bluetooth/share/bluetooth/hook/pythonpath.dsv'
[3.379s] INFO:colcon.colcon_core.shell:Creating environment hook '/home/udezumo/Sirius_ear/install/bluetooth/share/bluetooth/hook/pythonpath.sh'
[3.382s] Level 1:colcon.colcon_core.environment:checking '/home/udezumo/Sirius_ear/install/bluetooth/bin'
[3.382s] Level 1:colcon.colcon_core.environment:create_environment_scripts_only(bluetooth)
[3.384s] INFO:colcon.colcon_core.shell:Creating package script '/home/udezumo/Sirius_ear/install/bluetooth/share/bluetooth/package.ps1'
[3.386s] INFO:colcon.colcon_core.shell:Creating package descriptor '/home/udezumo/Sirius_ear/install/bluetooth/share/bluetooth/package.dsv'
[3.387s] INFO:colcon.colcon_core.shell:Creating package script '/home/udezumo/Sirius_ear/install/bluetooth/share/bluetooth/package.sh'
[3.388s] INFO:colcon.colcon_core.shell:Creating package script '/home/udezumo/Sirius_ear/install/bluetooth/share/bluetooth/package.bash'
[3.389s] INFO:colcon.colcon_core.shell:Creating package script '/home/udezumo/Sirius_ear/install/bluetooth/share/bluetooth/package.zsh'
[3.390s] Level 1:colcon.colcon_core.environment:create_file_with_runtime_dependencies(/home/udezumo/Sirius_ear/install/bluetooth/share/colcon-core/packages/bluetooth)
[3.399s] Level 1:colcon.colcon_core.environment:checking '/home/udezumo/Sirius_ear/install/curvature_local' for CMake module files
[3.400s] Level 1:colcon.colcon_core.environment:checking '/home/udezumo/Sirius_ear/install/curvature_local' for CMake config files
[3.401s] DEBUG:colcon.colcon_core.event_handler.log_command:Invoked command in '/home/udezumo/Sirius_ear/src/curvature_local' returned '0': PYTHONPATH=/home/udezumo/Sirius_ear/build/curvature_local/prefix_override:/usr/lib/python3/dist-packages/colcon_core/task/python/colcon_distutils_commands:/home/udezumo/Sirius_ear/install/curvature_local/lib/python3.10/site-packages:${PYTHONPATH} /usr/bin/python3 -W ignore:setup.py install is deprecated -W ignore:easy_install command is deprecated setup.py egg_info --egg-base ../../build/curvature_local build --build-base /home/udezumo/Sirius_ear/build/curvature_local/build install --record /home/udezumo/Sirius_ear/build/curvature_local/install.log --single-version-externally-managed install_data
[3.404s] Level 1:colcon.colcon_core.environment:checking '/home/udezumo/Sirius_ear/install/curvature_local/lib'
[3.405s] Level 1:colcon.colcon_core.environment:checking '/home/udezumo/Sirius_ear/install/curvature_local/bin'
[3.406s] Level 1:colcon.colcon_core.environment:checking '/home/udezumo/Sirius_ear/install/curvature_local/lib/pkgconfig/curvature_local.pc'
[3.406s] Level 1:colcon.colcon_core.environment:checking '/home/udezumo/Sirius_ear/install/curvature_local/lib/python3.10/site-packages'
[3.406s] Level 1:colcon.colcon_core.shell:create_environment_hook('curvature_local', 'pythonpath')
[3.408s] INFO:colcon.colcon_core.shell:Creating environment hook '/home/udezumo/Sirius_ear/install/curvature_local/share/curvature_local/hook/pythonpath.ps1'
[3.409s] INFO:colcon.colcon_core.shell:Creating environment descriptor '/home/udezumo/Sirius_ear/install/curvature_local/share/curvature_local/hook/pythonpath.dsv'
[3.410s] INFO:colcon.colcon_core.shell:Creating environment hook '/home/udezumo/Sirius_ear/install/curvature_local/share/curvature_local/hook/pythonpath.sh'
[3.411s] Level 1:colcon.colcon_core.environment:checking '/home/udezumo/Sirius_ear/install/curvature_local/bin'
[3.411s] Level 1:colcon.colcon_core.environment:create_environment_scripts_only(curvature_local)
[3.412s] INFO:colcon.colcon_core.shell:Creating package script '/home/udezumo/Sirius_ear/install/curvature_local/share/curvature_local/package.ps1'
[3.412s] INFO:colcon.colcon_core.shell:Creating package descriptor '/home/udezumo/Sirius_ear/install/curvature_local/share/curvature_local/package.dsv'
[3.413s] INFO:colcon.colcon_core.shell:Creating package script '/home/udezumo/Sirius_ear/install/curvature_local/share/curvature_local/package.sh'
[3.413s] INFO:colcon.colcon_core.shell:Creating package script '/home/udezumo/Sirius_ear/install/curvature_local/share/curvature_local/package.bash'
[3.414s] INFO:colcon.colcon_core.shell:Creating package script '/home/udezumo/Sirius_ear/install/curvature_local/share/curvature_local/package.zsh'
[3.414s] Level 1:colcon.colcon_core.environment:create_file_with_runtime_dependencies(/home/udezumo/Sirius_ear/install/curvature_local/share/colcon-core/packages/curvature_local)
[3.418s] Level 1:colcon.colcon_core.environment:checking '/home/udezumo/Sirius_ear/install/path_listener' for CMake module files
[3.419s] Level 1:colcon.colcon_core.environment:checking '/home/udezumo/Sirius_ear/install/path_listener' for CMake config files
[3.420s] Level 1:colcon.colcon_core.environment:checking '/home/udezumo/Sirius_ear/install/path_listener/lib'
[3.421s] Level 1:colcon.colcon_core.environment:checking '/home/udezumo/Sirius_ear/install/path_listener/bin'
[3.421s] Level 1:colcon.colcon_core.environment:checking '/home/udezumo/Sirius_ear/install/path_listener/lib/pkgconfig/path_listener.pc'
[3.421s] Level 1:colcon.colcon_core.environment:checking '/home/udezumo/Sirius_ear/install/path_listener/lib/python3.10/site-packages'
[3.421s] Level 1:colcon.colcon_core.shell:create_environment_hook('path_listener', 'pythonpath')
[3.422s] INFO:colcon.colcon_core.shell:Creating environment hook '/home/udezumo/Sirius_ear/install/path_listener/share/path_listener/hook/pythonpath.ps1'
[3.424s] INFO:colcon.colcon_core.shell:Creating environment descriptor '/home/udezumo/Sirius_ear/install/path_listener/share/path_listener/hook/pythonpath.dsv'
[3.425s] DEBUG:colcon.colcon_core.event_handler.log_command:Invoked command in '/home/udezumo/Sirius_ear/src/path_listener' returned '0': PYTHONPATH=/home/udezumo/Sirius_ear/build/path_listener/prefix_override:/usr/lib/python3/dist-packages/colcon_core/task/python/colcon_distutils_commands:/home/udezumo/Sirius_ear/install/path_listener/lib/python3.10/site-packages:${PYTHONPATH} /usr/bin/python3 -W ignore:setup.py install is deprecated -W ignore:easy_install command is deprecated setup.py egg_info --egg-base ../../build/path_listener build --build-base /home/udezumo/Sirius_ear/build/path_listener/build install --record /home/udezumo/Sirius_ear/build/path_listener/install.log --single-version-externally-managed install_data
[3.426s] INFO:colcon.colcon_core.shell:Creating environment hook '/home/udezumo/Sirius_ear/install/path_listener/share/path_listener/hook/pythonpath.sh'
[3.429s] Level 1:colcon.colcon_core.environment:checking '/home/udezumo/Sirius_ear/install/path_listener/bin'
[3.429s] Level 1:colcon.colcon_core.environment:create_environment_scripts_only(path_listener)
[3.429s] INFO:colcon.colcon_core.shell:Creating package script '/home/udezumo/Sirius_ear/install/path_listener/share/path_listener/package.ps1'
[3.430s] INFO:colcon.colcon_core.shell:Creating package descriptor '/home/udezumo/Sirius_ear/install/path_listener/share/path_listener/package.dsv'
[3.431s] INFO:colcon.colcon_core.shell:Creating package script '/home/udezumo/Sirius_ear/install/path_listener/share/path_listener/package.sh'
[3.431s] INFO:colcon.colcon_core.shell:Creating package script '/home/udezumo/Sirius_ear/install/path_listener/share/path_listener/package.bash'
[3.431s] INFO:colcon.colcon_core.shell:Creating package script '/home/udezumo/Sirius_ear/install/path_listener/share/path_listener/package.zsh'
[3.432s] Level 1:colcon.colcon_core.environment:create_file_with_runtime_dependencies(/home/udezumo/Sirius_ear/install/path_listener/share/colcon-core/packages/path_listener)
[3.473s] Level 1:colcon.colcon_core.environment:checking '/home/udezumo/Sirius_ear/install/curvature' for CMake module files
[3.474s] Level 1:colcon.colcon_core.environment:checking '/home/udezumo/Sirius_ear/install/curvature' for CMake config files
[3.476s] DEBUG:colcon.colcon_core.event_handler.log_command:Invoked command in '/home/udezumo/Sirius_ear/src/curvature' returned '0': PYTHONPATH=/home/udezumo/Sirius_ear/build/curvature/prefix_override:/usr/lib/python3/dist-packages/colcon_core/task/python/colcon_distutils_commands:/home/udezumo/Sirius_ear/install/curvature/lib/python3.10/site-packages:${PYTHONPATH} /usr/bin/python3 -W ignore:setup.py install is deprecated -W ignore:easy_install command is deprecated setup.py egg_info --egg-base ../../build/curvature build --build-base /home/udezumo/Sirius_ear/build/curvature/build install --record /home/udezumo/Sirius_ear/build/curvature/install.log --single-version-externally-managed install_data
[3.477s] Level 1:colcon.colcon_core.environment:checking '/home/udezumo/Sirius_ear/install/curvature/lib'
[3.477s] Level 1:colcon.colcon_core.environment:checking '/home/udezumo/Sirius_ear/install/curvature/bin'
[3.477s] Level 1:colcon.colcon_core.environment:checking '/home/udezumo/Sirius_ear/install/curvature/lib/pkgconfig/curvature.pc'
[3.478s] Level 1:colcon.colcon_core.environment:checking '/home/udezumo/Sirius_ear/install/curvature/lib/python3.10/site-packages'
[3.478s] Level 1:colcon.colcon_core.shell:create_environment_hook('curvature', 'pythonpath')
[3.478s] INFO:colcon.colcon_core.shell:Creating environment hook '/home/udezumo/Sirius_ear/install/curvature/share/curvature/hook/pythonpath.ps1'
[3.479s] INFO:colcon.colcon_core.shell:Creating environment descriptor '/home/udezumo/Sirius_ear/install/curvature/share/curvature/hook/pythonpath.dsv'
[3.481s] INFO:colcon.colcon_core.shell:Creating environment hook '/home/udezumo/Sirius_ear/install/curvature/share/curvature/hook/pythonpath.sh'
[3.484s] Level 1:colcon.colcon_core.environment:checking '/home/udezumo/Sirius_ear/install/curvature/bin'
[3.485s] Level 1:colcon.colcon_core.environment:create_environment_scripts_only(curvature)
[3.488s] INFO:colcon.colcon_core.shell:Creating package script '/home/udezumo/Sirius_ear/install/curvature/share/curvature/package.ps1'
[3.493s] INFO:colcon.colcon_core.shell:Creating package descriptor '/home/udezumo/Sirius_ear/install/curvature/share/curvature/package.dsv'
[3.495s] INFO:colcon.colcon_core.shell:Creating package script '/home/udezumo/Sirius_ear/install/curvature/share/curvature/package.sh'
[3.497s] INFO:colcon.colcon_core.shell:Creating package script '/home/udezumo/Sirius_ear/install/curvature/share/curvature/package.bash'
[3.499s] INFO:colcon.colcon_core.shell:Creating package script '/home/udezumo/Sirius_ear/install/curvature/share/curvature/package.zsh'
[3.500s] Level 1:colcon.colcon_core.environment:create_file_with_runtime_dependencies(/home/udezumo/Sirius_ear/install/curvature/share/colcon-core/packages/curvature)
[3.500s] DEBUG:colcon.colcon_parallel_executor.executor.parallel:closing loop
[3.501s] DEBUG:colcon.colcon_parallel_executor.executor.parallel:loop closed
[3.501s] DEBUG:colcon.colcon_parallel_executor.executor.parallel:run_until_complete finished with '0'
[3.501s] DEBUG:colcon.colcon_core.event_reactor:joining thread
[3.518s] INFO:colcon.colcon_core.plugin_system:Skipping extension 'colcon_notification.desktop_notification.terminal_notifier': Not used on non-Darwin systems
[3.519s] INFO:colcon.colcon_core.plugin_system:Skipping extension 'colcon_notification.desktop_notification.win32': Not used on non-Windows systems
[3.519s] INFO:colcon.colcon_notification.desktop_notification:Sending desktop notification using 'notify2'
[3.544s] DEBUG:colcon.colcon_core.event_reactor:joined thread
[3.547s] INFO:colcon.colcon_core.shell:Creating prefix script '/home/udezumo/Sirius_ear/install/local_setup.ps1'
[3.550s] INFO:colcon.colcon_core.shell:Creating prefix util module '/home/udezumo/Sirius_ear/install/_local_setup_util_ps1.py'
[3.554s] INFO:colcon.colcon_core.shell:Creating prefix chain script '/home/udezumo/Sirius_ear/install/setup.ps1'
[3.556s] INFO:colcon.colcon_core.shell:Creating prefix script '/home/udezumo/Sirius_ear/install/local_setup.sh'
[3.556s] INFO:colcon.colcon_core.shell:Creating prefix util module '/home/udezumo/Sirius_ear/install/_local_setup_util_sh.py'
[3.558s] INFO:colcon.colcon_core.shell:Creating prefix chain script '/home/udezumo/Sirius_ear/install/setup.sh'
[3.561s] INFO:colcon.colcon_core.shell:Creating prefix script '/home/udezumo/Sirius_ear/install/local_setup.bash'
[3.562s] INFO:colcon.colcon_core.shell:Creating prefix chain script '/home/udezumo/Sirius_ear/install/setup.bash'
[3.566s] INFO:colcon.colcon_core.shell:Creating prefix script '/home/udezumo/Sirius_ear/install/local_setup.zsh'
[3.567s] INFO:colcon.colcon_core.shell:Creating prefix chain script '/home/udezumo/Sirius_ear/install/setup.zsh'
