[0.095s] DEBUG:colcon:Command line arguments: ['/usr/bin/colcon', 'build']
[0.095s] DEBUG:colcon:Parsed command line arguments: Namespace(log_base=None, log_level=None, verb_name='build', build_base='build', install_base='install', merge_install=False, symlink_install=False, test_result_base=None, continue_on_error=False, executor='parallel', parallel_workers=8, event_handlers=None, ignore_user_meta=False, metas=['./colcon.meta'], base_paths=['.'], packages_ignore=None, packages_ignore_regex=None, paths=None, packages_up_to=None, packages_up_to_regex=None, packages_above=None, packages_above_and_dependencies=None, packages_above_depth=None, packages_select_by_dep=None, packages_skip_by_dep=None, packages_skip_up_to=None, packages_select_build_failed=False, packages_skip_build_finished=False, packages_select_test_failures=False, packages_skip_test_passed=False, packages_select=None, packages_skip=None, packages_select_regex=None, packages_skip_regex=None, packages_start=None, packages_end=None, allow_overriding=[], cmake_args=None, cmake_target=None, cmake_target_skip_unavailable=False, cmake_clean_cache=False, cmake_clean_first=False, cmake_force_configure=False, ament_cmake_args=None, catkin_cmake_args=None, catkin_skip_building_tests=False, mixin_files=None, mixin=None, verb_parser=<colcon_mixin.mixin.mixin_argument.MixinArgumentDecorator object at 0x7ba1e7184880>, verb_extension=<colcon_core.verb.build.BuildVerb object at 0x7ba1e710df30>, main=<bound method BuildVerb.main of <colcon_core.verb.build.BuildVerb object at 0x7ba1e710df30>>, mixin_verb=('build',))
[0.247s] Level 1:colcon.colcon_core.package_discovery:discover_packages(colcon_meta) check parameters
[0.247s] Level 1:colcon.colcon_core.package_discovery:discover_packages(recursive) check parameters
[0.247s] Level 1:colcon.colcon_core.package_discovery:discover_packages(ignore) check parameters
[0.247s] Level 1:colcon.colcon_core.package_discovery:discover_packages(path) check parameters
[0.247s] Level 1:colcon.colcon_core.package_discovery:discover_packages(colcon_meta) discover
[0.247s] Level 1:colcon.colcon_core.package_discovery:discover_packages(recursive) discover
[0.247s] INFO:colcon.colcon_core.package_discovery:Crawling recursively for packages in '/home/udezumo/Sirius_ear'
[0.247s] Level 1:colcon.colcon_core.package_identification:_identify(.) by extensions ['ignore', 'ignore_ament_install']
[0.247s] Level 1:colcon.colcon_core.package_identification:_identify(.) by extension 'ignore'
[0.247s] Level 1:colcon.colcon_core.package_identification:_identify(.) by extension 'ignore_ament_install'
[0.247s] Level 1:colcon.colcon_core.package_identification:_identify(.) by extensions ['colcon_pkg']
[0.247s] Level 1:colcon.colcon_core.package_identification:_identify(.) by extension 'colcon_pkg'
[0.247s] Level 1:colcon.colcon_core.package_identification:_identify(.) by extensions ['colcon_meta']
[0.248s] Level 1:colcon.colcon_core.package_identification:_identify(.) by extension 'colcon_meta'
[0.248s] Level 1:colcon.colcon_core.package_identification:_identify(.) by extensions ['ros']
[0.248s] Level 1:colcon.colcon_core.package_identification:_identify(.) by extension 'ros'
[0.259s] Level 1:colcon.colcon_core.package_identification:_identify(.) by extensions ['cmake', 'python']
[0.259s] Level 1:colcon.colcon_core.package_identification:_identify(.) by extension 'cmake'
[0.259s] Level 1:colcon.colcon_core.package_identification:_identify(.) by extension 'python'
[0.259s] Level 1:colcon.colcon_core.package_identification:_identify(.) by extensions ['python_setup_py']
[0.259s] Level 1:colcon.colcon_core.package_identification:_identify(.) by extension 'python_setup_py'
[0.259s] Level 1:colcon.colcon_core.package_identification:_identify(build) by extensions ['ignore', 'ignore_ament_install']
[0.259s] Level 1:colcon.colcon_core.package_identification:_identify(build) by extension 'ignore'
[0.259s] Level 1:colcon.colcon_core.package_identification:_identify(build) ignored
[0.259s] Level 1:colcon.colcon_core.package_identification:_identify(install) by extensions ['ignore', 'ignore_ament_install']
[0.259s] Level 1:colcon.colcon_core.package_identification:_identify(install) by extension 'ignore'
[0.259s] Level 1:colcon.colcon_core.package_identification:_identify(install) ignored
[0.259s] Level 1:colcon.colcon_core.package_identification:_identify(log) by extensions ['ignore', 'ignore_ament_install']
[0.260s] Level 1:colcon.colcon_core.package_identification:_identify(log) by extension 'ignore'
[0.260s] Level 1:colcon.colcon_core.package_identification:_identify(log) ignored
[0.260s] Level 1:colcon.colcon_core.package_identification:_identify(src) by extensions ['ignore', 'ignore_ament_install']
[0.260s] Level 1:colcon.colcon_core.package_identification:_identify(src) by extension 'ignore'
[0.260s] Level 1:colcon.colcon_core.package_identification:_identify(src) by extension 'ignore_ament_install'
[0.260s] Level 1:colcon.colcon_core.package_identification:_identify(src) by extensions ['colcon_pkg']
[0.260s] Level 1:colcon.colcon_core.package_identification:_identify(src) by extension 'colcon_pkg'
[0.260s] Level 1:colcon.colcon_core.package_identification:_identify(src) by extensions ['colcon_meta']
[0.260s] Level 1:colcon.colcon_core.package_identification:_identify(src) by extension 'colcon_meta'
[0.260s] Level 1:colcon.colcon_core.package_identification:_identify(src) by extensions ['ros']
[0.260s] Level 1:colcon.colcon_core.package_identification:_identify(src) by extension 'ros'
[0.260s] Level 1:colcon.colcon_core.package_identification:_identify(src) by extensions ['cmake', 'python']
[0.260s] Level 1:colcon.colcon_core.package_identification:_identify(src) by extension 'cmake'
[0.260s] Level 1:colcon.colcon_core.package_identification:_identify(src) by extension 'python'
[0.260s] Level 1:colcon.colcon_core.package_identification:_identify(src) by extensions ['python_setup_py']
[0.260s] Level 1:colcon.colcon_core.package_identification:_identify(src) by extension 'python_setup_py'
[0.260s] Level 1:colcon.colcon_core.package_identification:_identify(src/bluetooth) by extensions ['ignore', 'ignore_ament_install']
[0.260s] Level 1:colcon.colcon_core.package_identification:_identify(src/bluetooth) by extension 'ignore'
[0.260s] Level 1:colcon.colcon_core.package_identification:_identify(src/bluetooth) by extension 'ignore_ament_install'
[0.260s] Level 1:colcon.colcon_core.package_identification:_identify(src/bluetooth) by extensions ['colcon_pkg']
[0.260s] Level 1:colcon.colcon_core.package_identification:_identify(src/bluetooth) by extension 'colcon_pkg'
[0.261s] Level 1:colcon.colcon_core.package_identification:_identify(src/bluetooth) by extensions ['colcon_meta']
[0.261s] Level 1:colcon.colcon_core.package_identification:_identify(src/bluetooth) by extension 'colcon_meta'
[0.261s] Level 1:colcon.colcon_core.package_identification:_identify(src/bluetooth) by extensions ['ros']
[0.261s] Level 1:colcon.colcon_core.package_identification:_identify(src/bluetooth) by extension 'ros'
[0.262s] DEBUG:colcon.colcon_core.package_identification:Package 'src/bluetooth' with type 'ros.ament_python' and name 'bluetooth'
[0.263s] Level 1:colcon.colcon_core.package_identification:_identify(src/curvature) by extensions ['ignore', 'ignore_ament_install']
[0.263s] Level 1:colcon.colcon_core.package_identification:_identify(src/curvature) by extension 'ignore'
[0.263s] Level 1:colcon.colcon_core.package_identification:_identify(src/curvature) by extension 'ignore_ament_install'
[0.263s] Level 1:colcon.colcon_core.package_identification:_identify(src/curvature) by extensions ['colcon_pkg']
[0.263s] Level 1:colcon.colcon_core.package_identification:_identify(src/curvature) by extension 'colcon_pkg'
[0.263s] Level 1:colcon.colcon_core.package_identification:_identify(src/curvature) by extensions ['colcon_meta']
[0.263s] Level 1:colcon.colcon_core.package_identification:_identify(src/curvature) by extension 'colcon_meta'
[0.263s] Level 1:colcon.colcon_core.package_identification:_identify(src/curvature) by extensions ['ros']
[0.263s] Level 1:colcon.colcon_core.package_identification:_identify(src/curvature) by extension 'ros'
[0.270s] DEBUG:colcon.colcon_core.package_identification:Package 'src/curvature' with type 'ros.ament_python' and name 'curvature'
[0.270s] Level 1:colcon.colcon_core.package_identification:_identify(src/curvature_local) by extensions ['ignore', 'ignore_ament_install']
[0.271s] Level 1:colcon.colcon_core.package_identification:_identify(src/curvature_local) by extension 'ignore'
[0.271s] Level 1:colcon.colcon_core.package_identification:_identify(src/curvature_local) by extension 'ignore_ament_install'
[0.271s] Level 1:colcon.colcon_core.package_identification:_identify(src/curvature_local) by extensions ['colcon_pkg']
[0.271s] Level 1:colcon.colcon_core.package_identification:_identify(src/curvature_local) by extension 'colcon_pkg'
[0.271s] Level 1:colcon.colcon_core.package_identification:_identify(src/curvature_local) by extensions ['colcon_meta']
[0.271s] Level 1:colcon.colcon_core.package_identification:_identify(src/curvature_local) by extension 'colcon_meta'
[0.271s] Level 1:colcon.colcon_core.package_identification:_identify(src/curvature_local) by extensions ['ros']
[0.271s] Level 1:colcon.colcon_core.package_identification:_identify(src/curvature_local) by extension 'ros'
[0.271s] DEBUG:colcon.colcon_core.package_identification:Package 'src/curvature_local' with type 'ros.ament_python' and name 'curvature_local'
[0.271s] Level 1:colcon.colcon_core.package_identification:_identify(src/path_debug) by extensions ['ignore', 'ignore_ament_install']
[0.271s] Level 1:colcon.colcon_core.package_identification:_identify(src/path_debug) by extension 'ignore'
[0.271s] Level 1:colcon.colcon_core.package_identification:_identify(src/path_debug) by extension 'ignore_ament_install'
[0.272s] Level 1:colcon.colcon_core.package_identification:_identify(src/path_debug) by extensions ['colcon_pkg']
[0.272s] Level 1:colcon.colcon_core.package_identification:_identify(src/path_debug) by extension 'colcon_pkg'
[0.272s] Level 1:colcon.colcon_core.package_identification:_identify(src/path_debug) by extensions ['colcon_meta']
[0.272s] Level 1:colcon.colcon_core.package_identification:_identify(src/path_debug) by extension 'colcon_meta'
[0.272s] Level 1:colcon.colcon_core.package_identification:_identify(src/path_debug) by extensions ['ros']
[0.272s] Level 1:colcon.colcon_core.package_identification:_identify(src/path_debug) by extension 'ros'
[0.272s] DEBUG:colcon.colcon_core.package_identification:Package 'src/path_debug' with type 'ros.ament_python' and name 'path_debug'
[0.272s] Level 1:colcon.colcon_core.package_identification:_identify(src/path_listener) by extensions ['ignore', 'ignore_ament_install']
[0.272s] Level 1:colcon.colcon_core.package_identification:_identify(src/path_listener) by extension 'ignore'
[0.272s] Level 1:colcon.colcon_core.package_identification:_identify(src/path_listener) by extension 'ignore_ament_install'
[0.272s] Level 1:colcon.colcon_core.package_identification:_identify(src/path_listener) by extensions ['colcon_pkg']
[0.272s] Level 1:colcon.colcon_core.package_identification:_identify(src/path_listener) by extension 'colcon_pkg'
[0.272s] Level 1:colcon.colcon_core.package_identification:_identify(src/path_listener) by extensions ['colcon_meta']
[0.273s] Level 1:colcon.colcon_core.package_identification:_identify(src/path_listener) by extension 'colcon_meta'
[0.273s] Level 1:colcon.colcon_core.package_identification:_identify(src/path_listener) by extensions ['ros']
[0.273s] Level 1:colcon.colcon_core.package_identification:_identify(src/path_listener) by extension 'ros'
[0.273s] DEBUG:colcon.colcon_core.package_identification:Package 'src/path_listener' with type 'ros.ament_python' and name 'path_listener'
[0.273s] Level 1:colcon.colcon_core.package_discovery:discover_packages(recursive) using defaults
[0.273s] Level 1:colcon.colcon_core.package_discovery:discover_packages(ignore) discover
[0.273s] Level 1:colcon.colcon_core.package_discovery:discover_packages(ignore) using defaults
[0.273s] Level 1:colcon.colcon_core.package_discovery:discover_packages(path) discover
[0.273s] Level 1:colcon.colcon_core.package_discovery:discover_packages(path) using defaults
[0.291s] Level 1:colcon.colcon_core.package_discovery:discover_packages(prefix_path) check parameters
[0.292s] Level 1:colcon.colcon_core.package_discovery:discover_packages(prefix_path) discover
[0.293s] DEBUG:colcon.colcon_installed_package_information.package_discovery:Found 5 installed packages in /home/udezumo/Sirius_ear/install
[0.294s] DEBUG:colcon.colcon_installed_package_information.package_discovery:Found 439 installed packages in /opt/ros/humble
[0.296s] Level 1:colcon.colcon_core.package_discovery:discover_packages(prefix_path) using defaults
[0.332s] Level 5:colcon.colcon_core.verb:set package 'bluetooth' build argument 'cmake_args' from command line to 'None'
[0.332s] Level 5:colcon.colcon_core.verb:set package 'bluetooth' build argument 'cmake_target' from command line to 'None'
[0.332s] Level 5:colcon.colcon_core.verb:set package 'bluetooth' build argument 'cmake_target_skip_unavailable' from command line to 'False'
[0.332s] Level 5:colcon.colcon_core.verb:set package 'bluetooth' build argument 'cmake_clean_cache' from command line to 'False'
[0.332s] Level 5:colcon.colcon_core.verb:set package 'bluetooth' build argument 'cmake_clean_first' from command line to 'False'
[0.332s] Level 5:colcon.colcon_core.verb:set package 'bluetooth' build argument 'cmake_force_configure' from command line to 'False'
[0.332s] Level 5:colcon.colcon_core.verb:set package 'bluetooth' build argument 'ament_cmake_args' from command line to 'None'
[0.332s] Level 5:colcon.colcon_core.verb:set package 'bluetooth' build argument 'catkin_cmake_args' from command line to 'None'
[0.332s] Level 5:colcon.colcon_core.verb:set package 'bluetooth' build argument 'catkin_skip_building_tests' from command line to 'False'
[0.332s] DEBUG:colcon.colcon_core.verb:Building package 'bluetooth' with the following arguments: {'ament_cmake_args': None, 'build_base': '/home/udezumo/Sirius_ear/build/bluetooth', 'catkin_cmake_args': None, 'catkin_skip_building_tests': False, 'cmake_args': None, 'cmake_clean_cache': False, 'cmake_clean_first': False, 'cmake_force_configure': False, 'cmake_target': None, 'cmake_target_skip_unavailable': False, 'install_base': '/home/udezumo/Sirius_ear/install/bluetooth', 'merge_install': False, 'path': '/home/udezumo/Sirius_ear/src/bluetooth', 'symlink_install': False, 'test_result_base': None}
[0.333s] Level 5:colcon.colcon_core.verb:set package 'curvature' build argument 'cmake_args' from command line to 'None'
[0.333s] Level 5:colcon.colcon_core.verb:set package 'curvature' build argument 'cmake_target' from command line to 'None'
[0.333s] Level 5:colcon.colcon_core.verb:set package 'curvature' build argument 'cmake_target_skip_unavailable' from command line to 'False'
[0.333s] Level 5:colcon.colcon_core.verb:set package 'curvature' build argument 'cmake_clean_cache' from command line to 'False'
[0.333s] Level 5:colcon.colcon_core.verb:set package 'curvature' build argument 'cmake_clean_first' from command line to 'False'
[0.333s] Level 5:colcon.colcon_core.verb:set package 'curvature' build argument 'cmake_force_configure' from command line to 'False'
[0.333s] Level 5:colcon.colcon_core.verb:set package 'curvature' build argument 'ament_cmake_args' from command line to 'None'
[0.333s] Level 5:colcon.colcon_core.verb:set package 'curvature' build argument 'catkin_cmake_args' from command line to 'None'
[0.333s] Level 5:colcon.colcon_core.verb:set package 'curvature' build argument 'catkin_skip_building_tests' from command line to 'False'
[0.333s] DEBUG:colcon.colcon_core.verb:Building package 'curvature' with the following arguments: {'ament_cmake_args': None, 'build_base': '/home/udezumo/Sirius_ear/build/curvature', 'catkin_cmake_args': None, 'catkin_skip_building_tests': False, 'cmake_args': None, 'cmake_clean_cache': False, 'cmake_clean_first': False, 'cmake_force_configure': False, 'cmake_target': None, 'cmake_target_skip_unavailable': False, 'install_base': '/home/udezumo/Sirius_ear/install/curvature', 'merge_install': False, 'path': '/home/udezumo/Sirius_ear/src/curvature', 'symlink_install': False, 'test_result_base': None}
[0.333s] Level 5:colcon.colcon_core.verb:set package 'curvature_local' build argument 'cmake_args' from command line to 'None'
[0.333s] Level 5:colcon.colcon_core.verb:set package 'curvature_local' build argument 'cmake_target' from command line to 'None'
[0.333s] Level 5:colcon.colcon_core.verb:set package 'curvature_local' build argument 'cmake_target_skip_unavailable' from command line to 'False'
[0.333s] Level 5:colcon.colcon_core.verb:set package 'curvature_local' build argument 'cmake_clean_cache' from command line to 'False'
[0.333s] Level 5:colcon.colcon_core.verb:set package 'curvature_local' build argument 'cmake_clean_first' from command line to 'False'
[0.333s] Level 5:colcon.colcon_core.verb:set package 'curvature_local' build argument 'cmake_force_configure' from command line to 'False'
[0.333s] Level 5:colcon.colcon_core.verb:set package 'curvature_local' build argument 'ament_cmake_args' from command line to 'None'
[0.333s] Level 5:colcon.colcon_core.verb:set package 'curvature_local' build argument 'catkin_cmake_args' from command line to 'None'
[0.333s] Level 5:colcon.colcon_core.verb:set package 'curvature_local' build argument 'catkin_skip_building_tests' from command line to 'False'
[0.333s] DEBUG:colcon.colcon_core.verb:Building package 'curvature_local' with the following arguments: {'ament_cmake_args': None, 'build_base': '/home/udezumo/Sirius_ear/build/curvature_local', 'catkin_cmake_args': None, 'catkin_skip_building_tests': False, 'cmake_args': None, 'cmake_clean_cache': False, 'cmake_clean_first': False, 'cmake_force_configure': False, 'cmake_target': None, 'cmake_target_skip_unavailable': False, 'install_base': '/home/udezumo/Sirius_ear/install/curvature_local', 'merge_install': False, 'path': '/home/udezumo/Sirius_ear/src/curvature_local', 'symlink_install': False, 'test_result_base': None}
[0.333s] Level 5:colcon.colcon_core.verb:set package 'path_debug' build argument 'cmake_args' from command line to 'None'
[0.333s] Level 5:colcon.colcon_core.verb:set package 'path_debug' build argument 'cmake_target' from command line to 'None'
[0.333s] Level 5:colcon.colcon_core.verb:set package 'path_debug' build argument 'cmake_target_skip_unavailable' from command line to 'False'
[0.333s] Level 5:colcon.colcon_core.verb:set package 'path_debug' build argument 'cmake_clean_cache' from command line to 'False'
[0.333s] Level 5:colcon.colcon_core.verb:set package 'path_debug' build argument 'cmake_clean_first' from command line to 'False'
[0.333s] Level 5:colcon.colcon_core.verb:set package 'path_debug' build argument 'cmake_force_configure' from command line to 'False'
[0.333s] Level 5:colcon.colcon_core.verb:set package 'path_debug' build argument 'ament_cmake_args' from command line to 'None'
[0.333s] Level 5:colcon.colcon_core.verb:set package 'path_debug' build argument 'catkin_cmake_args' from command line to 'None'
[0.333s] Level 5:colcon.colcon_core.verb:set package 'path_debug' build argument 'catkin_skip_building_tests' from command line to 'False'
[0.334s] DEBUG:colcon.colcon_core.verb:Building package 'path_debug' with the following arguments: {'ament_cmake_args': None, 'build_base': '/home/udezumo/Sirius_ear/build/path_debug', 'catkin_cmake_args': None, 'catkin_skip_building_tests': False, 'cmake_args': None, 'cmake_clean_cache': False, 'cmake_clean_first': False, 'cmake_force_configure': False, 'cmake_target': None, 'cmake_target_skip_unavailable': False, 'install_base': '/home/udezumo/Sirius_ear/install/path_debug', 'merge_install': False, 'path': '/home/udezumo/Sirius_ear/src/path_debug', 'symlink_install': False, 'test_result_base': None}
[0.334s] Level 5:colcon.colcon_core.verb:set package 'path_listener' build argument 'cmake_args' from command line to 'None'
[0.334s] Level 5:colcon.colcon_core.verb:set package 'path_listener' build argument 'cmake_target' from command line to 'None'
[0.334s] Level 5:colcon.colcon_core.verb:set package 'path_listener' build argument 'cmake_target_skip_unavailable' from command line to 'False'
[0.334s] Level 5:colcon.colcon_core.verb:set package 'path_listener' build argument 'cmake_clean_cache' from command line to 'False'
[0.334s] Level 5:colcon.colcon_core.verb:set package 'path_listener' build argument 'cmake_clean_first' from command line to 'False'
[0.334s] Level 5:colcon.colcon_core.verb:set package 'path_listener' build argument 'cmake_force_configure' from command line to 'False'
[0.334s] Level 5:colcon.colcon_core.verb:set package 'path_listener' build argument 'ament_cmake_args' from command line to 'None'
[0.334s] Level 5:colcon.colcon_core.verb:set package 'path_listener' build argument 'catkin_cmake_args' from command line to 'None'
[0.334s] Level 5:colcon.colcon_core.verb:set package 'path_listener' build argument 'catkin_skip_building_tests' from command line to 'False'
[0.334s] DEBUG:colcon.colcon_core.verb:Building package 'path_listener' with the following arguments: {'ament_cmake_args': None, 'build_base': '/home/udezumo/Sirius_ear/build/path_listener', 'catkin_cmake_args': None, 'catkin_skip_building_tests': False, 'cmake_args': None, 'cmake_clean_cache': False, 'cmake_clean_first': False, 'cmake_force_configure': False, 'cmake_target': None, 'cmake_target_skip_unavailable': False, 'install_base': '/home/udezumo/Sirius_ear/install/path_listener', 'merge_install': False, 'path': '/home/udezumo/Sirius_ear/src/path_listener', 'symlink_install': False, 'test_result_base': None}
[0.334s] INFO:colcon.colcon_core.executor:Executing jobs using 'parallel' executor
[0.335s] DEBUG:colcon.colcon_parallel_executor.executor.parallel:run_until_complete
[0.335s] INFO:colcon.colcon_ros.task.ament_python.build:Building ROS package in '/home/udezumo/Sirius_ear/src/bluetooth' with build type 'ament_python'
[0.335s] Level 1:colcon.colcon_core.shell:create_environment_hook('bluetooth', 'ament_prefix_path')
[0.337s] INFO:colcon.colcon_core.plugin_system:Skipping extension 'colcon_core.shell.bat': Not used on non-Windows systems
[0.337s] INFO:colcon.colcon_core.shell:Creating environment hook '/home/udezumo/Sirius_ear/install/bluetooth/share/bluetooth/hook/ament_prefix_path.ps1'
[0.337s] INFO:colcon.colcon_core.shell:Creating environment descriptor '/home/udezumo/Sirius_ear/install/bluetooth/share/bluetooth/hook/ament_prefix_path.dsv'
[0.338s] INFO:colcon.colcon_core.shell:Creating environment hook '/home/udezumo/Sirius_ear/install/bluetooth/share/bluetooth/hook/ament_prefix_path.sh'
[0.338s] INFO:colcon.colcon_core.shell:Skip shell extension 'powershell' for command environment: Not usable outside of PowerShell
[0.338s] DEBUG:colcon.colcon_core.shell:Skip shell extension 'dsv' for command environment
[0.341s] INFO:colcon.colcon_ros.task.ament_python.build:Building ROS package in '/home/udezumo/Sirius_ear/src/curvature' with build type 'ament_python'
[0.341s] Level 1:colcon.colcon_core.shell:create_environment_hook('curvature', 'ament_prefix_path')
[0.341s] INFO:colcon.colcon_core.shell:Creating environment hook '/home/udezumo/Sirius_ear/install/curvature/share/curvature/hook/ament_prefix_path.ps1'
[0.342s] INFO:colcon.colcon_core.shell:Creating environment descriptor '/home/udezumo/Sirius_ear/install/curvature/share/curvature/hook/ament_prefix_path.dsv'
[0.342s] INFO:colcon.colcon_core.shell:Creating environment hook '/home/udezumo/Sirius_ear/install/curvature/share/curvature/hook/ament_prefix_path.sh'
[0.343s] INFO:colcon.colcon_core.shell:Skip shell extension 'powershell' for command environment: Not usable outside of PowerShell
[0.343s] DEBUG:colcon.colcon_core.shell:Skip shell extension 'dsv' for command environment
[0.346s] INFO:colcon.colcon_ros.task.ament_python.build:Building ROS package in '/home/udezumo/Sirius_ear/src/curvature_local' with build type 'ament_python'
[0.346s] Level 1:colcon.colcon_core.shell:create_environment_hook('curvature_local', 'ament_prefix_path')
[0.346s] INFO:colcon.colcon_core.shell:Creating environment hook '/home/udezumo/Sirius_ear/install/curvature_local/share/curvature_local/hook/ament_prefix_path.ps1'
[0.346s] INFO:colcon.colcon_core.shell:Creating environment descriptor '/home/udezumo/Sirius_ear/install/curvature_local/share/curvature_local/hook/ament_prefix_path.dsv'
[0.347s] INFO:colcon.colcon_core.shell:Creating environment hook '/home/udezumo/Sirius_ear/install/curvature_local/share/curvature_local/hook/ament_prefix_path.sh'
[0.347s] INFO:colcon.colcon_core.shell:Skip shell extension 'powershell' for command environment: Not usable outside of PowerShell
[0.347s] DEBUG:colcon.colcon_core.shell:Skip shell extension 'dsv' for command environment
[0.353s] INFO:colcon.colcon_ros.task.ament_python.build:Building ROS package in '/home/udezumo/Sirius_ear/src/path_debug' with build type 'ament_python'
[0.353s] Level 1:colcon.colcon_core.shell:create_environment_hook('path_debug', 'ament_prefix_path')
[0.354s] INFO:colcon.colcon_core.shell:Creating environment hook '/home/udezumo/Sirius_ear/install/path_debug/share/path_debug/hook/ament_prefix_path.ps1'
[0.356s] INFO:colcon.colcon_core.shell:Creating environment descriptor '/home/udezumo/Sirius_ear/install/path_debug/share/path_debug/hook/ament_prefix_path.dsv'
[0.356s] INFO:colcon.colcon_core.shell:Creating environment hook '/home/udezumo/Sirius_ear/install/path_debug/share/path_debug/hook/ament_prefix_path.sh'
[0.357s] INFO:colcon.colcon_core.shell:Skip shell extension 'powershell' for command environment: Not usable outside of PowerShell
[0.357s] DEBUG:colcon.colcon_core.shell:Skip shell extension 'dsv' for command environment
[0.363s] INFO:colcon.colcon_ros.task.ament_python.build:Building ROS package in '/home/udezumo/Sirius_ear/src/path_listener' with build type 'ament_python'
[0.363s] Level 1:colcon.colcon_core.shell:create_environment_hook('path_listener', 'ament_prefix_path')
[0.364s] INFO:colcon.colcon_core.shell:Creating environment hook '/home/udezumo/Sirius_ear/install/path_listener/share/path_listener/hook/ament_prefix_path.ps1'
[0.365s] INFO:colcon.colcon_core.shell:Creating environment descriptor '/home/udezumo/Sirius_ear/install/path_listener/share/path_listener/hook/ament_prefix_path.dsv'
[0.365s] INFO:colcon.colcon_core.shell:Creating environment hook '/home/udezumo/Sirius_ear/install/path_listener/share/path_listener/hook/ament_prefix_path.sh'
[0.365s] INFO:colcon.colcon_core.shell:Skip shell extension 'powershell' for command environment: Not usable outside of PowerShell
[0.365s] DEBUG:colcon.colcon_core.shell:Skip shell extension 'dsv' for command environment
[0.605s] INFO:colcon.colcon_core.task.python.build:Building Python package in '/home/udezumo/Sirius_ear/src/bluetooth'
[0.605s] INFO:colcon.colcon_core.shell:Skip shell extension 'powershell' for command environment: Not usable outside of PowerShell
[0.605s] DEBUG:colcon.colcon_core.shell:Skip shell extension 'dsv' for command environment
[0.849s] INFO:colcon.colcon_core.task.python.build:Building Python package in '/home/udezumo/Sirius_ear/src/curvature'
[0.850s] INFO:colcon.colcon_core.shell:Skip shell extension 'powershell' for command environment: Not usable outside of PowerShell
[0.850s] DEBUG:colcon.colcon_core.shell:Skip shell extension 'dsv' for command environment
[1.097s] INFO:colcon.colcon_core.task.python.build:Building Python package in '/home/udezumo/Sirius_ear/src/curvature_local'
[1.098s] INFO:colcon.colcon_core.shell:Skip shell extension 'powershell' for command environment: Not usable outside of PowerShell
[1.098s] DEBUG:colcon.colcon_core.shell:Skip shell extension 'dsv' for command environment
[1.319s] INFO:colcon.colcon_core.task.python.build:Building Python package in '/home/udezumo/Sirius_ear/src/path_debug'
[1.319s] INFO:colcon.colcon_core.shell:Skip shell extension 'powershell' for command environment: Not usable outside of PowerShell
[1.319s] DEBUG:colcon.colcon_core.shell:Skip shell extension 'dsv' for command environment
[1.557s] INFO:colcon.colcon_core.task.python.build:Building Python package in '/home/udezumo/Sirius_ear/src/path_listener'
[1.557s] INFO:colcon.colcon_core.shell:Skip shell extension 'powershell' for command environment: Not usable outside of PowerShell
[1.557s] DEBUG:colcon.colcon_core.shell:Skip shell extension 'dsv' for command environment
[2.038s] DEBUG:colcon.colcon_core.event_handler.log_command:Invoking command in '/home/udezumo/Sirius_ear/src/curvature': PYTHONPATH=/home/udezumo/Sirius_ear/build/curvature/prefix_override:/usr/lib/python3/dist-packages/colcon_core/task/python/colcon_distutils_commands:/home/udezumo/Sirius_ear/install/curvature/lib/python3.10/site-packages:${PYTHONPATH} /usr/bin/python3 -W ignore:setup.py install is deprecated -W ignore:easy_install command is deprecated setup.py egg_info --egg-base ../../build/curvature build --build-base /home/udezumo/Sirius_ear/build/curvature/build install --record /home/udezumo/Sirius_ear/build/curvature/install.log --single-version-externally-managed install_data
[2.052s] DEBUG:colcon.colcon_core.event_handler.log_command:Invoking command in '/home/udezumo/Sirius_ear/src/bluetooth': PYTHONPATH=/home/udezumo/Sirius_ear/build/bluetooth/prefix_override:/usr/lib/python3/dist-packages/colcon_core/task/python/colcon_distutils_commands:/home/udezumo/Sirius_ear/install/bluetooth/lib/python3.10/site-packages:${PYTHONPATH} /usr/bin/python3 -W ignore:setup.py install is deprecated -W ignore:easy_install command is deprecated setup.py egg_info --egg-base ../../build/bluetooth build --build-base /home/udezumo/Sirius_ear/build/bluetooth/build install --record /home/udezumo/Sirius_ear/build/bluetooth/install.log --single-version-externally-managed install_data
[2.062s] DEBUG:colcon.colcon_core.event_handler.log_command:Invoking command in '/home/udezumo/Sirius_ear/src/path_listener': PYTHONPATH=/home/udezumo/Sirius_ear/build/path_listener/prefix_override:/usr/lib/python3/dist-packages/colcon_core/task/python/colcon_distutils_commands:/home/udezumo/Sirius_ear/install/path_listener/lib/python3.10/site-packages:${PYTHONPATH} /usr/bin/python3 -W ignore:setup.py install is deprecated -W ignore:easy_install command is deprecated setup.py egg_info --egg-base ../../build/path_listener build --build-base /home/udezumo/Sirius_ear/build/path_listener/build install --record /home/udezumo/Sirius_ear/build/path_listener/install.log --single-version-externally-managed install_data
[2.082s] DEBUG:colcon.colcon_core.event_handler.log_command:Invoking command in '/home/udezumo/Sirius_ear/src/path_debug': PYTHONPATH=/home/udezumo/Sirius_ear/build/path_debug/prefix_override:/usr/lib/python3/dist-packages/colcon_core/task/python/colcon_distutils_commands:/home/udezumo/Sirius_ear/install/path_debug/lib/python3.10/site-packages:${PYTHONPATH} /usr/bin/python3 -W ignore:setup.py install is deprecated -W ignore:easy_install command is deprecated setup.py egg_info --egg-base ../../build/path_debug build --build-base /home/udezumo/Sirius_ear/build/path_debug/build install --record /home/udezumo/Sirius_ear/build/path_debug/install.log --single-version-externally-managed install_data
[2.088s] DEBUG:colcon.colcon_core.event_handler.log_command:Invoking command in '/home/udezumo/Sirius_ear/src/curvature_local': PYTHONPATH=/home/udezumo/Sirius_ear/build/curvature_local/prefix_override:/usr/lib/python3/dist-packages/colcon_core/task/python/colcon_distutils_commands:/home/udezumo/Sirius_ear/install/curvature_local/lib/python3.10/site-packages:${PYTHONPATH} /usr/bin/python3 -W ignore:setup.py install is deprecated -W ignore:easy_install command is deprecated setup.py egg_info --egg-base ../../build/curvature_local build --build-base /home/udezumo/Sirius_ear/build/curvature_local/build install --record /home/udezumo/Sirius_ear/build/curvature_local/install.log --single-version-externally-managed install_data
[2.436s] DEBUG:colcon.colcon_core.event_handler.log_command:Invoked command in '/home/udezumo/Sirius_ear/src/curvature' returned '0': PYTHONPATH=/home/udezumo/Sirius_ear/build/curvature/prefix_override:/usr/lib/python3/dist-packages/colcon_core/task/python/colcon_distutils_commands:/home/udezumo/Sirius_ear/install/curvature/lib/python3.10/site-packages:${PYTHONPATH} /usr/bin/python3 -W ignore:setup.py install is deprecated -W ignore:easy_install command is deprecated setup.py egg_info --egg-base ../../build/curvature build --build-base /home/udezumo/Sirius_ear/build/curvature/build install --record /home/udezumo/Sirius_ear/build/curvature/install.log --single-version-externally-managed install_data
[2.440s] Level 1:colcon.colcon_core.environment:checking '/home/udezumo/Sirius_ear/install/curvature' for CMake module files
[2.440s] Level 1:colcon.colcon_core.environment:checking '/home/udezumo/Sirius_ear/install/curvature' for CMake config files
[2.441s] Level 1:colcon.colcon_core.environment:checking '/home/udezumo/Sirius_ear/install/curvature/lib'
[2.441s] Level 1:colcon.colcon_core.environment:checking '/home/udezumo/Sirius_ear/install/curvature/bin'
[2.442s] Level 1:colcon.colcon_core.environment:checking '/home/udezumo/Sirius_ear/install/curvature/lib/pkgconfig/curvature.pc'
[2.442s] Level 1:colcon.colcon_core.environment:checking '/home/udezumo/Sirius_ear/install/curvature/lib/python3.10/site-packages'
[2.442s] Level 1:colcon.colcon_core.shell:create_environment_hook('curvature', 'pythonpath')
[2.442s] INFO:colcon.colcon_core.shell:Creating environment hook '/home/udezumo/Sirius_ear/install/curvature/share/curvature/hook/pythonpath.ps1'
[2.443s] INFO:colcon.colcon_core.shell:Creating environment descriptor '/home/udezumo/Sirius_ear/install/curvature/share/curvature/hook/pythonpath.dsv'
[2.444s] INFO:colcon.colcon_core.shell:Creating environment hook '/home/udezumo/Sirius_ear/install/curvature/share/curvature/hook/pythonpath.sh'
[2.446s] Level 1:colcon.colcon_core.environment:checking '/home/udezumo/Sirius_ear/install/curvature/bin'
[2.447s] Level 1:colcon.colcon_core.environment:create_environment_scripts_only(curvature)
[2.448s] INFO:colcon.colcon_core.shell:Creating package script '/home/udezumo/Sirius_ear/install/curvature/share/curvature/package.ps1'
[2.450s] INFO:colcon.colcon_core.shell:Creating package descriptor '/home/udezumo/Sirius_ear/install/curvature/share/curvature/package.dsv'
[2.453s] INFO:colcon.colcon_core.shell:Creating package script '/home/udezumo/Sirius_ear/install/curvature/share/curvature/package.sh'
[2.460s] INFO:colcon.colcon_core.shell:Creating package script '/home/udezumo/Sirius_ear/install/curvature/share/curvature/package.bash'
[2.462s] INFO:colcon.colcon_core.shell:Creating package script '/home/udezumo/Sirius_ear/install/curvature/share/curvature/package.zsh'
[2.464s] Level 1:colcon.colcon_core.environment:create_file_with_runtime_dependencies(/home/udezumo/Sirius_ear/install/curvature/share/colcon-core/packages/curvature)
[2.478s] Level 1:colcon.colcon_core.environment:checking '/home/udezumo/Sirius_ear/install/path_listener' for CMake module files
[2.479s] DEBUG:colcon.colcon_core.event_handler.log_command:Invoked command in '/home/udezumo/Sirius_ear/src/path_listener' returned '0': PYTHONPATH=/home/udezumo/Sirius_ear/build/path_listener/prefix_override:/usr/lib/python3/dist-packages/colcon_core/task/python/colcon_distutils_commands:/home/udezumo/Sirius_ear/install/path_listener/lib/python3.10/site-packages:${PYTHONPATH} /usr/bin/python3 -W ignore:setup.py install is deprecated -W ignore:easy_install command is deprecated setup.py egg_info --egg-base ../../build/path_listener build --build-base /home/udezumo/Sirius_ear/build/path_listener/build install --record /home/udezumo/Sirius_ear/build/path_listener/install.log --single-version-externally-managed install_data
[2.480s] Level 1:colcon.colcon_core.environment:checking '/home/udezumo/Sirius_ear/install/path_listener' for CMake config files
[2.481s] Level 1:colcon.colcon_core.environment:checking '/home/udezumo/Sirius_ear/install/path_listener/lib'
[2.481s] Level 1:colcon.colcon_core.environment:checking '/home/udezumo/Sirius_ear/install/path_listener/bin'
[2.481s] Level 1:colcon.colcon_core.environment:checking '/home/udezumo/Sirius_ear/install/path_listener/lib/pkgconfig/path_listener.pc'
[2.482s] Level 1:colcon.colcon_core.environment:checking '/home/udezumo/Sirius_ear/install/path_listener/lib/python3.10/site-packages'
[2.482s] Level 1:colcon.colcon_core.shell:create_environment_hook('path_listener', 'pythonpath')
[2.482s] INFO:colcon.colcon_core.shell:Creating environment hook '/home/udezumo/Sirius_ear/install/path_listener/share/path_listener/hook/pythonpath.ps1'
[2.483s] INFO:colcon.colcon_core.shell:Creating environment descriptor '/home/udezumo/Sirius_ear/install/path_listener/share/path_listener/hook/pythonpath.dsv'
[2.484s] INFO:colcon.colcon_core.shell:Creating environment hook '/home/udezumo/Sirius_ear/install/path_listener/share/path_listener/hook/pythonpath.sh'
[2.484s] Level 1:colcon.colcon_core.environment:checking '/home/udezumo/Sirius_ear/install/path_listener/bin'
[2.485s] Level 1:colcon.colcon_core.environment:create_environment_scripts_only(path_listener)
[2.485s] INFO:colcon.colcon_core.shell:Creating package script '/home/udezumo/Sirius_ear/install/path_listener/share/path_listener/package.ps1'
[2.487s] INFO:colcon.colcon_core.shell:Creating package descriptor '/home/udezumo/Sirius_ear/install/path_listener/share/path_listener/package.dsv'
[2.488s] INFO:colcon.colcon_core.shell:Creating package script '/home/udezumo/Sirius_ear/install/path_listener/share/path_listener/package.sh'
[2.489s] INFO:colcon.colcon_core.shell:Creating package script '/home/udezumo/Sirius_ear/install/path_listener/share/path_listener/package.bash'
[2.490s] INFO:colcon.colcon_core.shell:Creating package script '/home/udezumo/Sirius_ear/install/path_listener/share/path_listener/package.zsh'
[2.491s] Level 1:colcon.colcon_core.environment:create_file_with_runtime_dependencies(/home/udezumo/Sirius_ear/install/path_listener/share/colcon-core/packages/path_listener)
[2.516s] Level 1:colcon.colcon_core.environment:checking '/home/udezumo/Sirius_ear/install/bluetooth' for CMake module files
[2.516s] DEBUG:colcon.colcon_core.event_handler.log_command:Invoked command in '/home/udezumo/Sirius_ear/src/bluetooth' returned '0': PYTHONPATH=/home/udezumo/Sirius_ear/build/bluetooth/prefix_override:/usr/lib/python3/dist-packages/colcon_core/task/python/colcon_distutils_commands:/home/udezumo/Sirius_ear/install/bluetooth/lib/python3.10/site-packages:${PYTHONPATH} /usr/bin/python3 -W ignore:setup.py install is deprecated -W ignore:easy_install command is deprecated setup.py egg_info --egg-base ../../build/bluetooth build --build-base /home/udezumo/Sirius_ear/build/bluetooth/build install --record /home/udezumo/Sirius_ear/build/bluetooth/install.log --single-version-externally-managed install_data
[2.517s] Level 1:colcon.colcon_core.environment:checking '/home/udezumo/Sirius_ear/install/bluetooth' for CMake config files
[2.518s] Level 1:colcon.colcon_core.environment:checking '/home/udezumo/Sirius_ear/install/bluetooth/lib'
[2.518s] Level 1:colcon.colcon_core.environment:checking '/home/udezumo/Sirius_ear/install/bluetooth/bin'
[2.518s] Level 1:colcon.colcon_core.environment:checking '/home/udezumo/Sirius_ear/install/bluetooth/lib/pkgconfig/bluetooth.pc'
[2.519s] Level 1:colcon.colcon_core.environment:checking '/home/udezumo/Sirius_ear/install/bluetooth/lib/python3.10/site-packages'
[2.519s] Level 1:colcon.colcon_core.shell:create_environment_hook('bluetooth', 'pythonpath')
[2.520s] INFO:colcon.colcon_core.shell:Creating environment hook '/home/udezumo/Sirius_ear/install/bluetooth/share/bluetooth/hook/pythonpath.ps1'
[2.521s] INFO:colcon.colcon_core.shell:Creating environment descriptor '/home/udezumo/Sirius_ear/install/bluetooth/share/bluetooth/hook/pythonpath.dsv'
[2.521s] INFO:colcon.colcon_core.shell:Creating environment hook '/home/udezumo/Sirius_ear/install/bluetooth/share/bluetooth/hook/pythonpath.sh'
[2.522s] Level 1:colcon.colcon_core.environment:checking '/home/udezumo/Sirius_ear/install/bluetooth/bin'
[2.523s] Level 1:colcon.colcon_core.environment:create_environment_scripts_only(bluetooth)
[2.523s] INFO:colcon.colcon_core.shell:Creating package script '/home/udezumo/Sirius_ear/install/bluetooth/share/bluetooth/package.ps1'
[2.524s] INFO:colcon.colcon_core.shell:Creating package descriptor '/home/udezumo/Sirius_ear/install/bluetooth/share/bluetooth/package.dsv'
[2.524s] INFO:colcon.colcon_core.shell:Creating package script '/home/udezumo/Sirius_ear/install/bluetooth/share/bluetooth/package.sh'
[2.525s] INFO:colcon.colcon_core.shell:Creating package script '/home/udezumo/Sirius_ear/install/bluetooth/share/bluetooth/package.bash'
[2.525s] INFO:colcon.colcon_core.shell:Creating package script '/home/udezumo/Sirius_ear/install/bluetooth/share/bluetooth/package.zsh'
[2.526s] Level 1:colcon.colcon_core.environment:create_file_with_runtime_dependencies(/home/udezumo/Sirius_ear/install/bluetooth/share/colcon-core/packages/bluetooth)
[2.529s] Level 1:colcon.colcon_core.environment:checking '/home/udezumo/Sirius_ear/install/path_debug' for CMake module files
[2.531s] DEBUG:colcon.colcon_core.event_handler.log_command:Invoked command in '/home/udezumo/Sirius_ear/src/path_debug' returned '0': PYTHONPATH=/home/udezumo/Sirius_ear/build/path_debug/prefix_override:/usr/lib/python3/dist-packages/colcon_core/task/python/colcon_distutils_commands:/home/udezumo/Sirius_ear/install/path_debug/lib/python3.10/site-packages:${PYTHONPATH} /usr/bin/python3 -W ignore:setup.py install is deprecated -W ignore:easy_install command is deprecated setup.py egg_info --egg-base ../../build/path_debug build --build-base /home/udezumo/Sirius_ear/build/path_debug/build install --record /home/udezumo/Sirius_ear/build/path_debug/install.log --single-version-externally-managed install_data
[2.531s] Level 1:colcon.colcon_core.environment:checking '/home/udezumo/Sirius_ear/install/path_debug' for CMake config files
[2.532s] Level 1:colcon.colcon_core.environment:checking '/home/udezumo/Sirius_ear/install/path_debug/lib'
[2.532s] Level 1:colcon.colcon_core.environment:checking '/home/udezumo/Sirius_ear/install/path_debug/bin'
[2.532s] Level 1:colcon.colcon_core.environment:checking '/home/udezumo/Sirius_ear/install/path_debug/lib/pkgconfig/path_debug.pc'
[2.533s] Level 1:colcon.colcon_core.environment:checking '/home/udezumo/Sirius_ear/install/path_debug/lib/python3.10/site-packages'
[2.533s] Level 1:colcon.colcon_core.shell:create_environment_hook('path_debug', 'pythonpath')
[2.533s] INFO:colcon.colcon_core.shell:Creating environment hook '/home/udezumo/Sirius_ear/install/path_debug/share/path_debug/hook/pythonpath.ps1'
[2.533s] INFO:colcon.colcon_core.shell:Creating environment descriptor '/home/udezumo/Sirius_ear/install/path_debug/share/path_debug/hook/pythonpath.dsv'
[2.534s] INFO:colcon.colcon_core.shell:Creating environment hook '/home/udezumo/Sirius_ear/install/path_debug/share/path_debug/hook/pythonpath.sh'
[2.534s] Level 1:colcon.colcon_core.environment:checking '/home/udezumo/Sirius_ear/install/path_debug/bin'
[2.534s] Level 1:colcon.colcon_core.environment:create_environment_scripts_only(path_debug)
[2.535s] INFO:colcon.colcon_core.shell:Creating package script '/home/udezumo/Sirius_ear/install/path_debug/share/path_debug/package.ps1'
[2.535s] INFO:colcon.colcon_core.shell:Creating package descriptor '/home/udezumo/Sirius_ear/install/path_debug/share/path_debug/package.dsv'
[2.536s] INFO:colcon.colcon_core.shell:Creating package script '/home/udezumo/Sirius_ear/install/path_debug/share/path_debug/package.sh'
[2.536s] INFO:colcon.colcon_core.shell:Creating package script '/home/udezumo/Sirius_ear/install/path_debug/share/path_debug/package.bash'
[2.537s] INFO:colcon.colcon_core.shell:Creating package script '/home/udezumo/Sirius_ear/install/path_debug/share/path_debug/package.zsh'
[2.537s] Level 1:colcon.colcon_core.environment:create_file_with_runtime_dependencies(/home/udezumo/Sirius_ear/install/path_debug/share/colcon-core/packages/path_debug)
[2.555s] Level 1:colcon.colcon_core.environment:checking '/home/udezumo/Sirius_ear/install/curvature_local' for CMake module files
[2.556s] DEBUG:colcon.colcon_core.event_handler.log_command:Invoked command in '/home/udezumo/Sirius_ear/src/curvature_local' returned '0': PYTHONPATH=/home/udezumo/Sirius_ear/build/curvature_local/prefix_override:/usr/lib/python3/dist-packages/colcon_core/task/python/colcon_distutils_commands:/home/udezumo/Sirius_ear/install/curvature_local/lib/python3.10/site-packages:${PYTHONPATH} /usr/bin/python3 -W ignore:setup.py install is deprecated -W ignore:easy_install command is deprecated setup.py egg_info --egg-base ../../build/curvature_local build --build-base /home/udezumo/Sirius_ear/build/curvature_local/build install --record /home/udezumo/Sirius_ear/build/curvature_local/install.log --single-version-externally-managed install_data
[2.558s] Level 1:colcon.colcon_core.environment:checking '/home/udezumo/Sirius_ear/install/curvature_local' for CMake config files
[2.560s] Level 1:colcon.colcon_core.environment:checking '/home/udezumo/Sirius_ear/install/curvature_local/lib'
[2.560s] Level 1:colcon.colcon_core.environment:checking '/home/udezumo/Sirius_ear/install/curvature_local/bin'
[2.560s] Level 1:colcon.colcon_core.environment:checking '/home/udezumo/Sirius_ear/install/curvature_local/lib/pkgconfig/curvature_local.pc'
[2.560s] Level 1:colcon.colcon_core.environment:checking '/home/udezumo/Sirius_ear/install/curvature_local/lib/python3.10/site-packages'
[2.560s] Level 1:colcon.colcon_core.shell:create_environment_hook('curvature_local', 'pythonpath')
[2.561s] INFO:colcon.colcon_core.shell:Creating environment hook '/home/udezumo/Sirius_ear/install/curvature_local/share/curvature_local/hook/pythonpath.ps1'
[2.561s] INFO:colcon.colcon_core.shell:Creating environment descriptor '/home/udezumo/Sirius_ear/install/curvature_local/share/curvature_local/hook/pythonpath.dsv'
[2.561s] INFO:colcon.colcon_core.shell:Creating environment hook '/home/udezumo/Sirius_ear/install/curvature_local/share/curvature_local/hook/pythonpath.sh'
[2.562s] Level 1:colcon.colcon_core.environment:checking '/home/udezumo/Sirius_ear/install/curvature_local/bin'
[2.562s] Level 1:colcon.colcon_core.environment:create_environment_scripts_only(curvature_local)
[2.562s] INFO:colcon.colcon_core.shell:Creating package script '/home/udezumo/Sirius_ear/install/curvature_local/share/curvature_local/package.ps1'
[2.563s] INFO:colcon.colcon_core.shell:Creating package descriptor '/home/udezumo/Sirius_ear/install/curvature_local/share/curvature_local/package.dsv'
[2.563s] INFO:colcon.colcon_core.shell:Creating package script '/home/udezumo/Sirius_ear/install/curvature_local/share/curvature_local/package.sh'
[2.563s] INFO:colcon.colcon_core.shell:Creating package script '/home/udezumo/Sirius_ear/install/curvature_local/share/curvature_local/package.bash'
[2.564s] INFO:colcon.colcon_core.shell:Creating package script '/home/udezumo/Sirius_ear/install/curvature_local/share/curvature_local/package.zsh'
[2.564s] Level 1:colcon.colcon_core.environment:create_file_with_runtime_dependencies(/home/udezumo/Sirius_ear/install/curvature_local/share/colcon-core/packages/curvature_local)
[2.564s] DEBUG:colcon.colcon_parallel_executor.executor.parallel:closing loop
[2.564s] DEBUG:colcon.colcon_parallel_executor.executor.parallel:loop closed
[2.565s] DEBUG:colcon.colcon_parallel_executor.executor.parallel:run_until_complete finished with '0'
[2.565s] DEBUG:colcon.colcon_core.event_reactor:joining thread
[2.569s] INFO:colcon.colcon_core.plugin_system:Skipping extension 'colcon_notification.desktop_notification.terminal_notifier': Not used on non-Darwin systems
[2.569s] INFO:colcon.colcon_core.plugin_system:Skipping extension 'colcon_notification.desktop_notification.win32': Not used on non-Windows systems
[2.569s] INFO:colcon.colcon_notification.desktop_notification:Sending desktop notification using 'notify2'
[2.581s] DEBUG:colcon.colcon_core.event_reactor:joined thread
[2.582s] INFO:colcon.colcon_core.shell:Creating prefix script '/home/udezumo/Sirius_ear/install/local_setup.ps1'
[2.583s] INFO:colcon.colcon_core.shell:Creating prefix util module '/home/udezumo/Sirius_ear/install/_local_setup_util_ps1.py'
[2.584s] INFO:colcon.colcon_core.shell:Creating prefix chain script '/home/udezumo/Sirius_ear/install/setup.ps1'
[2.587s] INFO:colcon.colcon_core.shell:Creating prefix script '/home/udezumo/Sirius_ear/install/local_setup.sh'
[2.588s] INFO:colcon.colcon_core.shell:Creating prefix util module '/home/udezumo/Sirius_ear/install/_local_setup_util_sh.py'
[2.590s] INFO:colcon.colcon_core.shell:Creating prefix chain script '/home/udezumo/Sirius_ear/install/setup.sh'
[2.591s] INFO:colcon.colcon_core.shell:Creating prefix script '/home/udezumo/Sirius_ear/install/local_setup.bash'
[2.591s] INFO:colcon.colcon_core.shell:Creating prefix chain script '/home/udezumo/Sirius_ear/install/setup.bash'
[2.593s] INFO:colcon.colcon_core.shell:Creating prefix script '/home/udezumo/Sirius_ear/install/local_setup.zsh'
[2.593s] INFO:colcon.colcon_core.shell:Creating prefix chain script '/home/udezumo/Sirius_ear/install/setup.zsh'
