[1.686s] Invoking command in '/home/udezumo/Sirius_ear/src/path_debug': PYTHONPATH=/home/udezumo/Sirius_ear/build/path_debug/prefix_override:/usr/lib/python3/dist-packages/colcon_core/task/python/colcon_distutils_commands:/home/udezumo/Sirius_ear/install/path_debug/lib/python3.10/site-packages:${PYTHONPATH} /usr/bin/python3 -W ignore:setup.py install is deprecated -W ignore:easy_install command is deprecated setup.py egg_info --egg-base ../../build/path_debug build --build-base /home/udezumo/Sirius_ear/build/path_debug/build install --record /home/udezumo/Sirius_ear/build/path_debug/install.log --single-version-externally-managed install_data
[1.949s] running egg_info
[1.950s] writing ../../build/path_debug/path_debug.egg-info/PKG-INFO
[1.950s] writing dependency_links to ../../build/path_debug/path_debug.egg-info/dependency_links.txt
[1.951s] writing entry points to ../../build/path_debug/path_debug.egg-info/entry_points.txt
[1.951s] writing requirements to ../../build/path_debug/path_debug.egg-info/requires.txt
[1.951s] writing top-level names to ../../build/path_debug/path_debug.egg-info/top_level.txt
[1.954s] reading manifest file '../../build/path_debug/path_debug.egg-info/SOURCES.txt'
[1.955s] writing manifest file '../../build/path_debug/path_debug.egg-info/SOURCES.txt'
[1.955s] running build
[1.955s] running build_py
[1.956s] running install
[1.956s] running install_lib
[1.958s] running install_data
[1.959s] running install_egg_info
[1.964s] removing '/home/udezumo/Sirius_ear/install/path_debug/lib/python3.10/site-packages/path_debug-0.0.0-py3.10.egg-info' (and everything under it)
[1.964s] Copying ../../build/path_debug/path_debug.egg-info to /home/udezumo/Sirius_ear/install/path_debug/lib/python3.10/site-packages/path_debug-0.0.0-py3.10.egg-info
[1.964s] running install_scripts
[1.990s] Installing path_debug_node script to /home/udezumo/Sirius_ear/install/path_debug/lib/path_debug
[1.991s] writing list of installed files to '/home/udezumo/Sirius_ear/build/path_debug/install.log'
[2.034s] Invoked command in '/home/udezumo/Sirius_ear/src/path_debug' returned '0': PYTHONPATH=/home/udezumo/Sirius_ear/build/path_debug/prefix_override:/usr/lib/python3/dist-packages/colcon_core/task/python/colcon_distutils_commands:/home/udezumo/Sirius_ear/install/path_debug/lib/python3.10/site-packages:${PYTHONPATH} /usr/bin/python3 -W ignore:setup.py install is deprecated -W ignore:easy_install command is deprecated setup.py egg_info --egg-base ../../build/path_debug build --build-base /home/udezumo/Sirius_ear/build/path_debug/build install --record /home/udezumo/Sirius_ear/build/path_debug/install.log --single-version-externally-managed install_data
