[1.664s] Invoking command in '/home/udezumo/Sirius_ear/src/path_listener': PYTHONPATH=/home/udezumo/Sirius_ear/build/path_listener/prefix_override:/usr/lib/python3/dist-packages/colcon_core/task/python/colcon_distutils_commands:/home/udezumo/Sirius_ear/install/path_listener/lib/python3.10/site-packages:${PYTHONPATH} /usr/bin/python3 -W ignore:setup.py install is deprecated -W ignore:easy_install command is deprecated setup.py egg_info --egg-base ../../build/path_listener build --build-base /home/udezumo/Sirius_ear/build/path_listener/build install --record /home/udezumo/Sirius_ear/build/path_listener/install.log --single-version-externally-managed install_data
[2.005s] running egg_info
[2.007s] writing ../../build/path_listener/path_listener.egg-info/PKG-INFO
[2.007s] writing dependency_links to ../../build/path_listener/path_listener.egg-info/dependency_links.txt
[2.007s] writing entry points to ../../build/path_listener/path_listener.egg-info/entry_points.txt
[2.008s] writing requirements to ../../build/path_listener/path_listener.egg-info/requires.txt
[2.008s] writing top-level names to ../../build/path_listener/path_listener.egg-info/top_level.txt
[2.012s] reading manifest file '../../build/path_listener/path_listener.egg-info/SOURCES.txt'
[2.012s] writing manifest file '../../build/path_listener/path_listener.egg-info/SOURCES.txt'
[2.012s] running build
[2.012s] running build_py
[2.013s] copying path_listener/path_listener_node.py -> /home/udezumo/Sirius_ear/build/path_listener/build/lib/path_listener
[2.017s] running install
[2.018s] running install_lib
[2.019s] copying /home/udezumo/Sirius_ear/build/path_listener/build/lib/path_listener/path_listener_node.py -> /home/udezumo/Sirius_ear/install/path_listener/lib/python3.10/site-packages/path_listener
[2.020s] byte-compiling /home/udezumo/Sirius_ear/install/path_listener/lib/python3.10/site-packages/path_listener/path_listener_node.py to path_listener_node.cpython-310.pyc
[2.023s] running install_data
[2.023s] running install_egg_info
[2.026s] removing '/home/udezumo/Sirius_ear/install/path_listener/lib/python3.10/site-packages/path_listener-0.0.0-py3.10.egg-info' (and everything under it)
[2.029s] Copying ../../build/path_listener/path_listener.egg-info to /home/udezumo/Sirius_ear/install/path_listener/lib/python3.10/site-packages/path_listener-0.0.0-py3.10.egg-info
[2.030s] running install_scripts
[2.068s] Installing path_listener_node script to /home/udezumo/Sirius_ear/install/path_listener/lib/path_listener
[2.072s] writing list of installed files to '/home/udezumo/Sirius_ear/build/path_listener/install.log'
[2.119s] Invoked command in '/home/udezumo/Sirius_ear/src/path_listener' returned '0': PYTHONPATH=/home/udezumo/Sirius_ear/build/path_listener/prefix_override:/usr/lib/python3/dist-packages/colcon_core/task/python/colcon_distutils_commands:/home/udezumo/Sirius_ear/install/path_listener/lib/python3.10/site-packages:${PYTHONPATH} /usr/bin/python3 -W ignore:setup.py install is deprecated -W ignore:easy_install command is deprecated setup.py egg_info --egg-base ../../build/path_listener build --build-base /home/udezumo/Sirius_ear/build/path_listener/build install --record /home/udezumo/Sirius_ear/build/path_listener/install.log --single-version-externally-managed install_data
