[1.810s] Invoking command in '/home/udezumo/Sirius_ear/src/path_debug': PYTHONPATH=/home/udezumo/Sirius_ear/build/path_debug/prefix_override:/usr/lib/python3/dist-packages/colcon_core/task/python/colcon_distutils_commands:/home/udezumo/Sirius_ear/install/path_debug/lib/python3.10/site-packages:${PYTHONPATH} /usr/bin/python3 -W ignore:setup.py install is deprecated -W ignore:easy_install command is deprecated setup.py egg_info --egg-base ../../build/path_debug build --build-base /home/udezumo/Sirius_ear/build/path_debug/build install --record /home/udezumo/Sirius_ear/build/path_debug/install.log --single-version-externally-managed install_data
[2.147s] running egg_info
[2.148s] writing ../../build/path_debug/path_debug.egg-info/PKG-INFO
[2.149s] writing dependency_links to ../../build/path_debug/path_debug.egg-info/dependency_links.txt
[2.149s] writing entry points to ../../build/path_debug/path_debug.egg-info/entry_points.txt
[2.149s] writing requirements to ../../build/path_debug/path_debug.egg-info/requires.txt
[2.149s] writing top-level names to ../../build/path_debug/path_debug.egg-info/top_level.txt
[2.154s] reading manifest file '../../build/path_debug/path_debug.egg-info/SOURCES.txt'
[2.156s] writing manifest file '../../build/path_debug/path_debug.egg-info/SOURCES.txt'
[2.156s] running build
[2.156s] running build_py
[2.157s] running install
[2.157s] running install_lib
[2.159s] running install_data
[2.159s] running install_egg_info
[2.166s] removing '/home/udezumo/Sirius_ear/install/path_debug/lib/python3.10/site-packages/path_debug-0.0.0-py3.10.egg-info' (and everything under it)
[2.169s] Copying ../../build/path_debug/path_debug.egg-info to /home/udezumo/Sirius_ear/install/path_debug/lib/python3.10/site-packages/path_debug-0.0.0-py3.10.egg-info
[2.169s] running install_scripts
[2.200s] Installing path_debug_node script to /home/udezumo/Sirius_ear/install/path_debug/lib/path_debug
[2.200s] writing list of installed files to '/home/udezumo/Sirius_ear/build/path_debug/install.log'
[2.244s] Invoked command in '/home/udezumo/Sirius_ear/src/path_debug' returned '0': PYTHONPATH=/home/udezumo/Sirius_ear/build/path_debug/prefix_override:/usr/lib/python3/dist-packages/colcon_core/task/python/colcon_distutils_commands:/home/udezumo/Sirius_ear/install/path_debug/lib/python3.10/site-packages:${PYTHONPATH} /usr/bin/python3 -W ignore:setup.py install is deprecated -W ignore:easy_install command is deprecated setup.py egg_info --egg-base ../../build/path_debug build --build-base /home/udezumo/Sirius_ear/build/path_debug/build install --record /home/udezumo/Sirius_ear/build/path_debug/install.log --single-version-externally-managed install_data
