[1.779s] Invoking command in '/home/udezumo/Sirius_ear/src/curvature': PYTHONPATH=/home/udezumo/Sirius_ear/build/curvature/prefix_override:/usr/lib/python3/dist-packages/colcon_core/task/python/colcon_distutils_commands:/home/udezumo/Sirius_ear/install/curvature/lib/python3.10/site-packages:${PYTHONPATH} /usr/bin/python3 -W ignore:setup.py install is deprecated -W ignore:easy_install command is deprecated setup.py egg_info --egg-base ../../build/curvature build --build-base /home/udezumo/Sirius_ear/build/curvature/build install --record /home/udezumo/Sirius_ear/build/curvature/install.log --single-version-externally-managed install_data
[2.184s] running egg_info
[2.186s] writing ../../build/curvature/curvature.egg-info/PKG-INFO
[2.186s] writing dependency_links to ../../build/curvature/curvature.egg-info/dependency_links.txt
[2.186s] writing entry points to ../../build/curvature/curvature.egg-info/entry_points.txt
[2.187s] writing requirements to ../../build/curvature/curvature.egg-info/requires.txt
[2.187s] writing top-level names to ../../build/curvature/curvature.egg-info/top_level.txt
[2.195s] reading manifest file '../../build/curvature/curvature.egg-info/SOURCES.txt'
[2.195s] writing manifest file '../../build/curvature/curvature.egg-info/SOURCES.txt'
[2.195s] running build
[2.195s] running build_py
[2.195s] running install
[2.195s] running install_lib
[2.197s] running install_data
[2.197s] running install_egg_info
[2.200s] removing '/home/udezumo/Sirius_ear/install/curvature/lib/python3.10/site-packages/curvature-0.0.0-py3.10.egg-info' (and everything under it)
[2.203s] Copying ../../build/curvature/curvature.egg-info to /home/udezumo/Sirius_ear/install/curvature/lib/python3.10/site-packages/curvature-0.0.0-py3.10.egg-info
[2.203s] running install_scripts
[2.238s] Installing curvature_node script to /home/udezumo/Sirius_ear/install/curvature/lib/curvature
[2.240s] writing list of installed files to '/home/udezumo/Sirius_ear/build/curvature/install.log'
[2.303s] Invoked command in '/home/udezumo/Sirius_ear/src/curvature' returned '0': PYTHONPATH=/home/udezumo/Sirius_ear/build/curvature/prefix_override:/usr/lib/python3/dist-packages/colcon_core/task/python/colcon_distutils_commands:/home/udezumo/Sirius_ear/install/curvature/lib/python3.10/site-packages:${PYTHONPATH} /usr/bin/python3 -W ignore:setup.py install is deprecated -W ignore:easy_install command is deprecated setup.py egg_info --egg-base ../../build/curvature build --build-base /home/udezumo/Sirius_ear/build/curvature/build install --record /home/udezumo/Sirius_ear/build/curvature/install.log --single-version-externally-managed install_data
