[0.143s] DEBUG:colcon:Command line arguments: ['/usr/bin/colcon', 'build']
[0.143s] DEBUG:colcon:Parsed command line arguments: Namespace(log_base=None, log_level=None, verb_name='build', build_base='build', install_base='install', merge_install=False, symlink_install=False, test_result_base=None, continue_on_error=False, executor='parallel', parallel_workers=8, event_handlers=None, ignore_user_meta=False, metas=['./colcon.meta'], base_paths=['.'], packages_ignore=None, packages_ignore_regex=None, paths=None, packages_up_to=None, packages_up_to_regex=None, packages_above=None, packages_above_and_dependencies=None, packages_above_depth=None, packages_select_by_dep=None, packages_skip_by_dep=None, packages_skip_up_to=None, packages_select_build_failed=False, packages_skip_build_finished=False, packages_select_test_failures=False, packages_skip_test_passed=False, packages_select=None, packages_skip=None, packages_select_regex=None, packages_skip_regex=None, packages_start=None, packages_end=None, allow_overriding=[], cmake_args=None, cmake_target=None, cmake_target_skip_unavailable=False, cmake_clean_cache=False, cmake_clean_first=False, cmake_force_configure=False, ament_cmake_args=None, catkin_cmake_args=None, catkin_skip_building_tests=False, mixin_files=None, mixin=None, verb_parser=<colcon_mixin.mixin.mixin_argument.MixinArgumentDecorator object at 0x7cac9d2f4880>, verb_extension=<colcon_core.verb.build.BuildVerb object at 0x7cac9d27df30>, main=<bound method BuildVerb.main of <colcon_core.verb.build.BuildVerb object at 0x7cac9d27df30>>, mixin_verb=('build',))
[0.366s] Level 1:colcon.colcon_core.package_discovery:discover_packages(colcon_meta) check parameters
[0.366s] Level 1:colcon.colcon_core.package_discovery:discover_packages(recursive) check parameters
[0.366s] Level 1:colcon.colcon_core.package_discovery:discover_packages(ignore) check parameters
[0.366s] Level 1:colcon.colcon_core.package_discovery:discover_packages(path) check parameters
[0.366s] Level 1:colcon.colcon_core.package_discovery:discover_packages(colcon_meta) discover
[0.366s] Level 1:colcon.colcon_core.package_discovery:discover_packages(recursive) discover
[0.366s] INFO:colcon.colcon_core.package_discovery:Crawling recursively for packages in '/home/udezumo/Sirius_ear'
[0.366s] Level 1:colcon.colcon_core.package_identification:_identify(.) by extensions ['ignore', 'ignore_ament_install']
[0.366s] Level 1:colcon.colcon_core.package_identification:_identify(.) by extension 'ignore'
[0.366s] Level 1:colcon.colcon_core.package_identification:_identify(.) by extension 'ignore_ament_install'
[0.366s] Level 1:colcon.colcon_core.package_identification:_identify(.) by extensions ['colcon_pkg']
[0.366s] Level 1:colcon.colcon_core.package_identification:_identify(.) by extension 'colcon_pkg'
[0.366s] Level 1:colcon.colcon_core.package_identification:_identify(.) by extensions ['colcon_meta']
[0.366s] Level 1:colcon.colcon_core.package_identification:_identify(.) by extension 'colcon_meta'
[0.366s] Level 1:colcon.colcon_core.package_identification:_identify(.) by extensions ['ros']
[0.366s] Level 1:colcon.colcon_core.package_identification:_identify(.) by extension 'ros'
[0.380s] Level 1:colcon.colcon_core.package_identification:_identify(.) by extensions ['cmake', 'python']
[0.380s] Level 1:colcon.colcon_core.package_identification:_identify(.) by extension 'cmake'
[0.380s] Level 1:colcon.colcon_core.package_identification:_identify(.) by extension 'python'
[0.380s] Level 1:colcon.colcon_core.package_identification:_identify(.) by extensions ['python_setup_py']
[0.381s] Level 1:colcon.colcon_core.package_identification:_identify(.) by extension 'python_setup_py'
[0.381s] Level 1:colcon.colcon_core.package_identification:_identify(build) by extensions ['ignore', 'ignore_ament_install']
[0.381s] Level 1:colcon.colcon_core.package_identification:_identify(build) by extension 'ignore'
[0.381s] Level 1:colcon.colcon_core.package_identification:_identify(build) ignored
[0.381s] Level 1:colcon.colcon_core.package_identification:_identify(install) by extensions ['ignore', 'ignore_ament_install']
[0.381s] Level 1:colcon.colcon_core.package_identification:_identify(install) by extension 'ignore'
[0.381s] Level 1:colcon.colcon_core.package_identification:_identify(install) ignored
[0.381s] Level 1:colcon.colcon_core.package_identification:_identify(log) by extensions ['ignore', 'ignore_ament_install']
[0.381s] Level 1:colcon.colcon_core.package_identification:_identify(log) by extension 'ignore'
[0.381s] Level 1:colcon.colcon_core.package_identification:_identify(log) ignored
[0.382s] Level 1:colcon.colcon_core.package_identification:_identify(src) by extensions ['ignore', 'ignore_ament_install']
[0.382s] Level 1:colcon.colcon_core.package_identification:_identify(src) by extension 'ignore'
[0.382s] Level 1:colcon.colcon_core.package_identification:_identify(src) by extension 'ignore_ament_install'
[0.382s] Level 1:colcon.colcon_core.package_identification:_identify(src) by extensions ['colcon_pkg']
[0.382s] Level 1:colcon.colcon_core.package_identification:_identify(src) by extension 'colcon_pkg'
[0.382s] Level 1:colcon.colcon_core.package_identification:_identify(src) by extensions ['colcon_meta']
[0.382s] Level 1:colcon.colcon_core.package_identification:_identify(src) by extension 'colcon_meta'
[0.382s] Level 1:colcon.colcon_core.package_identification:_identify(src) by extensions ['ros']
[0.382s] Level 1:colcon.colcon_core.package_identification:_identify(src) by extension 'ros'
[0.382s] Level 1:colcon.colcon_core.package_identification:_identify(src) by extensions ['cmake', 'python']
[0.382s] Level 1:colcon.colcon_core.package_identification:_identify(src) by extension 'cmake'
[0.382s] Level 1:colcon.colcon_core.package_identification:_identify(src) by extension 'python'
[0.382s] Level 1:colcon.colcon_core.package_identification:_identify(src) by extensions ['python_setup_py']
[0.382s] Level 1:colcon.colcon_core.package_identification:_identify(src) by extension 'python_setup_py'
[0.382s] Level 1:colcon.colcon_core.package_identification:_identify(src/bluetooth) by extensions ['ignore', 'ignore_ament_install']
[0.382s] Level 1:colcon.colcon_core.package_identification:_identify(src/bluetooth) by extension 'ignore'
[0.382s] Level 1:colcon.colcon_core.package_identification:_identify(src/bluetooth) by extension 'ignore_ament_install'
[0.382s] Level 1:colcon.colcon_core.package_identification:_identify(src/bluetooth) by extensions ['colcon_pkg']
[0.382s] Level 1:colcon.colcon_core.package_identification:_identify(src/bluetooth) by extension 'colcon_pkg'
[0.382s] Level 1:colcon.colcon_core.package_identification:_identify(src/bluetooth) by extensions ['colcon_meta']
[0.382s] Level 1:colcon.colcon_core.package_identification:_identify(src/bluetooth) by extension 'colcon_meta'
[0.382s] Level 1:colcon.colcon_core.package_identification:_identify(src/bluetooth) by extensions ['ros']
[0.382s] Level 1:colcon.colcon_core.package_identification:_identify(src/bluetooth) by extension 'ros'
[0.385s] DEBUG:colcon.colcon_core.package_identification:Package 'src/bluetooth' with type 'ros.ament_python' and name 'bluetooth'
[0.385s] Level 1:colcon.colcon_core.package_identification:_identify(src/curvature) by extensions ['ignore', 'ignore_ament_install']
[0.385s] Level 1:colcon.colcon_core.package_identification:_identify(src/curvature) by extension 'ignore'
[0.385s] Level 1:colcon.colcon_core.package_identification:_identify(src/curvature) by extension 'ignore_ament_install'
[0.385s] Level 1:colcon.colcon_core.package_identification:_identify(src/curvature) by extensions ['colcon_pkg']
[0.385s] Level 1:colcon.colcon_core.package_identification:_identify(src/curvature) by extension 'colcon_pkg'
[0.385s] Level 1:colcon.colcon_core.package_identification:_identify(src/curvature) by extensions ['colcon_meta']
[0.385s] Level 1:colcon.colcon_core.package_identification:_identify(src/curvature) by extension 'colcon_meta'
[0.385s] Level 1:colcon.colcon_core.package_identification:_identify(src/curvature) by extensions ['ros']
[0.385s] Level 1:colcon.colcon_core.package_identification:_identify(src/curvature) by extension 'ros'
[0.404s] DEBUG:colcon.colcon_core.package_identification:Package 'src/curvature' with type 'ros.ament_python' and name 'curvature'
[0.404s] Level 1:colcon.colcon_core.package_identification:_identify(src/curvature_local) by extensions ['ignore', 'ignore_ament_install']
[0.404s] Level 1:colcon.colcon_core.package_identification:_identify(src/curvature_local) by extension 'ignore'
[0.404s] Level 1:colcon.colcon_core.package_identification:_identify(src/curvature_local) by extension 'ignore_ament_install'
[0.404s] Level 1:colcon.colcon_core.package_identification:_identify(src/curvature_local) by extensions ['colcon_pkg']
[0.404s] Level 1:colcon.colcon_core.package_identification:_identify(src/curvature_local) by extension 'colcon_pkg'
[0.404s] Level 1:colcon.colcon_core.package_identification:_identify(src/curvature_local) by extensions ['colcon_meta']
[0.404s] Level 1:colcon.colcon_core.package_identification:_identify(src/curvature_local) by extension 'colcon_meta'
[0.404s] Level 1:colcon.colcon_core.package_identification:_identify(src/curvature_local) by extensions ['ros']
[0.404s] Level 1:colcon.colcon_core.package_identification:_identify(src/curvature_local) by extension 'ros'
[0.405s] DEBUG:colcon.colcon_core.package_identification:Package 'src/curvature_local' with type 'ros.ament_python' and name 'curvature_local'
[0.405s] Level 1:colcon.colcon_core.package_identification:_identify(src/path_debug) by extensions ['ignore', 'ignore_ament_install']
[0.405s] Level 1:colcon.colcon_core.package_identification:_identify(src/path_debug) by extension 'ignore'
[0.405s] Level 1:colcon.colcon_core.package_identification:_identify(src/path_debug) by extension 'ignore_ament_install'
[0.405s] Level 1:colcon.colcon_core.package_identification:_identify(src/path_debug) by extensions ['colcon_pkg']
[0.406s] Level 1:colcon.colcon_core.package_identification:_identify(src/path_debug) by extension 'colcon_pkg'
[0.406s] Level 1:colcon.colcon_core.package_identification:_identify(src/path_debug) by extensions ['colcon_meta']
[0.406s] Level 1:colcon.colcon_core.package_identification:_identify(src/path_debug) by extension 'colcon_meta'
[0.406s] Level 1:colcon.colcon_core.package_identification:_identify(src/path_debug) by extensions ['ros']
[0.406s] Level 1:colcon.colcon_core.package_identification:_identify(src/path_debug) by extension 'ros'
[0.407s] DEBUG:colcon.colcon_core.package_identification:Package 'src/path_debug' with type 'ros.ament_python' and name 'path_debug'
[0.407s] Level 1:colcon.colcon_core.package_identification:_identify(src/path_listener) by extensions ['ignore', 'ignore_ament_install']
[0.407s] Level 1:colcon.colcon_core.package_identification:_identify(src/path_listener) by extension 'ignore'
[0.407s] Level 1:colcon.colcon_core.package_identification:_identify(src/path_listener) by extension 'ignore_ament_install'
[0.407s] Level 1:colcon.colcon_core.package_identification:_identify(src/path_listener) by extensions ['colcon_pkg']
[0.407s] Level 1:colcon.colcon_core.package_identification:_identify(src/path_listener) by extension 'colcon_pkg'
[0.407s] Level 1:colcon.colcon_core.package_identification:_identify(src/path_listener) by extensions ['colcon_meta']
[0.407s] Level 1:colcon.colcon_core.package_identification:_identify(src/path_listener) by extension 'colcon_meta'
[0.407s] Level 1:colcon.colcon_core.package_identification:_identify(src/path_listener) by extensions ['ros']
[0.407s] Level 1:colcon.colcon_core.package_identification:_identify(src/path_listener) by extension 'ros'
[0.408s] DEBUG:colcon.colcon_core.package_identification:Package 'src/path_listener' with type 'ros.ament_python' and name 'path_listener'
[0.408s] Level 1:colcon.colcon_core.package_discovery:discover_packages(recursive) using defaults
[0.408s] Level 1:colcon.colcon_core.package_discovery:discover_packages(ignore) discover
[0.408s] Level 1:colcon.colcon_core.package_discovery:discover_packages(ignore) using defaults
[0.408s] Level 1:colcon.colcon_core.package_discovery:discover_packages(path) discover
[0.408s] Level 1:colcon.colcon_core.package_discovery:discover_packages(path) using defaults
[0.436s] Level 1:colcon.colcon_core.package_discovery:discover_packages(prefix_path) check parameters
[0.436s] Level 1:colcon.colcon_core.package_discovery:discover_packages(prefix_path) discover
[0.439s] DEBUG:colcon.colcon_installed_package_information.package_discovery:Found 5 installed packages in /home/udezumo/Sirius_ear/install
[0.441s] DEBUG:colcon.colcon_installed_package_information.package_discovery:Found 439 installed packages in /opt/ros/humble
[0.445s] Level 1:colcon.colcon_core.package_discovery:discover_packages(prefix_path) using defaults
[0.525s] Level 5:colcon.colcon_core.verb:set package 'bluetooth' build argument 'cmake_args' from command line to 'None'
[0.525s] Level 5:colcon.colcon_core.verb:set package 'bluetooth' build argument 'cmake_target' from command line to 'None'
[0.525s] Level 5:colcon.colcon_core.verb:set package 'bluetooth' build argument 'cmake_target_skip_unavailable' from command line to 'False'
[0.526s] Level 5:colcon.colcon_core.verb:set package 'bluetooth' build argument 'cmake_clean_cache' from command line to 'False'
[0.526s] Level 5:colcon.colcon_core.verb:set package 'bluetooth' build argument 'cmake_clean_first' from command line to 'False'
[0.526s] Level 5:colcon.colcon_core.verb:set package 'bluetooth' build argument 'cmake_force_configure' from command line to 'False'
[0.526s] Level 5:colcon.colcon_core.verb:set package 'bluetooth' build argument 'ament_cmake_args' from command line to 'None'
[0.526s] Level 5:colcon.colcon_core.verb:set package 'bluetooth' build argument 'catkin_cmake_args' from command line to 'None'
[0.526s] Level 5:colcon.colcon_core.verb:set package 'bluetooth' build argument 'catkin_skip_building_tests' from command line to 'False'
[0.526s] DEBUG:colcon.colcon_core.verb:Building package 'bluetooth' with the following arguments: {'ament_cmake_args': None, 'build_base': '/home/udezumo/Sirius_ear/build/bluetooth', 'catkin_cmake_args': None, 'catkin_skip_building_tests': False, 'cmake_args': None, 'cmake_clean_cache': False, 'cmake_clean_first': False, 'cmake_force_configure': False, 'cmake_target': None, 'cmake_target_skip_unavailable': False, 'install_base': '/home/udezumo/Sirius_ear/install/bluetooth', 'merge_install': False, 'path': '/home/udezumo/Sirius_ear/src/bluetooth', 'symlink_install': False, 'test_result_base': None}
[0.527s] Level 5:colcon.colcon_core.verb:set package 'curvature' build argument 'cmake_args' from command line to 'None'
[0.527s] Level 5:colcon.colcon_core.verb:set package 'curvature' build argument 'cmake_target' from command line to 'None'
[0.527s] Level 5:colcon.colcon_core.verb:set package 'curvature' build argument 'cmake_target_skip_unavailable' from command line to 'False'
[0.527s] Level 5:colcon.colcon_core.verb:set package 'curvature' build argument 'cmake_clean_cache' from command line to 'False'
[0.527s] Level 5:colcon.colcon_core.verb:set package 'curvature' build argument 'cmake_clean_first' from command line to 'False'
[0.527s] Level 5:colcon.colcon_core.verb:set package 'curvature' build argument 'cmake_force_configure' from command line to 'False'
[0.527s] Level 5:colcon.colcon_core.verb:set package 'curvature' build argument 'ament_cmake_args' from command line to 'None'
[0.527s] Level 5:colcon.colcon_core.verb:set package 'curvature' build argument 'catkin_cmake_args' from command line to 'None'
[0.527s] Level 5:colcon.colcon_core.verb:set package 'curvature' build argument 'catkin_skip_building_tests' from command line to 'False'
[0.527s] DEBUG:colcon.colcon_core.verb:Building package 'curvature' with the following arguments: {'ament_cmake_args': None, 'build_base': '/home/udezumo/Sirius_ear/build/curvature', 'catkin_cmake_args': None, 'catkin_skip_building_tests': False, 'cmake_args': None, 'cmake_clean_cache': False, 'cmake_clean_first': False, 'cmake_force_configure': False, 'cmake_target': None, 'cmake_target_skip_unavailable': False, 'install_base': '/home/udezumo/Sirius_ear/install/curvature', 'merge_install': False, 'path': '/home/udezumo/Sirius_ear/src/curvature', 'symlink_install': False, 'test_result_base': None}
[0.528s] Level 5:colcon.colcon_core.verb:set package 'curvature_local' build argument 'cmake_args' from command line to 'None'
[0.528s] Level 5:colcon.colcon_core.verb:set package 'curvature_local' build argument 'cmake_target' from command line to 'None'
[0.528s] Level 5:colcon.colcon_core.verb:set package 'curvature_local' build argument 'cmake_target_skip_unavailable' from command line to 'False'
[0.528s] Level 5:colcon.colcon_core.verb:set package 'curvature_local' build argument 'cmake_clean_cache' from command line to 'False'
[0.528s] Level 5:colcon.colcon_core.verb:set package 'curvature_local' build argument 'cmake_clean_first' from command line to 'False'
[0.528s] Level 5:colcon.colcon_core.verb:set package 'curvature_local' build argument 'cmake_force_configure' from command line to 'False'
[0.528s] Level 5:colcon.colcon_core.verb:set package 'curvature_local' build argument 'ament_cmake_args' from command line to 'None'
[0.528s] Level 5:colcon.colcon_core.verb:set package 'curvature_local' build argument 'catkin_cmake_args' from command line to 'None'
[0.528s] Level 5:colcon.colcon_core.verb:set package 'curvature_local' build argument 'catkin_skip_building_tests' from command line to 'False'
[0.528s] DEBUG:colcon.colcon_core.verb:Building package 'curvature_local' with the following arguments: {'ament_cmake_args': None, 'build_base': '/home/udezumo/Sirius_ear/build/curvature_local', 'catkin_cmake_args': None, 'catkin_skip_building_tests': False, 'cmake_args': None, 'cmake_clean_cache': False, 'cmake_clean_first': False, 'cmake_force_configure': False, 'cmake_target': None, 'cmake_target_skip_unavailable': False, 'install_base': '/home/udezumo/Sirius_ear/install/curvature_local', 'merge_install': False, 'path': '/home/udezumo/Sirius_ear/src/curvature_local', 'symlink_install': False, 'test_result_base': None}
[0.528s] Level 5:colcon.colcon_core.verb:set package 'path_debug' build argument 'cmake_args' from command line to 'None'
[0.529s] Level 5:colcon.colcon_core.verb:set package 'path_debug' build argument 'cmake_target' from command line to 'None'
[0.529s] Level 5:colcon.colcon_core.verb:set package 'path_debug' build argument 'cmake_target_skip_unavailable' from command line to 'False'
[0.529s] Level 5:colcon.colcon_core.verb:set package 'path_debug' build argument 'cmake_clean_cache' from command line to 'False'
[0.529s] Level 5:colcon.colcon_core.verb:set package 'path_debug' build argument 'cmake_clean_first' from command line to 'False'
[0.529s] Level 5:colcon.colcon_core.verb:set package 'path_debug' build argument 'cmake_force_configure' from command line to 'False'
[0.529s] Level 5:colcon.colcon_core.verb:set package 'path_debug' build argument 'ament_cmake_args' from command line to 'None'
[0.529s] Level 5:colcon.colcon_core.verb:set package 'path_debug' build argument 'catkin_cmake_args' from command line to 'None'
[0.529s] Level 5:colcon.colcon_core.verb:set package 'path_debug' build argument 'catkin_skip_building_tests' from command line to 'False'
[0.529s] DEBUG:colcon.colcon_core.verb:Building package 'path_debug' with the following arguments: {'ament_cmake_args': None, 'build_base': '/home/udezumo/Sirius_ear/build/path_debug', 'catkin_cmake_args': None, 'catkin_skip_building_tests': False, 'cmake_args': None, 'cmake_clean_cache': False, 'cmake_clean_first': False, 'cmake_force_configure': False, 'cmake_target': None, 'cmake_target_skip_unavailable': False, 'install_base': '/home/udezumo/Sirius_ear/install/path_debug', 'merge_install': False, 'path': '/home/udezumo/Sirius_ear/src/path_debug', 'symlink_install': False, 'test_result_base': None}
[0.529s] Level 5:colcon.colcon_core.verb:set package 'path_listener' build argument 'cmake_args' from command line to 'None'
[0.529s] Level 5:colcon.colcon_core.verb:set package 'path_listener' build argument 'cmake_target' from command line to 'None'
[0.529s] Level 5:colcon.colcon_core.verb:set package 'path_listener' build argument 'cmake_target_skip_unavailable' from command line to 'False'
[0.529s] Level 5:colcon.colcon_core.verb:set package 'path_listener' build argument 'cmake_clean_cache' from command line to 'False'
[0.529s] Level 5:colcon.colcon_core.verb:set package 'path_listener' build argument 'cmake_clean_first' from command line to 'False'
[0.529s] Level 5:colcon.colcon_core.verb:set package 'path_listener' build argument 'cmake_force_configure' from command line to 'False'
[0.529s] Level 5:colcon.colcon_core.verb:set package 'path_listener' build argument 'ament_cmake_args' from command line to 'None'
[0.529s] Level 5:colcon.colcon_core.verb:set package 'path_listener' build argument 'catkin_cmake_args' from command line to 'None'
[0.530s] Level 5:colcon.colcon_core.verb:set package 'path_listener' build argument 'catkin_skip_building_tests' from command line to 'False'
[0.530s] DEBUG:colcon.colcon_core.verb:Building package 'path_listener' with the following arguments: {'ament_cmake_args': None, 'build_base': '/home/udezumo/Sirius_ear/build/path_listener', 'catkin_cmake_args': None, 'catkin_skip_building_tests': False, 'cmake_args': None, 'cmake_clean_cache': False, 'cmake_clean_first': False, 'cmake_force_configure': False, 'cmake_target': None, 'cmake_target_skip_unavailable': False, 'install_base': '/home/udezumo/Sirius_ear/install/path_listener', 'merge_install': False, 'path': '/home/udezumo/Sirius_ear/src/path_listener', 'symlink_install': False, 'test_result_base': None}
[0.530s] INFO:colcon.colcon_core.executor:Executing jobs using 'parallel' executor
[0.532s] DEBUG:colcon.colcon_parallel_executor.executor.parallel:run_until_complete
[0.532s] INFO:colcon.colcon_ros.task.ament_python.build:Building ROS package in '/home/udezumo/Sirius_ear/src/bluetooth' with build type 'ament_python'
[0.532s] Level 1:colcon.colcon_core.shell:create_environment_hook('bluetooth', 'ament_prefix_path')
[0.536s] INFO:colcon.colcon_core.plugin_system:Skipping extension 'colcon_core.shell.bat': Not used on non-Windows systems
[0.536s] INFO:colcon.colcon_core.shell:Creating environment hook '/home/udezumo/Sirius_ear/install/bluetooth/share/bluetooth/hook/ament_prefix_path.ps1'
[0.539s] INFO:colcon.colcon_core.shell:Creating environment descriptor '/home/udezumo/Sirius_ear/install/bluetooth/share/bluetooth/hook/ament_prefix_path.dsv'
[0.541s] INFO:colcon.colcon_core.shell:Creating environment hook '/home/udezumo/Sirius_ear/install/bluetooth/share/bluetooth/hook/ament_prefix_path.sh'
[0.543s] INFO:colcon.colcon_core.shell:Skip shell extension 'powershell' for command environment: Not usable outside of PowerShell
[0.543s] DEBUG:colcon.colcon_core.shell:Skip shell extension 'dsv' for command environment
[0.557s] INFO:colcon.colcon_ros.task.ament_python.build:Building ROS package in '/home/udezumo/Sirius_ear/src/curvature' with build type 'ament_python'
[0.557s] Level 1:colcon.colcon_core.shell:create_environment_hook('curvature', 'ament_prefix_path')
[0.557s] INFO:colcon.colcon_core.shell:Creating environment hook '/home/udezumo/Sirius_ear/install/curvature/share/curvature/hook/ament_prefix_path.ps1'
[0.558s] INFO:colcon.colcon_core.shell:Creating environment descriptor '/home/udezumo/Sirius_ear/install/curvature/share/curvature/hook/ament_prefix_path.dsv'
[0.558s] INFO:colcon.colcon_core.shell:Creating environment hook '/home/udezumo/Sirius_ear/install/curvature/share/curvature/hook/ament_prefix_path.sh'
[0.559s] INFO:colcon.colcon_core.shell:Skip shell extension 'powershell' for command environment: Not usable outside of PowerShell
[0.559s] DEBUG:colcon.colcon_core.shell:Skip shell extension 'dsv' for command environment
[0.567s] INFO:colcon.colcon_ros.task.ament_python.build:Building ROS package in '/home/udezumo/Sirius_ear/src/curvature_local' with build type 'ament_python'
[0.567s] Level 1:colcon.colcon_core.shell:create_environment_hook('curvature_local', 'ament_prefix_path')
[0.568s] INFO:colcon.colcon_core.shell:Creating environment hook '/home/udezumo/Sirius_ear/install/curvature_local/share/curvature_local/hook/ament_prefix_path.ps1'
[0.569s] INFO:colcon.colcon_core.shell:Creating environment descriptor '/home/udezumo/Sirius_ear/install/curvature_local/share/curvature_local/hook/ament_prefix_path.dsv'
[0.569s] INFO:colcon.colcon_core.shell:Creating environment hook '/home/udezumo/Sirius_ear/install/curvature_local/share/curvature_local/hook/ament_prefix_path.sh'
[0.570s] INFO:colcon.colcon_core.shell:Skip shell extension 'powershell' for command environment: Not usable outside of PowerShell
[0.570s] DEBUG:colcon.colcon_core.shell:Skip shell extension 'dsv' for command environment
[0.577s] INFO:colcon.colcon_ros.task.ament_python.build:Building ROS package in '/home/udezumo/Sirius_ear/src/path_debug' with build type 'ament_python'
[0.577s] Level 1:colcon.colcon_core.shell:create_environment_hook('path_debug', 'ament_prefix_path')
[0.578s] INFO:colcon.colcon_core.shell:Creating environment hook '/home/udezumo/Sirius_ear/install/path_debug/share/path_debug/hook/ament_prefix_path.ps1'
[0.579s] INFO:colcon.colcon_core.shell:Creating environment descriptor '/home/udezumo/Sirius_ear/install/path_debug/share/path_debug/hook/ament_prefix_path.dsv'
[0.580s] INFO:colcon.colcon_core.shell:Creating environment hook '/home/udezumo/Sirius_ear/install/path_debug/share/path_debug/hook/ament_prefix_path.sh'
[0.581s] INFO:colcon.colcon_core.shell:Skip shell extension 'powershell' for command environment: Not usable outside of PowerShell
[0.581s] DEBUG:colcon.colcon_core.shell:Skip shell extension 'dsv' for command environment
[0.598s] INFO:colcon.colcon_ros.task.ament_python.build:Building ROS package in '/home/udezumo/Sirius_ear/src/path_listener' with build type 'ament_python'
[0.598s] Level 1:colcon.colcon_core.shell:create_environment_hook('path_listener', 'ament_prefix_path')
[0.599s] INFO:colcon.colcon_core.shell:Creating environment hook '/home/udezumo/Sirius_ear/install/path_listener/share/path_listener/hook/ament_prefix_path.ps1'
[0.601s] INFO:colcon.colcon_core.shell:Creating environment descriptor '/home/udezumo/Sirius_ear/install/path_listener/share/path_listener/hook/ament_prefix_path.dsv'
[0.602s] INFO:colcon.colcon_core.shell:Creating environment hook '/home/udezumo/Sirius_ear/install/path_listener/share/path_listener/hook/ament_prefix_path.sh'
[0.604s] INFO:colcon.colcon_core.shell:Skip shell extension 'powershell' for command environment: Not usable outside of PowerShell
[0.604s] DEBUG:colcon.colcon_core.shell:Skip shell extension 'dsv' for command environment
[1.038s] INFO:colcon.colcon_core.task.python.build:Building Python package in '/home/udezumo/Sirius_ear/src/bluetooth'
[1.038s] INFO:colcon.colcon_core.shell:Skip shell extension 'powershell' for command environment: Not usable outside of PowerShell
[1.039s] DEBUG:colcon.colcon_core.shell:Skip shell extension 'dsv' for command environment
[1.353s] INFO:colcon.colcon_core.task.python.build:Building Python package in '/home/udezumo/Sirius_ear/src/curvature'
[1.353s] INFO:colcon.colcon_core.shell:Skip shell extension 'powershell' for command environment: Not usable outside of PowerShell
[1.354s] DEBUG:colcon.colcon_core.shell:Skip shell extension 'dsv' for command environment
[1.587s] INFO:colcon.colcon_core.task.python.build:Building Python package in '/home/udezumo/Sirius_ear/src/curvature_local'
[1.587s] INFO:colcon.colcon_core.shell:Skip shell extension 'powershell' for command environment: Not usable outside of PowerShell
[1.587s] DEBUG:colcon.colcon_core.shell:Skip shell extension 'dsv' for command environment
[1.828s] INFO:colcon.colcon_core.task.python.build:Building Python package in '/home/udezumo/Sirius_ear/src/path_debug'
[1.828s] INFO:colcon.colcon_core.shell:Skip shell extension 'powershell' for command environment: Not usable outside of PowerShell
[1.828s] DEBUG:colcon.colcon_core.shell:Skip shell extension 'dsv' for command environment
[2.053s] INFO:colcon.colcon_core.task.python.build:Building Python package in '/home/udezumo/Sirius_ear/src/path_listener'
[2.054s] INFO:colcon.colcon_core.shell:Skip shell extension 'powershell' for command environment: Not usable outside of PowerShell
[2.054s] DEBUG:colcon.colcon_core.shell:Skip shell extension 'dsv' for command environment
[2.575s] DEBUG:colcon.colcon_core.event_handler.log_command:Invoking command in '/home/udezumo/Sirius_ear/src/path_debug': PYTHONPATH=/home/udezumo/Sirius_ear/build/path_debug/prefix_override:/usr/lib/python3/dist-packages/colcon_core/task/python/colcon_distutils_commands:/home/udezumo/Sirius_ear/install/path_debug/lib/python3.10/site-packages:${PYTHONPATH} /usr/bin/python3 -W ignore:setup.py install is deprecated -W ignore:easy_install command is deprecated setup.py egg_info --egg-base ../../build/path_debug build --build-base /home/udezumo/Sirius_ear/build/path_debug/build install --record /home/udezumo/Sirius_ear/build/path_debug/install.log --single-version-externally-managed install_data
[2.584s] DEBUG:colcon.colcon_core.event_handler.log_command:Invoking command in '/home/udezumo/Sirius_ear/src/curvature_local': PYTHONPATH=/home/udezumo/Sirius_ear/build/curvature_local/prefix_override:/usr/lib/python3/dist-packages/colcon_core/task/python/colcon_distutils_commands:/home/udezumo/Sirius_ear/install/curvature_local/lib/python3.10/site-packages:${PYTHONPATH} /usr/bin/python3 -W ignore:setup.py install is deprecated -W ignore:easy_install command is deprecated setup.py egg_info --egg-base ../../build/curvature_local build --build-base /home/udezumo/Sirius_ear/build/curvature_local/build install --record /home/udezumo/Sirius_ear/build/curvature_local/install.log --single-version-externally-managed install_data
[2.641s] DEBUG:colcon.colcon_core.event_handler.log_command:Invoking command in '/home/udezumo/Sirius_ear/src/path_listener': PYTHONPATH=/home/udezumo/Sirius_ear/build/path_listener/prefix_override:/usr/lib/python3/dist-packages/colcon_core/task/python/colcon_distutils_commands:/home/udezumo/Sirius_ear/install/path_listener/lib/python3.10/site-packages:${PYTHONPATH} /usr/bin/python3 -W ignore:setup.py install is deprecated -W ignore:easy_install command is deprecated setup.py egg_info --egg-base ../../build/path_listener build --build-base /home/udezumo/Sirius_ear/build/path_listener/build install --record /home/udezumo/Sirius_ear/build/path_listener/install.log --single-version-externally-managed install_data
[2.669s] DEBUG:colcon.colcon_core.event_handler.log_command:Invoking command in '/home/udezumo/Sirius_ear/src/bluetooth': PYTHONPATH=/home/udezumo/Sirius_ear/build/bluetooth/prefix_override:/usr/lib/python3/dist-packages/colcon_core/task/python/colcon_distutils_commands:/home/udezumo/Sirius_ear/install/bluetooth/lib/python3.10/site-packages:${PYTHONPATH} /usr/bin/python3 -W ignore:setup.py install is deprecated -W ignore:easy_install command is deprecated setup.py egg_info --egg-base ../../build/bluetooth build --build-base /home/udezumo/Sirius_ear/build/bluetooth/build install --record /home/udezumo/Sirius_ear/build/bluetooth/install.log --single-version-externally-managed install_data
[2.675s] DEBUG:colcon.colcon_core.event_handler.log_command:Invoking command in '/home/udezumo/Sirius_ear/src/curvature': PYTHONPATH=/home/udezumo/Sirius_ear/build/curvature/prefix_override:/usr/lib/python3/dist-packages/colcon_core/task/python/colcon_distutils_commands:/home/udezumo/Sirius_ear/install/curvature/lib/python3.10/site-packages:${PYTHONPATH} /usr/bin/python3 -W ignore:setup.py install is deprecated -W ignore:easy_install command is deprecated setup.py egg_info --egg-base ../../build/curvature build --build-base /home/udezumo/Sirius_ear/build/curvature/build install --record /home/udezumo/Sirius_ear/build/curvature/install.log --single-version-externally-managed install_data
[3.023s] Level 1:colcon.colcon_core.environment:checking '/home/udezumo/Sirius_ear/install/path_debug' for CMake module files
[3.024s] DEBUG:colcon.colcon_core.event_handler.log_command:Invoked command in '/home/udezumo/Sirius_ear/src/path_debug' returned '0': PYTHONPATH=/home/udezumo/Sirius_ear/build/path_debug/prefix_override:/usr/lib/python3/dist-packages/colcon_core/task/python/colcon_distutils_commands:/home/udezumo/Sirius_ear/install/path_debug/lib/python3.10/site-packages:${PYTHONPATH} /usr/bin/python3 -W ignore:setup.py install is deprecated -W ignore:easy_install command is deprecated setup.py egg_info --egg-base ../../build/path_debug build --build-base /home/udezumo/Sirius_ear/build/path_debug/build install --record /home/udezumo/Sirius_ear/build/path_debug/install.log --single-version-externally-managed install_data
[3.026s] Level 1:colcon.colcon_core.environment:checking '/home/udezumo/Sirius_ear/install/path_debug' for CMake config files
[3.027s] Level 1:colcon.colcon_core.environment:checking '/home/udezumo/Sirius_ear/install/path_debug/lib'
[3.027s] Level 1:colcon.colcon_core.environment:checking '/home/udezumo/Sirius_ear/install/path_debug/bin'
[3.027s] Level 1:colcon.colcon_core.environment:checking '/home/udezumo/Sirius_ear/install/path_debug/lib/pkgconfig/path_debug.pc'
[3.028s] Level 1:colcon.colcon_core.environment:checking '/home/udezumo/Sirius_ear/install/path_debug/lib/python3.10/site-packages'
[3.028s] Level 1:colcon.colcon_core.shell:create_environment_hook('path_debug', 'pythonpath')
[3.028s] INFO:colcon.colcon_core.shell:Creating environment hook '/home/udezumo/Sirius_ear/install/path_debug/share/path_debug/hook/pythonpath.ps1'
[3.031s] INFO:colcon.colcon_core.shell:Creating environment descriptor '/home/udezumo/Sirius_ear/install/path_debug/share/path_debug/hook/pythonpath.dsv'
[3.032s] INFO:colcon.colcon_core.shell:Creating environment hook '/home/udezumo/Sirius_ear/install/path_debug/share/path_debug/hook/pythonpath.sh'
[3.033s] Level 1:colcon.colcon_core.environment:checking '/home/udezumo/Sirius_ear/install/path_debug/bin'
[3.036s] Level 1:colcon.colcon_core.environment:create_environment_scripts_only(path_debug)
[3.037s] INFO:colcon.colcon_core.shell:Creating package script '/home/udezumo/Sirius_ear/install/path_debug/share/path_debug/package.ps1'
[3.041s] INFO:colcon.colcon_core.shell:Creating package descriptor '/home/udezumo/Sirius_ear/install/path_debug/share/path_debug/package.dsv'
[3.042s] INFO:colcon.colcon_core.shell:Creating package script '/home/udezumo/Sirius_ear/install/path_debug/share/path_debug/package.sh'
[3.044s] INFO:colcon.colcon_core.shell:Creating package script '/home/udezumo/Sirius_ear/install/path_debug/share/path_debug/package.bash'
[3.045s] INFO:colcon.colcon_core.shell:Creating package script '/home/udezumo/Sirius_ear/install/path_debug/share/path_debug/package.zsh'
[3.046s] Level 1:colcon.colcon_core.environment:create_file_with_runtime_dependencies(/home/udezumo/Sirius_ear/install/path_debug/share/colcon-core/packages/path_debug)
[3.053s] Level 1:colcon.colcon_core.environment:checking '/home/udezumo/Sirius_ear/install/curvature_local' for CMake module files
[3.054s] Level 1:colcon.colcon_core.environment:checking '/home/udezumo/Sirius_ear/install/curvature_local' for CMake config files
[3.055s] DEBUG:colcon.colcon_core.event_handler.log_command:Invoked command in '/home/udezumo/Sirius_ear/src/curvature_local' returned '0': PYTHONPATH=/home/udezumo/Sirius_ear/build/curvature_local/prefix_override:/usr/lib/python3/dist-packages/colcon_core/task/python/colcon_distutils_commands:/home/udezumo/Sirius_ear/install/curvature_local/lib/python3.10/site-packages:${PYTHONPATH} /usr/bin/python3 -W ignore:setup.py install is deprecated -W ignore:easy_install command is deprecated setup.py egg_info --egg-base ../../build/curvature_local build --build-base /home/udezumo/Sirius_ear/build/curvature_local/build install --record /home/udezumo/Sirius_ear/build/curvature_local/install.log --single-version-externally-managed install_data
[3.055s] Level 1:colcon.colcon_core.environment:checking '/home/udezumo/Sirius_ear/install/curvature_local/lib'
[3.056s] Level 1:colcon.colcon_core.environment:checking '/home/udezumo/Sirius_ear/install/curvature_local/bin'
[3.056s] Level 1:colcon.colcon_core.environment:checking '/home/udezumo/Sirius_ear/install/curvature_local/lib/pkgconfig/curvature_local.pc'
[3.056s] Level 1:colcon.colcon_core.environment:checking '/home/udezumo/Sirius_ear/install/curvature_local/lib/python3.10/site-packages'
[3.056s] Level 1:colcon.colcon_core.shell:create_environment_hook('curvature_local', 'pythonpath')
[3.057s] INFO:colcon.colcon_core.shell:Creating environment hook '/home/udezumo/Sirius_ear/install/curvature_local/share/curvature_local/hook/pythonpath.ps1'
[3.058s] INFO:colcon.colcon_core.shell:Creating environment descriptor '/home/udezumo/Sirius_ear/install/curvature_local/share/curvature_local/hook/pythonpath.dsv'
[3.059s] INFO:colcon.colcon_core.shell:Creating environment hook '/home/udezumo/Sirius_ear/install/curvature_local/share/curvature_local/hook/pythonpath.sh'
[3.061s] Level 1:colcon.colcon_core.environment:checking '/home/udezumo/Sirius_ear/install/curvature_local/bin'
[3.062s] Level 1:colcon.colcon_core.environment:create_environment_scripts_only(curvature_local)
[3.062s] INFO:colcon.colcon_core.shell:Creating package script '/home/udezumo/Sirius_ear/install/curvature_local/share/curvature_local/package.ps1'
[3.063s] INFO:colcon.colcon_core.shell:Creating package descriptor '/home/udezumo/Sirius_ear/install/curvature_local/share/curvature_local/package.dsv'
[3.064s] INFO:colcon.colcon_core.shell:Creating package script '/home/udezumo/Sirius_ear/install/curvature_local/share/curvature_local/package.sh'
[3.066s] INFO:colcon.colcon_core.shell:Creating package script '/home/udezumo/Sirius_ear/install/curvature_local/share/curvature_local/package.bash'
[3.066s] INFO:colcon.colcon_core.shell:Creating package script '/home/udezumo/Sirius_ear/install/curvature_local/share/curvature_local/package.zsh'
[3.068s] Level 1:colcon.colcon_core.environment:create_file_with_runtime_dependencies(/home/udezumo/Sirius_ear/install/curvature_local/share/colcon-core/packages/curvature_local)
[3.109s] Level 1:colcon.colcon_core.environment:checking '/home/udezumo/Sirius_ear/install/path_listener' for CMake module files
[3.109s] Level 1:colcon.colcon_core.environment:checking '/home/udezumo/Sirius_ear/install/path_listener' for CMake config files
[3.110s] DEBUG:colcon.colcon_core.event_handler.log_command:Invoked command in '/home/udezumo/Sirius_ear/src/path_listener' returned '0': PYTHONPATH=/home/udezumo/Sirius_ear/build/path_listener/prefix_override:/usr/lib/python3/dist-packages/colcon_core/task/python/colcon_distutils_commands:/home/udezumo/Sirius_ear/install/path_listener/lib/python3.10/site-packages:${PYTHONPATH} /usr/bin/python3 -W ignore:setup.py install is deprecated -W ignore:easy_install command is deprecated setup.py egg_info --egg-base ../../build/path_listener build --build-base /home/udezumo/Sirius_ear/build/path_listener/build install --record /home/udezumo/Sirius_ear/build/path_listener/install.log --single-version-externally-managed install_data
[3.110s] Level 1:colcon.colcon_core.environment:checking '/home/udezumo/Sirius_ear/install/path_listener/lib'
[3.110s] Level 1:colcon.colcon_core.environment:checking '/home/udezumo/Sirius_ear/install/path_listener/bin'
[3.110s] Level 1:colcon.colcon_core.environment:checking '/home/udezumo/Sirius_ear/install/path_listener/lib/pkgconfig/path_listener.pc'
[3.110s] Level 1:colcon.colcon_core.environment:checking '/home/udezumo/Sirius_ear/install/path_listener/lib/python3.10/site-packages'
[3.111s] Level 1:colcon.colcon_core.shell:create_environment_hook('path_listener', 'pythonpath')
[3.111s] INFO:colcon.colcon_core.shell:Creating environment hook '/home/udezumo/Sirius_ear/install/path_listener/share/path_listener/hook/pythonpath.ps1'
[3.111s] INFO:colcon.colcon_core.shell:Creating environment descriptor '/home/udezumo/Sirius_ear/install/path_listener/share/path_listener/hook/pythonpath.dsv'
[3.112s] INFO:colcon.colcon_core.shell:Creating environment hook '/home/udezumo/Sirius_ear/install/path_listener/share/path_listener/hook/pythonpath.sh'
[3.113s] Level 1:colcon.colcon_core.environment:checking '/home/udezumo/Sirius_ear/install/path_listener/bin'
[3.113s] Level 1:colcon.colcon_core.environment:create_environment_scripts_only(path_listener)
[3.115s] INFO:colcon.colcon_core.shell:Creating package script '/home/udezumo/Sirius_ear/install/path_listener/share/path_listener/package.ps1'
[3.116s] INFO:colcon.colcon_core.shell:Creating package descriptor '/home/udezumo/Sirius_ear/install/path_listener/share/path_listener/package.dsv'
[3.116s] INFO:colcon.colcon_core.shell:Creating package script '/home/udezumo/Sirius_ear/install/path_listener/share/path_listener/package.sh'
[3.117s] INFO:colcon.colcon_core.shell:Creating package script '/home/udezumo/Sirius_ear/install/path_listener/share/path_listener/package.bash'
[3.119s] INFO:colcon.colcon_core.shell:Creating package script '/home/udezumo/Sirius_ear/install/path_listener/share/path_listener/package.zsh'
[3.119s] Level 1:colcon.colcon_core.environment:create_file_with_runtime_dependencies(/home/udezumo/Sirius_ear/install/path_listener/share/colcon-core/packages/path_listener)
[3.142s] Level 1:colcon.colcon_core.environment:checking '/home/udezumo/Sirius_ear/install/bluetooth' for CMake module files
[3.143s] DEBUG:colcon.colcon_core.event_handler.log_command:Invoked command in '/home/udezumo/Sirius_ear/src/bluetooth' returned '0': PYTHONPATH=/home/udezumo/Sirius_ear/build/bluetooth/prefix_override:/usr/lib/python3/dist-packages/colcon_core/task/python/colcon_distutils_commands:/home/udezumo/Sirius_ear/install/bluetooth/lib/python3.10/site-packages:${PYTHONPATH} /usr/bin/python3 -W ignore:setup.py install is deprecated -W ignore:easy_install command is deprecated setup.py egg_info --egg-base ../../build/bluetooth build --build-base /home/udezumo/Sirius_ear/build/bluetooth/build install --record /home/udezumo/Sirius_ear/build/bluetooth/install.log --single-version-externally-managed install_data
[3.144s] Level 1:colcon.colcon_core.environment:checking '/home/udezumo/Sirius_ear/install/bluetooth' for CMake config files
[3.145s] Level 1:colcon.colcon_core.environment:checking '/home/udezumo/Sirius_ear/install/bluetooth/lib'
[3.145s] Level 1:colcon.colcon_core.environment:checking '/home/udezumo/Sirius_ear/install/bluetooth/bin'
[3.146s] Level 1:colcon.colcon_core.environment:checking '/home/udezumo/Sirius_ear/install/bluetooth/lib/pkgconfig/bluetooth.pc'
[3.147s] Level 1:colcon.colcon_core.environment:checking '/home/udezumo/Sirius_ear/install/bluetooth/lib/python3.10/site-packages'
[3.147s] Level 1:colcon.colcon_core.shell:create_environment_hook('bluetooth', 'pythonpath')
[3.148s] INFO:colcon.colcon_core.shell:Creating environment hook '/home/udezumo/Sirius_ear/install/bluetooth/share/bluetooth/hook/pythonpath.ps1'
[3.150s] INFO:colcon.colcon_core.shell:Creating environment descriptor '/home/udezumo/Sirius_ear/install/bluetooth/share/bluetooth/hook/pythonpath.dsv'
[3.152s] INFO:colcon.colcon_core.shell:Creating environment hook '/home/udezumo/Sirius_ear/install/bluetooth/share/bluetooth/hook/pythonpath.sh'
[3.152s] Level 1:colcon.colcon_core.environment:checking '/home/udezumo/Sirius_ear/install/bluetooth/bin'
[3.152s] Level 1:colcon.colcon_core.environment:create_environment_scripts_only(bluetooth)
[3.153s] INFO:colcon.colcon_core.shell:Creating package script '/home/udezumo/Sirius_ear/install/bluetooth/share/bluetooth/package.ps1'
[3.153s] INFO:colcon.colcon_core.shell:Creating package descriptor '/home/udezumo/Sirius_ear/install/bluetooth/share/bluetooth/package.dsv'
[3.154s] INFO:colcon.colcon_core.shell:Creating package script '/home/udezumo/Sirius_ear/install/bluetooth/share/bluetooth/package.sh'
[3.154s] INFO:colcon.colcon_core.shell:Creating package script '/home/udezumo/Sirius_ear/install/bluetooth/share/bluetooth/package.bash'
[3.155s] INFO:colcon.colcon_core.shell:Creating package script '/home/udezumo/Sirius_ear/install/bluetooth/share/bluetooth/package.zsh'
[3.155s] Level 1:colcon.colcon_core.environment:create_file_with_runtime_dependencies(/home/udezumo/Sirius_ear/install/bluetooth/share/colcon-core/packages/bluetooth)
[3.192s] Level 1:colcon.colcon_core.environment:checking '/home/udezumo/Sirius_ear/install/curvature' for CMake module files
[3.193s] DEBUG:colcon.colcon_core.event_handler.log_command:Invoked command in '/home/udezumo/Sirius_ear/src/curvature' returned '0': PYTHONPATH=/home/udezumo/Sirius_ear/build/curvature/prefix_override:/usr/lib/python3/dist-packages/colcon_core/task/python/colcon_distutils_commands:/home/udezumo/Sirius_ear/install/curvature/lib/python3.10/site-packages:${PYTHONPATH} /usr/bin/python3 -W ignore:setup.py install is deprecated -W ignore:easy_install command is deprecated setup.py egg_info --egg-base ../../build/curvature build --build-base /home/udezumo/Sirius_ear/build/curvature/build install --record /home/udezumo/Sirius_ear/build/curvature/install.log --single-version-externally-managed install_data
[3.193s] Level 1:colcon.colcon_core.environment:checking '/home/udezumo/Sirius_ear/install/curvature' for CMake config files
[3.194s] Level 1:colcon.colcon_core.environment:checking '/home/udezumo/Sirius_ear/install/curvature/lib'
[3.194s] Level 1:colcon.colcon_core.environment:checking '/home/udezumo/Sirius_ear/install/curvature/bin'
[3.194s] Level 1:colcon.colcon_core.environment:checking '/home/udezumo/Sirius_ear/install/curvature/lib/pkgconfig/curvature.pc'
[3.194s] Level 1:colcon.colcon_core.environment:checking '/home/udezumo/Sirius_ear/install/curvature/lib/python3.10/site-packages'
[3.194s] Level 1:colcon.colcon_core.shell:create_environment_hook('curvature', 'pythonpath')
[3.194s] INFO:colcon.colcon_core.shell:Creating environment hook '/home/udezumo/Sirius_ear/install/curvature/share/curvature/hook/pythonpath.ps1'
[3.195s] INFO:colcon.colcon_core.shell:Creating environment descriptor '/home/udezumo/Sirius_ear/install/curvature/share/curvature/hook/pythonpath.dsv'
[3.195s] INFO:colcon.colcon_core.shell:Creating environment hook '/home/udezumo/Sirius_ear/install/curvature/share/curvature/hook/pythonpath.sh'
[3.196s] Level 1:colcon.colcon_core.environment:checking '/home/udezumo/Sirius_ear/install/curvature/bin'
[3.196s] Level 1:colcon.colcon_core.environment:create_environment_scripts_only(curvature)
[3.196s] INFO:colcon.colcon_core.shell:Creating package script '/home/udezumo/Sirius_ear/install/curvature/share/curvature/package.ps1'
[3.196s] INFO:colcon.colcon_core.shell:Creating package descriptor '/home/udezumo/Sirius_ear/install/curvature/share/curvature/package.dsv'
[3.197s] INFO:colcon.colcon_core.shell:Creating package script '/home/udezumo/Sirius_ear/install/curvature/share/curvature/package.sh'
[3.197s] INFO:colcon.colcon_core.shell:Creating package script '/home/udezumo/Sirius_ear/install/curvature/share/curvature/package.bash'
[3.198s] INFO:colcon.colcon_core.shell:Creating package script '/home/udezumo/Sirius_ear/install/curvature/share/curvature/package.zsh'
[3.198s] Level 1:colcon.colcon_core.environment:create_file_with_runtime_dependencies(/home/udezumo/Sirius_ear/install/curvature/share/colcon-core/packages/curvature)
[3.198s] DEBUG:colcon.colcon_parallel_executor.executor.parallel:closing loop
[3.198s] DEBUG:colcon.colcon_parallel_executor.executor.parallel:loop closed
[3.198s] DEBUG:colcon.colcon_parallel_executor.executor.parallel:run_until_complete finished with '0'
[3.198s] DEBUG:colcon.colcon_core.event_reactor:joining thread
[3.203s] INFO:colcon.colcon_core.plugin_system:Skipping extension 'colcon_notification.desktop_notification.terminal_notifier': Not used on non-Darwin systems
[3.203s] INFO:colcon.colcon_core.plugin_system:Skipping extension 'colcon_notification.desktop_notification.win32': Not used on non-Windows systems
[3.203s] INFO:colcon.colcon_notification.desktop_notification:Sending desktop notification using 'notify2'
[3.218s] DEBUG:colcon.colcon_core.event_reactor:joined thread
[3.218s] INFO:colcon.colcon_core.shell:Creating prefix script '/home/udezumo/Sirius_ear/install/local_setup.ps1'
[3.219s] INFO:colcon.colcon_core.shell:Creating prefix util module '/home/udezumo/Sirius_ear/install/_local_setup_util_ps1.py'
[3.222s] INFO:colcon.colcon_core.shell:Creating prefix chain script '/home/udezumo/Sirius_ear/install/setup.ps1'
[3.223s] INFO:colcon.colcon_core.shell:Creating prefix script '/home/udezumo/Sirius_ear/install/local_setup.sh'
[3.224s] INFO:colcon.colcon_core.shell:Creating prefix util module '/home/udezumo/Sirius_ear/install/_local_setup_util_sh.py'
[3.225s] INFO:colcon.colcon_core.shell:Creating prefix chain script '/home/udezumo/Sirius_ear/install/setup.sh'
[3.226s] INFO:colcon.colcon_core.shell:Creating prefix script '/home/udezumo/Sirius_ear/install/local_setup.bash'
[3.227s] INFO:colcon.colcon_core.shell:Creating prefix chain script '/home/udezumo/Sirius_ear/install/setup.bash'
[3.228s] INFO:colcon.colcon_core.shell:Creating prefix script '/home/udezumo/Sirius_ear/install/local_setup.zsh'
[3.229s] INFO:colcon.colcon_core.shell:Creating prefix chain script '/home/udezumo/Sirius_ear/install/setup.zsh'
