[2.511s] Invoking command in '/home/udezumo/Sirius_ear/src/path_listener': PYTHONPATH=/home/udezumo/Sirius_ear/build/path_listener/prefix_override:/usr/lib/python3/dist-packages/colcon_core/task/python/colcon_distutils_commands:/home/udezumo/Sirius_ear/install/path_listener/lib/python3.10/site-packages:${PYTHONPATH} /usr/bin/python3 -W ignore:setup.py install is deprecated -W ignore:easy_install command is deprecated setup.py egg_info --egg-base ../../build/path_listener build --build-base /home/udezumo/Sirius_ear/build/path_listener/build install --record /home/udezumo/Sirius_ear/build/path_listener/install.log --single-version-externally-managed install_data
[2.990s] running egg_info
[2.992s] writing ../../build/path_listener/path_listener.egg-info/PKG-INFO
[2.993s] writing dependency_links to ../../build/path_listener/path_listener.egg-info/dependency_links.txt
[2.998s] writing entry points to ../../build/path_listener/path_listener.egg-info/entry_points.txt
[2.998s] writing requirements to ../../build/path_listener/path_listener.egg-info/requires.txt
[2.999s] writing top-level names to ../../build/path_listener/path_listener.egg-info/top_level.txt
[2.999s] reading manifest file '../../build/path_listener/path_listener.egg-info/SOURCES.txt'
[3.000s] writing manifest file '../../build/path_listener/path_listener.egg-info/SOURCES.txt'
[3.000s] running build
[3.000s] running build_py
[3.001s] running install
[3.001s] running install_lib
[3.005s] running install_data
[3.006s] running install_egg_info
[3.019s] removing '/home/udezumo/Sirius_ear/install/path_listener/lib/python3.10/site-packages/path_listener-0.0.0-py3.10.egg-info' (and everything under it)
[3.019s] Copying ../../build/path_listener/path_listener.egg-info to /home/udezumo/Sirius_ear/install/path_listener/lib/python3.10/site-packages/path_listener-0.0.0-py3.10.egg-info
[3.027s] running install_scripts
[3.080s] Installing path_listener_node script to /home/udezumo/Sirius_ear/install/path_listener/lib/path_listener
[3.081s] writing list of installed files to '/home/udezumo/Sirius_ear/build/path_listener/install.log'
[3.204s] Invoked command in '/home/udezumo/Sirius_ear/src/path_listener' returned '0': PYTHONPATH=/home/udezumo/Sirius_ear/build/path_listener/prefix_override:/usr/lib/python3/dist-packages/colcon_core/task/python/colcon_distutils_commands:/home/udezumo/Sirius_ear/install/path_listener/lib/python3.10/site-packages:${PYTHONPATH} /usr/bin/python3 -W ignore:setup.py install is deprecated -W ignore:easy_install command is deprecated setup.py egg_info --egg-base ../../build/path_listener build --build-base /home/udezumo/Sirius_ear/build/path_listener/build install --record /home/udezumo/Sirius_ear/build/path_listener/install.log --single-version-externally-managed install_data
