[1.268s] Invoking command in '/home/udezumo/Sirius_ear/src/bluetooth': PYTHONPATH=/home/udezumo/Sirius_ear/build/bluetooth/prefix_override:/usr/lib/python3/dist-packages/colcon_core/task/python/colcon_distutils_commands:/home/udezumo/Sirius_ear/install/bluetooth/lib/python3.10/site-packages:${PYTHONPATH} /usr/bin/python3 -W ignore:setup.py install is deprecated -W ignore:easy_install command is deprecated setup.py egg_info --egg-base ../../build/bluetooth build --build-base /home/udezumo/Sirius_ear/build/bluetooth/build install --record /home/udezumo/Sirius_ear/build/bluetooth/install.log --single-version-externally-managed install_data
[1.476s] running egg_info
[1.476s] writing ../../build/bluetooth/bluetooth.egg-info/PKG-INFO
[1.476s] writing dependency_links to ../../build/bluetooth/bluetooth.egg-info/dependency_links.txt
[1.476s] writing entry points to ../../build/bluetooth/bluetooth.egg-info/entry_points.txt
[1.476s] writing requirements to ../../build/bluetooth/bluetooth.egg-info/requires.txt
[1.476s] writing top-level names to ../../build/bluetooth/bluetooth.egg-info/top_level.txt
[1.478s] reading manifest file '../../build/bluetooth/bluetooth.egg-info/SOURCES.txt'
[1.479s] writing manifest file '../../build/bluetooth/bluetooth.egg-info/SOURCES.txt'
[1.479s] running build
[1.479s] running build_py
[1.480s] running install
[1.480s] running install_lib
[1.481s] running install_data
[1.481s] running install_egg_info
[1.483s] removing '/home/udezumo/Sirius_ear/install/bluetooth/lib/python3.10/site-packages/bluetooth-0.0.0-py3.10.egg-info' (and everything under it)
[1.483s] Copying ../../build/bluetooth/bluetooth.egg-info to /home/udezumo/Sirius_ear/install/bluetooth/lib/python3.10/site-packages/bluetooth-0.0.0-py3.10.egg-info
[1.484s] running install_scripts
[1.499s] Installing bluetooth_node script to /home/udezumo/Sirius_ear/install/bluetooth/lib/bluetooth
[1.499s] writing list of installed files to '/home/udezumo/Sirius_ear/build/bluetooth/install.log'
[1.520s] Invoked command in '/home/udezumo/Sirius_ear/src/bluetooth' returned '0': PYTHONPATH=/home/udezumo/Sirius_ear/build/bluetooth/prefix_override:/usr/lib/python3/dist-packages/colcon_core/task/python/colcon_distutils_commands:/home/udezumo/Sirius_ear/install/bluetooth/lib/python3.10/site-packages:${PYTHONPATH} /usr/bin/python3 -W ignore:setup.py install is deprecated -W ignore:easy_install command is deprecated setup.py egg_info --egg-base ../../build/bluetooth build --build-base /home/udezumo/Sirius_ear/build/bluetooth/build install --record /home/udezumo/Sirius_ear/build/bluetooth/install.log --single-version-externally-managed install_data
