[1.602s] Invoking command in '/home/udezumo/Sirius_ear/src/curvature': PYTHONPATH=/home/udezumo/Sirius_ear/build/curvature/prefix_override:/usr/lib/python3/dist-packages/colcon_core/task/python/colcon_distutils_commands:/home/udezumo/Sirius_ear/install/curvature/lib/python3.10/site-packages:${PYTHONPATH} /usr/bin/python3 -W ignore:setup.py install is deprecated -W ignore:easy_install command is deprecated setup.py egg_info --egg-base ../../build/curvature build --build-base /home/udezumo/Sirius_ear/build/curvature/build install --record /home/udezumo/Sirius_ear/build/curvature/install.log --single-version-externally-managed install_data
[1.918s] running egg_info
[1.920s] writing ../../build/curvature/curvature.egg-info/PKG-INFO
[1.920s] writing dependency_links to ../../build/curvature/curvature.egg-info/dependency_links.txt
[1.920s] writing entry points to ../../build/curvature/curvature.egg-info/entry_points.txt
[1.920s] writing requirements to ../../build/curvature/curvature.egg-info/requires.txt
[1.920s] writing top-level names to ../../build/curvature/curvature.egg-info/top_level.txt
[1.921s] reading manifest file '../../build/curvature/curvature.egg-info/SOURCES.txt'
[1.923s] writing manifest file '../../build/curvature/curvature.egg-info/SOURCES.txt'
[1.923s] running build
[1.923s] running build_py
[1.923s] running install
[1.923s] running install_lib
[1.925s] running install_data
[1.925s] running install_egg_info
[1.926s] removing '/home/udezumo/Sirius_ear/install/curvature/lib/python3.10/site-packages/curvature-0.0.0-py3.10.egg-info' (and everything under it)
[1.927s] Copying ../../build/curvature/curvature.egg-info to /home/udezumo/Sirius_ear/install/curvature/lib/python3.10/site-packages/curvature-0.0.0-py3.10.egg-info
[1.928s] running install_scripts
[1.957s] Installing curvature_node script to /home/udezumo/Sirius_ear/install/curvature/lib/curvature
[1.959s] writing list of installed files to '/home/udezumo/Sirius_ear/build/curvature/install.log'
[1.988s] Invoked command in '/home/udezumo/Sirius_ear/src/curvature' returned '0': PYTHONPATH=/home/udezumo/Sirius_ear/build/curvature/prefix_override:/usr/lib/python3/dist-packages/colcon_core/task/python/colcon_distutils_commands:/home/udezumo/Sirius_ear/install/curvature/lib/python3.10/site-packages:${PYTHONPATH} /usr/bin/python3 -W ignore:setup.py install is deprecated -W ignore:easy_install command is deprecated setup.py egg_info --egg-base ../../build/curvature build --build-base /home/udezumo/Sirius_ear/build/curvature/build install --record /home/udezumo/Sirius_ear/build/curvature/install.log --single-version-externally-managed install_data
