running egg_info
writing ../../build/path_listener/path_listener.egg-info/PKG-INFO
writing dependency_links to ../../build/path_listener/path_listener.egg-info/dependency_links.txt
writing entry points to ../../build/path_listener/path_listener.egg-info/entry_points.txt
writing requirements to ../../build/path_listener/path_listener.egg-info/requires.txt
writing top-level names to ../../build/path_listener/path_listener.egg-info/top_level.txt
reading manifest file '../../build/path_listener/path_listener.egg-info/SOURCES.txt'
writing manifest file '../../build/path_listener/path_listener.egg-info/SOURCES.txt'
running build
running build_py
running install
running install_lib
byte-compiling /home/udezumo/Sirius_ear/install/path_listener/lib/python3.10/site-packages/path_listener/path_listener_node.py to path_listener_node.cpython-310.pyc
running install_data
running install_egg_info
removing '/home/udezumo/Sirius_ear/install/path_listener/lib/python3.10/site-packages/path_listener-0.0.0-py3.10.egg-info' (and everything under it)
Copying ../../build/path_listener/path_listener.egg-info to /home/udezumo/Sirius_ear/install/path_listener/lib/python3.10/site-packages/path_listener-0.0.0-py3.10.egg-info
running install_scripts
Installing path_listener_node script to /home/udezumo/Sirius_ear/install/path_listener/lib/path_listener
writing list of installed files to '/home/udezumo/Sirius_ear/build/path_listener/install.log'
