[0.754s] Invoking command in '/home/udezumo/Sirius_ear/src/path_listener': PYTHONPATH=/home/udezumo/Sirius_ear/build/path_listener/prefix_override:/usr/lib/python3/dist-packages/colcon_core/task/python/colcon_distutils_commands:/home/udezumo/Sirius_ear/install/path_listener/lib/python3.10/site-packages:${PYTHONPATH} /usr/bin/python3 -W ignore:setup.py install is deprecated -W ignore:easy_install command is deprecated setup.py egg_info --egg-base ../../build/path_listener build --build-base /home/udezumo/Sirius_ear/build/path_listener/build install --record /home/udezumo/Sirius_ear/build/path_listener/install.log --single-version-externally-managed install_data
[0.916s] running egg_info
[0.917s] writing ../../build/path_listener/path_listener.egg-info/PKG-INFO
[0.917s] writing dependency_links to ../../build/path_listener/path_listener.egg-info/dependency_links.txt
[0.917s] writing entry points to ../../build/path_listener/path_listener.egg-info/entry_points.txt
[0.918s] writing requirements to ../../build/path_listener/path_listener.egg-info/requires.txt
[0.918s] writing top-level names to ../../build/path_listener/path_listener.egg-info/top_level.txt
[0.919s] reading manifest file '../../build/path_listener/path_listener.egg-info/SOURCES.txt'
[0.920s] writing manifest file '../../build/path_listener/path_listener.egg-info/SOURCES.txt'
[0.920s] running build
[0.920s] running build_py
[0.920s] running install
[0.921s] running install_lib
[0.922s] byte-compiling /home/udezumo/Sirius_ear/install/path_listener/lib/python3.10/site-packages/path_listener/path_listener_node.py to path_listener_node.cpython-310.pyc
[0.922s]   File "/home/udezumo/Sirius_ear/install/path_listener/lib/python3.10/site-packages/path_listener/path_listener_node.py", line 88
[0.922s]     /miura_ws$ ros2 topic list
[0.922s]     ^
[0.922s] SyntaxError: invalid syntax
[0.923s] 
[0.923s] running install_data
[0.923s] running install_egg_info
[0.924s] removing '/home/udezumo/Sirius_ear/install/path_listener/lib/python3.10/site-packages/path_listener-0.0.0-py3.10.egg-info' (and everything under it)
[0.924s] Copying ../../build/path_listener/path_listener.egg-info to /home/udezumo/Sirius_ear/install/path_listener/lib/python3.10/site-packages/path_listener-0.0.0-py3.10.egg-info
[0.924s] running install_scripts
[0.939s] Installing path_listener_node script to /home/udezumo/Sirius_ear/install/path_listener/lib/path_listener
[0.939s] writing list of installed files to '/home/udezumo/Sirius_ear/build/path_listener/install.log'
[0.973s] Invoked command in '/home/udezumo/Sirius_ear/src/path_listener' returned '0': PYTHONPATH=/home/udezumo/Sirius_ear/build/path_listener/prefix_override:/usr/lib/python3/dist-packages/colcon_core/task/python/colcon_distutils_commands:/home/udezumo/Sirius_ear/install/path_listener/lib/python3.10/site-packages:${PYTHONPATH} /usr/bin/python3 -W ignore:setup.py install is deprecated -W ignore:easy_install command is deprecated setup.py egg_info --egg-base ../../build/path_listener build --build-base /home/udezumo/Sirius_ear/build/path_listener/build install --record /home/udezumo/Sirius_ear/build/path_listener/install.log --single-version-externally-managed install_data
