[2.809s] Invoking command in '/home/udezumo/Sirius_ear/src/curvature_local': PYTHONPATH=/home/udezumo/Sirius_ear/build/curvature_local/prefix_override:/usr/lib/python3/dist-packages/colcon_core/task/python/colcon_distutils_commands:/home/udezumo/Sirius_ear/install/curvature_local/lib/python3.10/site-packages:${PYTHONPATH} /usr/bin/python3 -W ignore:setup.py install is deprecated -W ignore:easy_install command is deprecated setup.py egg_info --egg-base ../../build/curvature_local build --build-base /home/udezumo/Sirius_ear/build/curvature_local/build install --record /home/udezumo/Sirius_ear/build/curvature_local/install.log --single-version-externally-managed install_data
[3.334s] running egg_info
[3.334s] writing ../../build/curvature_local/curvature_local.egg-info/PKG-INFO
[3.335s] writing dependency_links to ../../build/curvature_local/curvature_local.egg-info/dependency_links.txt
[3.337s] writing entry points to ../../build/curvature_local/curvature_local.egg-info/entry_points.txt
[3.337s] writing requirements to ../../build/curvature_local/curvature_local.egg-info/requires.txt
[3.337s] writing top-level names to ../../build/curvature_local/curvature_local.egg-info/top_level.txt
[3.340s] reading manifest file '../../build/curvature_local/curvature_local.egg-info/SOURCES.txt'
[3.344s] writing manifest file '../../build/curvature_local/curvature_local.egg-info/SOURCES.txt'
[3.344s] running build
[3.345s] running build_py
[3.345s] copying curvature_local/curvature_local_node.py -> /home/udezumo/Sirius_ear/build/curvature_local/build/lib/curvature_local
[3.345s] running install
[3.345s] running install_lib
[3.345s] copying /home/udezumo/Sirius_ear/build/curvature_local/build/lib/curvature_local/curvature_local_node.py -> /home/udezumo/Sirius_ear/install/curvature_local/lib/python3.10/site-packages/curvature_local
[3.345s] byte-compiling /home/udezumo/Sirius_ear/install/curvature_local/lib/python3.10/site-packages/curvature_local/curvature_local_node.py to curvature_local_node.cpython-310.pyc
[3.346s] running install_data
[3.346s] running install_egg_info
[3.349s] removing '/home/udezumo/Sirius_ear/install/curvature_local/lib/python3.10/site-packages/curvature_local-0.0.0-py3.10.egg-info' (and everything under it)
[3.350s] Copying ../../build/curvature_local/curvature_local.egg-info to /home/udezumo/Sirius_ear/install/curvature_local/lib/python3.10/site-packages/curvature_local-0.0.0-py3.10.egg-info
[3.352s] running install_scripts
[3.437s] Installing curvature_local_node script to /home/udezumo/Sirius_ear/install/curvature_local/lib/curvature_local
[3.437s] writing list of installed files to '/home/udezumo/Sirius_ear/build/curvature_local/install.log'
[3.543s] Invoked command in '/home/udezumo/Sirius_ear/src/curvature_local' returned '0': PYTHONPATH=/home/udezumo/Sirius_ear/build/curvature_local/prefix_override:/usr/lib/python3/dist-packages/colcon_core/task/python/colcon_distutils_commands:/home/udezumo/Sirius_ear/install/curvature_local/lib/python3.10/site-packages:${PYTHONPATH} /usr/bin/python3 -W ignore:setup.py install is deprecated -W ignore:easy_install command is deprecated setup.py egg_info --egg-base ../../build/curvature_local build --build-base /home/udezumo/Sirius_ear/build/curvature_local/build install --record /home/udezumo/Sirius_ear/build/curvature_local/install.log --single-version-externally-managed install_data
