[2.712s] Invoking command in '/home/udezumo/Sirius_ear/src/path_listener': PYTHONPATH=/home/udezumo/Sirius_ear/build/path_listener/prefix_override:/usr/lib/python3/dist-packages/colcon_core/task/python/colcon_distutils_commands:/home/udezumo/Sirius_ear/install/path_listener/lib/python3.10/site-packages:${PYTHONPATH} /usr/bin/python3 -W ignore:setup.py install is deprecated -W ignore:easy_install command is deprecated setup.py egg_info --egg-base ../../build/path_listener build --build-base /home/udezumo/Sirius_ear/build/path_listener/build install --record /home/udezumo/Sirius_ear/build/path_listener/install.log --single-version-externally-managed install_data
[3.205s] running egg_info
[3.207s] writing ../../build/path_listener/path_listener.egg-info/PKG-INFO
[3.207s] writing dependency_links to ../../build/path_listener/path_listener.egg-info/dependency_links.txt
[3.208s] writing entry points to ../../build/path_listener/path_listener.egg-info/entry_points.txt
[3.208s] writing requirements to ../../build/path_listener/path_listener.egg-info/requires.txt
[3.208s] writing top-level names to ../../build/path_listener/path_listener.egg-info/top_level.txt
[3.217s] reading manifest file '../../build/path_listener/path_listener.egg-info/SOURCES.txt'
[3.217s] writing manifest file '../../build/path_listener/path_listener.egg-info/SOURCES.txt'
[3.217s] running build
[3.217s] running build_py
[3.217s] running install
[3.218s] running install_lib
[3.219s] running install_data
[3.219s] running install_egg_info
[3.225s] removing '/home/udezumo/Sirius_ear/install/path_listener/lib/python3.10/site-packages/path_listener-0.0.0-py3.10.egg-info' (and everything under it)
[3.226s] Copying ../../build/path_listener/path_listener.egg-info to /home/udezumo/Sirius_ear/install/path_listener/lib/python3.10/site-packages/path_listener-0.0.0-py3.10.egg-info
[3.227s] running install_scripts
[3.270s] Installing path_listener_node script to /home/udezumo/Sirius_ear/install/path_listener/lib/path_listener
[3.272s] writing list of installed files to '/home/udezumo/Sirius_ear/build/path_listener/install.log'
[3.388s] Invoked command in '/home/udezumo/Sirius_ear/src/path_listener' returned '0': PYTHONPATH=/home/udezumo/Sirius_ear/build/path_listener/prefix_override:/usr/lib/python3/dist-packages/colcon_core/task/python/colcon_distutils_commands:/home/udezumo/Sirius_ear/install/path_listener/lib/python3.10/site-packages:${PYTHONPATH} /usr/bin/python3 -W ignore:setup.py install is deprecated -W ignore:easy_install command is deprecated setup.py egg_info --egg-base ../../build/path_listener build --build-base /home/udezumo/Sirius_ear/build/path_listener/build install --record /home/udezumo/Sirius_ear/build/path_listener/install.log --single-version-externally-managed install_data
