[0.839s] Invoking command in '/home/udezumo/Sirius_ear/src/bluetooth': PYTHONPATH=/home/udezumo/Sirius_ear/build/bluetooth/prefix_override:/usr/lib/python3/dist-packages/colcon_core/task/python/colcon_distutils_commands:/home/udezumo/Sirius_ear/install/bluetooth/lib/python3.10/site-packages:${PYTHONPATH} /usr/bin/python3 -W ignore:setup.py install is deprecated -W ignore:easy_install command is deprecated setup.py egg_info --egg-base ../../build/bluetooth build --build-base /home/udezumo/Sirius_ear/build/bluetooth/build install --record /home/udezumo/Sirius_ear/build/bluetooth/install.log --single-version-externally-managed install_data
[1.000s] running egg_info
[1.001s] creating ../../build/bluetooth/bluetooth.egg-info
[1.001s] writing ../../build/bluetooth/bluetooth.egg-info/PKG-INFO
[1.001s] writing dependency_links to ../../build/bluetooth/bluetooth.egg-info/dependency_links.txt
[1.001s] writing entry points to ../../build/bluetooth/bluetooth.egg-info/entry_points.txt
[1.001s] writing requirements to ../../build/bluetooth/bluetooth.egg-info/requires.txt
[1.001s] writing top-level names to ../../build/bluetooth/bluetooth.egg-info/top_level.txt
[1.001s] writing manifest file '../../build/bluetooth/bluetooth.egg-info/SOURCES.txt'
[1.002s] reading manifest file '../../build/bluetooth/bluetooth.egg-info/SOURCES.txt'
[1.003s] writing manifest file '../../build/bluetooth/bluetooth.egg-info/SOURCES.txt'
[1.003s] running build
[1.003s] running build_py
[1.003s] creating /home/udezumo/Sirius_ear/build/bluetooth/build
[1.003s] creating /home/udezumo/Sirius_ear/build/bluetooth/build/lib
[1.003s] creating /home/udezumo/Sirius_ear/build/bluetooth/build/lib/bluetooth
[1.003s] copying bluetooth/__init__.py -> /home/udezumo/Sirius_ear/build/bluetooth/build/lib/bluetooth
[1.003s] copying bluetooth/bluetooth_node.py -> /home/udezumo/Sirius_ear/build/bluetooth/build/lib/bluetooth
[1.006s] copying bluetooth/gpt_node.py -> /home/udezumo/Sirius_ear/build/bluetooth/build/lib/bluetooth
[1.006s] running install
[1.006s] running install_lib
[1.007s] creating /home/udezumo/Sirius_ear/install/bluetooth/lib/python3.10/site-packages/bluetooth
[1.007s] copying /home/udezumo/Sirius_ear/build/bluetooth/build/lib/bluetooth/__init__.py -> /home/udezumo/Sirius_ear/install/bluetooth/lib/python3.10/site-packages/bluetooth
[1.007s] copying /home/udezumo/Sirius_ear/build/bluetooth/build/lib/bluetooth/bluetooth_node.py -> /home/udezumo/Sirius_ear/install/bluetooth/lib/python3.10/site-packages/bluetooth
[1.007s] copying /home/udezumo/Sirius_ear/build/bluetooth/build/lib/bluetooth/gpt_node.py -> /home/udezumo/Sirius_ear/install/bluetooth/lib/python3.10/site-packages/bluetooth
[1.008s] byte-compiling /home/udezumo/Sirius_ear/install/bluetooth/lib/python3.10/site-packages/bluetooth/__init__.py to __init__.cpython-310.pyc
[1.008s] byte-compiling /home/udezumo/Sirius_ear/install/bluetooth/lib/python3.10/site-packages/bluetooth/bluetooth_node.py to bluetooth_node.cpython-310.pyc
[1.008s] byte-compiling /home/udezumo/Sirius_ear/install/bluetooth/lib/python3.10/site-packages/bluetooth/gpt_node.py to gpt_node.cpython-310.pyc
[1.009s] running install_data
[1.009s] creating /home/udezumo/Sirius_ear/install/bluetooth/share/ament_index
[1.009s] creating /home/udezumo/Sirius_ear/install/bluetooth/share/ament_index/resource_index
[1.009s] creating /home/udezumo/Sirius_ear/install/bluetooth/share/ament_index/resource_index/packages
[1.009s] copying resource/bluetooth -> /home/udezumo/Sirius_ear/install/bluetooth/share/ament_index/resource_index/packages
[1.009s] copying package.xml -> /home/udezumo/Sirius_ear/install/bluetooth/share/bluetooth
[1.009s] running install_egg_info
[1.011s] Copying ../../build/bluetooth/bluetooth.egg-info to /home/udezumo/Sirius_ear/install/bluetooth/lib/python3.10/site-packages/bluetooth-0.0.0-py3.10.egg-info
[1.011s] running install_scripts
[1.024s] Installing bluetooth_node script to /home/udezumo/Sirius_ear/install/bluetooth/lib/bluetooth
[1.024s] writing list of installed files to '/home/udezumo/Sirius_ear/build/bluetooth/install.log'
[1.050s] Invoked command in '/home/udezumo/Sirius_ear/src/bluetooth' returned '0': PYTHONPATH=/home/udezumo/Sirius_ear/build/bluetooth/prefix_override:/usr/lib/python3/dist-packages/colcon_core/task/python/colcon_distutils_commands:/home/udezumo/Sirius_ear/install/bluetooth/lib/python3.10/site-packages:${PYTHONPATH} /usr/bin/python3 -W ignore:setup.py install is deprecated -W ignore:easy_install command is deprecated setup.py egg_info --egg-base ../../build/bluetooth build --build-base /home/udezumo/Sirius_ear/build/bluetooth/build install --record /home/udezumo/Sirius_ear/build/bluetooth/install.log --single-version-externally-managed install_data
