[1.776s] Invoking command in '/home/udezumo/Sirius_ear/src/path_listener': PYTHONPATH=/home/udezumo/Sirius_ear/build/path_listener/prefix_override:/usr/lib/python3/dist-packages/colcon_core/task/python/colcon_distutils_commands:/home/udezumo/Sirius_ear/install/path_listener/lib/python3.10/site-packages:${PYTHONPATH} /usr/bin/python3 -W ignore:setup.py install is deprecated -W ignore:easy_install command is deprecated setup.py egg_info --egg-base ../../build/path_listener build --build-base /home/udezumo/Sirius_ear/build/path_listener/build install --record /home/udezumo/Sirius_ear/build/path_listener/install.log --single-version-externally-managed install_data
[2.093s] running egg_info
[2.093s] writing ../../build/path_listener/path_listener.egg-info/PKG-INFO
[2.093s] writing dependency_links to ../../build/path_listener/path_listener.egg-info/dependency_links.txt
[2.093s] writing entry points to ../../build/path_listener/path_listener.egg-info/entry_points.txt
[2.094s] writing requirements to ../../build/path_listener/path_listener.egg-info/requires.txt
[2.094s] writing top-level names to ../../build/path_listener/path_listener.egg-info/top_level.txt
[2.096s] reading manifest file '../../build/path_listener/path_listener.egg-info/SOURCES.txt'
[2.097s] writing manifest file '../../build/path_listener/path_listener.egg-info/SOURCES.txt'
[2.098s] running build
[2.098s] running build_py
[2.098s] running install
[2.098s] running install_lib
[2.100s] running install_data
[2.100s] running install_egg_info
[2.102s] removing '/home/udezumo/Sirius_ear/install/path_listener/lib/python3.10/site-packages/path_listener-0.0.0-py3.10.egg-info' (and everything under it)
[2.102s] Copying ../../build/path_listener/path_listener.egg-info to /home/udezumo/Sirius_ear/install/path_listener/lib/python3.10/site-packages/path_listener-0.0.0-py3.10.egg-info
[2.103s] running install_scripts
[2.139s] Installing path_listener_node script to /home/udezumo/Sirius_ear/install/path_listener/lib/path_listener
[2.139s] writing list of installed files to '/home/udezumo/Sirius_ear/build/path_listener/install.log'
[2.190s] Invoked command in '/home/udezumo/Sirius_ear/src/path_listener' returned '0': PYTHONPATH=/home/udezumo/Sirius_ear/build/path_listener/prefix_override:/usr/lib/python3/dist-packages/colcon_core/task/python/colcon_distutils_commands:/home/udezumo/Sirius_ear/install/path_listener/lib/python3.10/site-packages:${PYTHONPATH} /usr/bin/python3 -W ignore:setup.py install is deprecated -W ignore:easy_install command is deprecated setup.py egg_info --egg-base ../../build/path_listener build --build-base /home/udezumo/Sirius_ear/build/path_listener/build install --record /home/udezumo/Sirius_ear/build/path_listener/install.log --single-version-externally-managed install_data
