[2.348s] Invoking command in '/home/udezumo/Sirius_ear/src/curvature_local': PYTHONPATH=/home/udezumo/Sirius_ear/build/curvature_local/prefix_override:/usr/lib/python3/dist-packages/colcon_core/task/python/colcon_distutils_commands:/home/udezumo/Sirius_ear/install/curvature_local/lib/python3.10/site-packages:${PYTHONPATH} /usr/bin/python3 -W ignore:setup.py install is deprecated -W ignore:easy_install command is deprecated setup.py egg_info --egg-base ../../build/curvature_local build --build-base /home/udezumo/Sirius_ear/build/curvature_local/build install --record /home/udezumo/Sirius_ear/build/curvature_local/install.log --single-version-externally-managed install_data
[2.738s] running egg_info
[2.739s] writing ../../build/curvature_local/curvature_local.egg-info/PKG-INFO
[2.741s] writing dependency_links to ../../build/curvature_local/curvature_local.egg-info/dependency_links.txt
[2.741s] writing entry points to ../../build/curvature_local/curvature_local.egg-info/entry_points.txt
[2.741s] writing requirements to ../../build/curvature_local/curvature_local.egg-info/requires.txt
[2.741s] writing top-level names to ../../build/curvature_local/curvature_local.egg-info/top_level.txt
[2.745s] reading manifest file '../../build/curvature_local/curvature_local.egg-info/SOURCES.txt'
[2.747s] writing manifest file '../../build/curvature_local/curvature_local.egg-info/SOURCES.txt'
[2.747s] running build
[2.747s] running build_py
[2.748s] copying curvature_local/curvature_local_gpt.py -> /home/udezumo/Sirius_ear/build/curvature_local/build/lib/curvature_local
[2.748s] running install
[2.749s] running install_lib
[2.750s] copying /home/udezumo/Sirius_ear/build/curvature_local/build/lib/curvature_local/curvature_local_gpt.py -> /home/udezumo/Sirius_ear/install/curvature_local/lib/python3.10/site-packages/curvature_local
[2.751s] byte-compiling /home/udezumo/Sirius_ear/install/curvature_local/lib/python3.10/site-packages/curvature_local/curvature_local_gpt.py to curvature_local_gpt.cpython-310.pyc
[2.753s] running install_data
[2.753s] running install_egg_info
[2.758s] removing '/home/udezumo/Sirius_ear/install/curvature_local/lib/python3.10/site-packages/curvature_local-0.0.0-py3.10.egg-info' (and everything under it)
[2.766s] Copying ../../build/curvature_local/curvature_local.egg-info to /home/udezumo/Sirius_ear/install/curvature_local/lib/python3.10/site-packages/curvature_local-0.0.0-py3.10.egg-info
[2.766s] running install_scripts
[2.808s] Installing curvature_local_node script to /home/udezumo/Sirius_ear/install/curvature_local/lib/curvature_local
[2.808s] writing list of installed files to '/home/udezumo/Sirius_ear/build/curvature_local/install.log'
[2.908s] Invoked command in '/home/udezumo/Sirius_ear/src/curvature_local' returned '0': PYTHONPATH=/home/udezumo/Sirius_ear/build/curvature_local/prefix_override:/usr/lib/python3/dist-packages/colcon_core/task/python/colcon_distutils_commands:/home/udezumo/Sirius_ear/install/curvature_local/lib/python3.10/site-packages:${PYTHONPATH} /usr/bin/python3 -W ignore:setup.py install is deprecated -W ignore:easy_install command is deprecated setup.py egg_info --egg-base ../../build/curvature_local build --build-base /home/udezumo/Sirius_ear/build/curvature_local/build install --record /home/udezumo/Sirius_ear/build/curvature_local/install.log --single-version-externally-managed install_data
