[2.589s] Invoking command in '/home/udezumo/Sirius_ear/src/path_debug': PYTHONPATH=/home/udezumo/Sirius_ear/build/path_debug/prefix_override:/usr/lib/python3/dist-packages/colcon_core/task/python/colcon_distutils_commands:/home/udezumo/Sirius_ear/install/path_debug/lib/python3.10/site-packages:${PYTHONPATH} /usr/bin/python3 -W ignore:setup.py install is deprecated -W ignore:easy_install command is deprecated setup.py egg_info --egg-base ../../build/path_debug build --build-base /home/udezumo/Sirius_ear/build/path_debug/build install --record /home/udezumo/Sirius_ear/build/path_debug/install.log --single-version-externally-managed install_data
[3.112s] running egg_info
[3.118s] writing ../../build/path_debug/path_debug.egg-info/PKG-INFO
[3.118s] writing dependency_links to ../../build/path_debug/path_debug.egg-info/dependency_links.txt
[3.118s] writing entry points to ../../build/path_debug/path_debug.egg-info/entry_points.txt
[3.119s] writing requirements to ../../build/path_debug/path_debug.egg-info/requires.txt
[3.119s] writing top-level names to ../../build/path_debug/path_debug.egg-info/top_level.txt
[3.122s] reading manifest file '../../build/path_debug/path_debug.egg-info/SOURCES.txt'
[3.125s] writing manifest file '../../build/path_debug/path_debug.egg-info/SOURCES.txt'
[3.125s] running build
[3.125s] running build_py
[3.125s] running install
[3.126s] running install_lib
[3.133s] running install_data
[3.133s] running install_egg_info
[3.138s] removing '/home/udezumo/Sirius_ear/install/path_debug/lib/python3.10/site-packages/path_debug-0.0.0-py3.10.egg-info' (and everything under it)
[3.144s] Copying ../../build/path_debug/path_debug.egg-info to /home/udezumo/Sirius_ear/install/path_debug/lib/python3.10/site-packages/path_debug-0.0.0-py3.10.egg-info
[3.145s] running install_scripts
[3.223s] Installing path_debug_node script to /home/udezumo/Sirius_ear/install/path_debug/lib/path_debug
[3.224s] writing list of installed files to '/home/udezumo/Sirius_ear/build/path_debug/install.log'
[3.327s] Invoked command in '/home/udezumo/Sirius_ear/src/path_debug' returned '0': PYTHONPATH=/home/udezumo/Sirius_ear/build/path_debug/prefix_override:/usr/lib/python3/dist-packages/colcon_core/task/python/colcon_distutils_commands:/home/udezumo/Sirius_ear/install/path_debug/lib/python3.10/site-packages:${PYTHONPATH} /usr/bin/python3 -W ignore:setup.py install is deprecated -W ignore:easy_install command is deprecated setup.py egg_info --egg-base ../../build/path_debug build --build-base /home/udezumo/Sirius_ear/build/path_debug/build install --record /home/udezumo/Sirius_ear/build/path_debug/install.log --single-version-externally-managed install_data
