running egg_info
creating ../../build/path_debug/path_debug.egg-info
writing ../../build/path_debug/path_debug.egg-info/PKG-INFO
writing dependency_links to ../../build/path_debug/path_debug.egg-info/dependency_links.txt
writing entry points to ../../build/path_debug/path_debug.egg-info/entry_points.txt
writing requirements to ../../build/path_debug/path_debug.egg-info/requires.txt
writing top-level names to ../../build/path_debug/path_debug.egg-info/top_level.txt
writing manifest file '../../build/path_debug/path_debug.egg-info/SOURCES.txt'
reading manifest file '../../build/path_debug/path_debug.egg-info/SOURCES.txt'
writing manifest file '../../build/path_debug/path_debug.egg-info/SOURCES.txt'
running build
running build_py
creating /home/udezumo/Sirius_ear/build/path_debug/build
creating /home/udezumo/Sirius_ear/build/path_debug/build/lib
creating /home/udezumo/Sirius_ear/build/path_debug/build/lib/path_debug
copying path_debug/__init__.py -> /home/udezumo/Sirius_ear/build/path_debug/build/lib/path_debug
copying path_debug/path_debug_node.py -> /home/udezumo/Sirius_ear/build/path_debug/build/lib/path_debug
running install
running install_lib
creating /home/udezumo/Sirius_ear/install/path_debug/lib/python3.10/site-packages/path_debug
copying /home/udezumo/Sirius_ear/build/path_debug/build/lib/path_debug/__init__.py -> /home/udezumo/Sirius_ear/install/path_debug/lib/python3.10/site-packages/path_debug
copying /home/udezumo/Sirius_ear/build/path_debug/build/lib/path_debug/path_debug_node.py -> /home/udezumo/Sirius_ear/install/path_debug/lib/python3.10/site-packages/path_debug
byte-compiling /home/udezumo/Sirius_ear/install/path_debug/lib/python3.10/site-packages/path_debug/__init__.py to __init__.cpython-310.pyc
byte-compiling /home/udezumo/Sirius_ear/install/path_debug/lib/python3.10/site-packages/path_debug/path_debug_node.py to path_debug_node.cpython-310.pyc
running install_data
creating /home/udezumo/Sirius_ear/install/path_debug/share/ament_index
creating /home/udezumo/Sirius_ear/install/path_debug/share/ament_index/resource_index
creating /home/udezumo/Sirius_ear/install/path_debug/share/ament_index/resource_index/packages
copying resource/path_debug -> /home/udezumo/Sirius_ear/install/path_debug/share/ament_index/resource_index/packages
copying package.xml -> /home/udezumo/Sirius_ear/install/path_debug/share/path_debug
running install_egg_info
Copying ../../build/path_debug/path_debug.egg-info to /home/udezumo/Sirius_ear/install/path_debug/lib/python3.10/site-packages/path_debug-0.0.0-py3.10.egg-info
running install_scripts
Installing path_debug_node script to /home/udezumo/Sirius_ear/install/path_debug/lib/path_debug
writing list of installed files to '/home/udezumo/Sirius_ear/build/path_debug/install.log'
