[0.831s] Invoking command in '/home/udezumo/Sirius_ear/src/path_debug': PYTHONPATH=/home/udezumo/Sirius_ear/build/path_debug/prefix_override:/usr/lib/python3/dist-packages/colcon_core/task/python/colcon_distutils_commands:/home/udezumo/Sirius_ear/install/path_debug/lib/python3.10/site-packages:${PYTHONPATH} /usr/bin/python3 -W ignore:setup.py install is deprecated -W ignore:easy_install command is deprecated setup.py egg_info --egg-base ../../build/path_debug build --build-base /home/udezumo/Sirius_ear/build/path_debug/build install --record /home/udezumo/Sirius_ear/build/path_debug/install.log --single-version-externally-managed install_data
[0.993s] running egg_info
[0.993s] creating ../../build/path_debug/path_debug.egg-info
[0.993s] writing ../../build/path_debug/path_debug.egg-info/PKG-INFO
[0.994s] writing dependency_links to ../../build/path_debug/path_debug.egg-info/dependency_links.txt
[0.994s] writing entry points to ../../build/path_debug/path_debug.egg-info/entry_points.txt
[0.994s] writing requirements to ../../build/path_debug/path_debug.egg-info/requires.txt
[0.994s] writing top-level names to ../../build/path_debug/path_debug.egg-info/top_level.txt
[0.994s] writing manifest file '../../build/path_debug/path_debug.egg-info/SOURCES.txt'
[0.995s] reading manifest file '../../build/path_debug/path_debug.egg-info/SOURCES.txt'
[0.996s] writing manifest file '../../build/path_debug/path_debug.egg-info/SOURCES.txt'
[0.996s] running build
[0.996s] running build_py
[0.996s] creating /home/udezumo/Sirius_ear/build/path_debug/build
[0.996s] creating /home/udezumo/Sirius_ear/build/path_debug/build/lib
[0.996s] creating /home/udezumo/Sirius_ear/build/path_debug/build/lib/path_debug
[0.996s] copying path_debug/__init__.py -> /home/udezumo/Sirius_ear/build/path_debug/build/lib/path_debug
[0.996s] copying path_debug/path_debug_node.py -> /home/udezumo/Sirius_ear/build/path_debug/build/lib/path_debug
[1.000s] running install
[1.000s] running install_lib
[1.001s] creating /home/udezumo/Sirius_ear/install/path_debug/lib/python3.10/site-packages/path_debug
[1.001s] copying /home/udezumo/Sirius_ear/build/path_debug/build/lib/path_debug/__init__.py -> /home/udezumo/Sirius_ear/install/path_debug/lib/python3.10/site-packages/path_debug
[1.001s] copying /home/udezumo/Sirius_ear/build/path_debug/build/lib/path_debug/path_debug_node.py -> /home/udezumo/Sirius_ear/install/path_debug/lib/python3.10/site-packages/path_debug
[1.002s] byte-compiling /home/udezumo/Sirius_ear/install/path_debug/lib/python3.10/site-packages/path_debug/__init__.py to __init__.cpython-310.pyc
[1.002s] byte-compiling /home/udezumo/Sirius_ear/install/path_debug/lib/python3.10/site-packages/path_debug/path_debug_node.py to path_debug_node.cpython-310.pyc
[1.002s] running install_data
[1.002s] creating /home/udezumo/Sirius_ear/install/path_debug/share/ament_index
[1.002s] creating /home/udezumo/Sirius_ear/install/path_debug/share/ament_index/resource_index
[1.003s] creating /home/udezumo/Sirius_ear/install/path_debug/share/ament_index/resource_index/packages
[1.003s] copying resource/path_debug -> /home/udezumo/Sirius_ear/install/path_debug/share/ament_index/resource_index/packages
[1.003s] copying package.xml -> /home/udezumo/Sirius_ear/install/path_debug/share/path_debug
[1.004s] running install_egg_info
[1.004s] Copying ../../build/path_debug/path_debug.egg-info to /home/udezumo/Sirius_ear/install/path_debug/lib/python3.10/site-packages/path_debug-0.0.0-py3.10.egg-info
[1.005s] running install_scripts
[1.019s] Installing path_debug_node script to /home/udezumo/Sirius_ear/install/path_debug/lib/path_debug
[1.019s] writing list of installed files to '/home/udezumo/Sirius_ear/build/path_debug/install.log'
[1.054s] Invoked command in '/home/udezumo/Sirius_ear/src/path_debug' returned '0': PYTHONPATH=/home/udezumo/Sirius_ear/build/path_debug/prefix_override:/usr/lib/python3/dist-packages/colcon_core/task/python/colcon_distutils_commands:/home/udezumo/Sirius_ear/install/path_debug/lib/python3.10/site-packages:${PYTHONPATH} /usr/bin/python3 -W ignore:setup.py install is deprecated -W ignore:easy_install command is deprecated setup.py egg_info --egg-base ../../build/path_debug build --build-base /home/udezumo/Sirius_ear/build/path_debug/build install --record /home/udezumo/Sirius_ear/build/path_debug/install.log --single-version-externally-managed install_data
