/home/udezumo/Sirius_ear/install/path_listener/lib/python3.10/site-packages/path_listener/__init__.py
/home/udezumo/Sirius_ear/install/path_listener/lib/python3.10/site-packages/path_listener/path_listener_node.py
/home/udezumo/Sirius_ear/install/path_listener/lib/python3.10/site-packages/path_listener/ver-mid_deg.py
/home/udezumo/Sirius_ear/install/path_listener/lib/python3.10/site-packages/path_listener/trash.py
/home/udezumo/Sirius_ear/install/path_listener/lib/python3.10/site-packages/path_listener/ver-local_global.py
/home/udezumo/Sirius_ear/install/path_listener/lib/python3.10/site-packages/path_listener/ver-start_end_Int.py
/home/udezumo/Sirius_ear/install/path_listener/lib/python3.10/site-packages/path_listener/ver_local_tf.py
/home/udezumo/Sirius_ear/install/path_listener/lib/python3.10/site-packages/path_listener/ver-csv.py
/home/udezumo/Sirius_ear/install/path_listener/lib/python3.10/site-packages/path_listener/__pycache__/__init__.cpython-310.pyc
/home/udezumo/Sirius_ear/install/path_listener/lib/python3.10/site-packages/path_listener/__pycache__/path_listener_node.cpython-310.pyc
/home/udezumo/Sirius_ear/install/path_listener/lib/python3.10/site-packages/path_listener/__pycache__/ver-mid_deg.cpython-310.pyc
/home/udezumo/Sirius_ear/install/path_listener/lib/python3.10/site-packages/path_listener/__pycache__/trash.cpython-310.pyc
/home/udezumo/Sirius_ear/install/path_listener/lib/python3.10/site-packages/path_listener/__pycache__/ver-local_global.cpython-310.pyc
/home/udezumo/Sirius_ear/install/path_listener/lib/python3.10/site-packages/path_listener/__pycache__/ver-start_end_Int.cpython-310.pyc
/home/udezumo/Sirius_ear/install/path_listener/lib/python3.10/site-packages/path_listener/__pycache__/ver_local_tf.cpython-310.pyc
/home/udezumo/Sirius_ear/install/path_listener/lib/python3.10/site-packages/path_listener/__pycache__/ver-csv.cpython-310.pyc
/home/udezumo/Sirius_ear/install/path_listener/share/ament_index/resource_index/packages/path_listener
/home/udezumo/Sirius_ear/install/path_listener/share/path_listener/package.xml
/home/udezumo/Sirius_ear/install/path_listener/lib/python3.10/site-packages/path_listener-0.0.0-py3.10.egg-info/PKG-INFO
/home/udezumo/Sirius_ear/install/path_listener/lib/python3.10/site-packages/path_listener-0.0.0-py3.10.egg-info/dependency_links.txt
/home/udezumo/Sirius_ear/install/path_listener/lib/python3.10/site-packages/path_listener-0.0.0-py3.10.egg-info/top_level.txt
/home/udezumo/Sirius_ear/install/path_listener/lib/python3.10/site-packages/path_listener-0.0.0-py3.10.egg-info/requires.txt
/home/udezumo/Sirius_ear/install/path_listener/lib/python3.10/site-packages/path_listener-0.0.0-py3.10.egg-info/zip-safe
/home/udezumo/Sirius_ear/install/path_listener/lib/python3.10/site-packages/path_listener-0.0.0-py3.10.egg-info/SOURCES.txt
/home/udezumo/Sirius_ear/install/path_listener/lib/python3.10/site-packages/path_listener-0.0.0-py3.10.egg-info/entry_points.txt
/home/udezumo/Sirius_ear/install/path_listener/lib/path_listener/path_listener_node
