[2.628s] Invoking command in '/home/udezumo/Sirius_ear/src/curvature': PYTHONPATH=/home/udezumo/Sirius_ear/build/curvature/prefix_override:/usr/lib/python3/dist-packages/colcon_core/task/python/colcon_distutils_commands:/home/udezumo/Sirius_ear/install/curvature/lib/python3.10/site-packages:${PYTHONPATH} /usr/bin/python3 -W ignore:setup.py install is deprecated -W ignore:easy_install command is deprecated setup.py egg_info --egg-base ../../build/curvature build --build-base /home/udezumo/Sirius_ear/build/curvature/build install --record /home/udezumo/Sirius_ear/build/curvature/install.log --single-version-externally-managed install_data
[3.140s] running egg_info
[3.146s] writing ../../build/curvature/curvature.egg-info/PKG-INFO
[3.146s] writing dependency_links to ../../build/curvature/curvature.egg-info/dependency_links.txt
[3.146s] writing entry points to ../../build/curvature/curvature.egg-info/entry_points.txt
[3.146s] writing requirements to ../../build/curvature/curvature.egg-info/requires.txt
[3.146s] writing top-level names to ../../build/curvature/curvature.egg-info/top_level.txt
[3.151s] reading manifest file '../../build/curvature/curvature.egg-info/SOURCES.txt'
[3.154s] writing manifest file '../../build/curvature/curvature.egg-info/SOURCES.txt'
[3.154s] running build
[3.155s] running build_py
[3.155s] running install
[3.157s] running install_lib
[3.158s] running install_data
[3.165s] running install_egg_info
[3.170s] removing '/home/udezumo/Sirius_ear/install/curvature/lib/python3.10/site-packages/curvature-0.0.0-py3.10.egg-info' (and everything under it)
[3.170s] Copying ../../build/curvature/curvature.egg-info to /home/udezumo/Sirius_ear/install/curvature/lib/python3.10/site-packages/curvature-0.0.0-py3.10.egg-info
[3.170s] running install_scripts
[3.235s] Installing curvature_node script to /home/udezumo/Sirius_ear/install/curvature/lib/curvature
[3.240s] writing list of installed files to '/home/udezumo/Sirius_ear/build/curvature/install.log'
[3.416s] Invoked command in '/home/udezumo/Sirius_ear/src/curvature' returned '0': PYTHONPATH=/home/udezumo/Sirius_ear/build/curvature/prefix_override:/usr/lib/python3/dist-packages/colcon_core/task/python/colcon_distutils_commands:/home/udezumo/Sirius_ear/install/curvature/lib/python3.10/site-packages:${PYTHONPATH} /usr/bin/python3 -W ignore:setup.py install is deprecated -W ignore:easy_install command is deprecated setup.py egg_info --egg-base ../../build/curvature build --build-base /home/udezumo/Sirius_ear/build/curvature/build install --record /home/udezumo/Sirius_ear/build/curvature/install.log --single-version-externally-managed install_data
