[1.782s] Invoking command in '/home/udezumo/Sirius_ear/src/bluetooth': PYTHONPATH=/home/udezumo/Sirius_ear/build/bluetooth/prefix_override:/usr/lib/python3/dist-packages/colcon_core/task/python/colcon_distutils_commands:/home/udezumo/Sirius_ear/install/bluetooth/lib/python3.10/site-packages:${PYTHONPATH} /usr/bin/python3 -W ignore:setup.py install is deprecated -W ignore:easy_install command is deprecated setup.py egg_info --egg-base ../../build/bluetooth build --build-base /home/udezumo/Sirius_ear/build/bluetooth/build install --record /home/udezumo/Sirius_ear/build/bluetooth/install.log --single-version-externally-managed install_data
[2.157s] running egg_info
[2.158s] writing ../../build/bluetooth/bluetooth.egg-info/PKG-INFO
[2.158s] writing dependency_links to ../../build/bluetooth/bluetooth.egg-info/dependency_links.txt
[2.158s] writing entry points to ../../build/bluetooth/bluetooth.egg-info/entry_points.txt
[2.159s] writing requirements to ../../build/bluetooth/bluetooth.egg-info/requires.txt
[2.162s] writing top-level names to ../../build/bluetooth/bluetooth.egg-info/top_level.txt
[2.163s] reading manifest file '../../build/bluetooth/bluetooth.egg-info/SOURCES.txt'
[2.163s] writing manifest file '../../build/bluetooth/bluetooth.egg-info/SOURCES.txt'
[2.163s] running build
[2.163s] running build_py
[2.164s] running install
[2.164s] running install_lib
[2.166s] running install_data
[2.166s] running install_egg_info
[2.168s] removing '/home/udezumo/Sirius_ear/install/bluetooth/lib/python3.10/site-packages/bluetooth-0.0.0-py3.10.egg-info' (and everything under it)
[2.171s] Copying ../../build/bluetooth/bluetooth.egg-info to /home/udezumo/Sirius_ear/install/bluetooth/lib/python3.10/site-packages/bluetooth-0.0.0-py3.10.egg-info
[2.172s] running install_scripts
[2.207s] Installing bluetooth_node script to /home/udezumo/Sirius_ear/install/bluetooth/lib/bluetooth
[2.208s] writing list of installed files to '/home/udezumo/Sirius_ear/build/bluetooth/install.log'
[2.254s] Invoked command in '/home/udezumo/Sirius_ear/src/bluetooth' returned '0': PYTHONPATH=/home/udezumo/Sirius_ear/build/bluetooth/prefix_override:/usr/lib/python3/dist-packages/colcon_core/task/python/colcon_distutils_commands:/home/udezumo/Sirius_ear/install/bluetooth/lib/python3.10/site-packages:${PYTHONPATH} /usr/bin/python3 -W ignore:setup.py install is deprecated -W ignore:easy_install command is deprecated setup.py egg_info --egg-base ../../build/bluetooth build --build-base /home/udezumo/Sirius_ear/build/bluetooth/build install --record /home/udezumo/Sirius_ear/build/bluetooth/install.log --single-version-externally-managed install_data
