[0.119s] DEBUG:colcon:Command line arguments: ['/usr/bin/colcon', 'build']
[0.119s] DEBUG:colcon:Parsed command line arguments: Namespace(log_base=None, log_level=None, verb_name='build', build_base='build', install_base='install', merge_install=False, symlink_install=False, test_result_base=None, continue_on_error=False, executor='parallel', parallel_workers=8, event_handlers=None, ignore_user_meta=False, metas=['./colcon.meta'], base_paths=['.'], packages_ignore=None, packages_ignore_regex=None, paths=None, packages_up_to=None, packages_up_to_regex=None, packages_above=None, packages_above_and_dependencies=None, packages_above_depth=None, packages_select_by_dep=None, packages_skip_by_dep=None, packages_skip_up_to=None, packages_select_build_failed=False, packages_skip_build_finished=False, packages_select_test_failures=False, packages_skip_test_passed=False, packages_select=None, packages_skip=None, packages_select_regex=None, packages_skip_regex=None, packages_start=None, packages_end=None, allow_overriding=[], cmake_args=None, cmake_target=None, cmake_target_skip_unavailable=False, cmake_clean_cache=False, cmake_clean_first=False, cmake_force_configure=False, ament_cmake_args=None, catkin_cmake_args=None, catkin_skip_building_tests=False, mixin_files=None, mixin=None, verb_parser=<colcon_mixin.mixin.mixin_argument.MixinArgumentDecorator object at 0x77e142480880>, verb_extension=<colcon_core.verb.build.BuildVerb object at 0x77e142409f30>, main=<bound method BuildVerb.main of <colcon_core.verb.build.BuildVerb object at 0x77e142409f30>>, mixin_verb=('build',))
[0.273s] Level 1:colcon.colcon_core.package_discovery:discover_packages(colcon_meta) check parameters
[0.274s] Level 1:colcon.colcon_core.package_discovery:discover_packages(recursive) check parameters
[0.274s] Level 1:colcon.colcon_core.package_discovery:discover_packages(ignore) check parameters
[0.274s] Level 1:colcon.colcon_core.package_discovery:discover_packages(path) check parameters
[0.274s] Level 1:colcon.colcon_core.package_discovery:discover_packages(colcon_meta) discover
[0.274s] Level 1:colcon.colcon_core.package_discovery:discover_packages(recursive) discover
[0.274s] INFO:colcon.colcon_core.package_discovery:Crawling recursively for packages in '/home/udezumo/Sirius_ear'
[0.274s] Level 1:colcon.colcon_core.package_identification:_identify(.) by extensions ['ignore', 'ignore_ament_install']
[0.274s] Level 1:colcon.colcon_core.package_identification:_identify(.) by extension 'ignore'
[0.274s] Level 1:colcon.colcon_core.package_identification:_identify(.) by extension 'ignore_ament_install'
[0.274s] Level 1:colcon.colcon_core.package_identification:_identify(.) by extensions ['colcon_pkg']
[0.274s] Level 1:colcon.colcon_core.package_identification:_identify(.) by extension 'colcon_pkg'
[0.274s] Level 1:colcon.colcon_core.package_identification:_identify(.) by extensions ['colcon_meta']
[0.274s] Level 1:colcon.colcon_core.package_identification:_identify(.) by extension 'colcon_meta'
[0.274s] Level 1:colcon.colcon_core.package_identification:_identify(.) by extensions ['ros']
[0.274s] Level 1:colcon.colcon_core.package_identification:_identify(.) by extension 'ros'
[0.286s] Level 1:colcon.colcon_core.package_identification:_identify(.) by extensions ['cmake', 'python']
[0.286s] Level 1:colcon.colcon_core.package_identification:_identify(.) by extension 'cmake'
[0.287s] Level 1:colcon.colcon_core.package_identification:_identify(.) by extension 'python'
[0.287s] Level 1:colcon.colcon_core.package_identification:_identify(.) by extensions ['python_setup_py']
[0.287s] Level 1:colcon.colcon_core.package_identification:_identify(.) by extension 'python_setup_py'
[0.287s] Level 1:colcon.colcon_core.package_identification:_identify(build) by extensions ['ignore', 'ignore_ament_install']
[0.287s] Level 1:colcon.colcon_core.package_identification:_identify(build) by extension 'ignore'
[0.287s] Level 1:colcon.colcon_core.package_identification:_identify(build) ignored
[0.287s] Level 1:colcon.colcon_core.package_identification:_identify(install) by extensions ['ignore', 'ignore_ament_install']
[0.287s] Level 1:colcon.colcon_core.package_identification:_identify(install) by extension 'ignore'
[0.287s] Level 1:colcon.colcon_core.package_identification:_identify(install) ignored
[0.287s] Level 1:colcon.colcon_core.package_identification:_identify(log) by extensions ['ignore', 'ignore_ament_install']
[0.287s] Level 1:colcon.colcon_core.package_identification:_identify(log) by extension 'ignore'
[0.287s] Level 1:colcon.colcon_core.package_identification:_identify(log) ignored
[0.287s] Level 1:colcon.colcon_core.package_identification:_identify(src) by extensions ['ignore', 'ignore_ament_install']
[0.288s] Level 1:colcon.colcon_core.package_identification:_identify(src) by extension 'ignore'
[0.288s] Level 1:colcon.colcon_core.package_identification:_identify(src) by extension 'ignore_ament_install'
[0.288s] Level 1:colcon.colcon_core.package_identification:_identify(src) by extensions ['colcon_pkg']
[0.288s] Level 1:colcon.colcon_core.package_identification:_identify(src) by extension 'colcon_pkg'
[0.288s] Level 1:colcon.colcon_core.package_identification:_identify(src) by extensions ['colcon_meta']
[0.288s] Level 1:colcon.colcon_core.package_identification:_identify(src) by extension 'colcon_meta'
[0.288s] Level 1:colcon.colcon_core.package_identification:_identify(src) by extensions ['ros']
[0.288s] Level 1:colcon.colcon_core.package_identification:_identify(src) by extension 'ros'
[0.288s] Level 1:colcon.colcon_core.package_identification:_identify(src) by extensions ['cmake', 'python']
[0.288s] Level 1:colcon.colcon_core.package_identification:_identify(src) by extension 'cmake'
[0.288s] Level 1:colcon.colcon_core.package_identification:_identify(src) by extension 'python'
[0.288s] Level 1:colcon.colcon_core.package_identification:_identify(src) by extensions ['python_setup_py']
[0.288s] Level 1:colcon.colcon_core.package_identification:_identify(src) by extension 'python_setup_py'
[0.288s] Level 1:colcon.colcon_core.package_identification:_identify(src/bluetooth) by extensions ['ignore', 'ignore_ament_install']
[0.288s] Level 1:colcon.colcon_core.package_identification:_identify(src/bluetooth) by extension 'ignore'
[0.288s] Level 1:colcon.colcon_core.package_identification:_identify(src/bluetooth) by extension 'ignore_ament_install'
[0.288s] Level 1:colcon.colcon_core.package_identification:_identify(src/bluetooth) by extensions ['colcon_pkg']
[0.288s] Level 1:colcon.colcon_core.package_identification:_identify(src/bluetooth) by extension 'colcon_pkg'
[0.288s] Level 1:colcon.colcon_core.package_identification:_identify(src/bluetooth) by extensions ['colcon_meta']
[0.288s] Level 1:colcon.colcon_core.package_identification:_identify(src/bluetooth) by extension 'colcon_meta'
[0.288s] Level 1:colcon.colcon_core.package_identification:_identify(src/bluetooth) by extensions ['ros']
[0.289s] Level 1:colcon.colcon_core.package_identification:_identify(src/bluetooth) by extension 'ros'
[0.291s] DEBUG:colcon.colcon_core.package_identification:Package 'src/bluetooth' with type 'ros.ament_python' and name 'bluetooth'
[0.291s] Level 1:colcon.colcon_core.package_identification:_identify(src/curvature) by extensions ['ignore', 'ignore_ament_install']
[0.291s] Level 1:colcon.colcon_core.package_identification:_identify(src/curvature) by extension 'ignore'
[0.291s] Level 1:colcon.colcon_core.package_identification:_identify(src/curvature) by extension 'ignore_ament_install'
[0.291s] Level 1:colcon.colcon_core.package_identification:_identify(src/curvature) by extensions ['colcon_pkg']
[0.291s] Level 1:colcon.colcon_core.package_identification:_identify(src/curvature) by extension 'colcon_pkg'
[0.291s] Level 1:colcon.colcon_core.package_identification:_identify(src/curvature) by extensions ['colcon_meta']
[0.291s] Level 1:colcon.colcon_core.package_identification:_identify(src/curvature) by extension 'colcon_meta'
[0.292s] Level 1:colcon.colcon_core.package_identification:_identify(src/curvature) by extensions ['ros']
[0.292s] Level 1:colcon.colcon_core.package_identification:_identify(src/curvature) by extension 'ros'
[0.310s] DEBUG:colcon.colcon_core.package_identification:Package 'src/curvature' with type 'ros.ament_python' and name 'curvature'
[0.310s] Level 1:colcon.colcon_core.package_identification:_identify(src/curvature_local) by extensions ['ignore', 'ignore_ament_install']
[0.311s] Level 1:colcon.colcon_core.package_identification:_identify(src/curvature_local) by extension 'ignore'
[0.311s] Level 1:colcon.colcon_core.package_identification:_identify(src/curvature_local) by extension 'ignore_ament_install'
[0.311s] Level 1:colcon.colcon_core.package_identification:_identify(src/curvature_local) by extensions ['colcon_pkg']
[0.311s] Level 1:colcon.colcon_core.package_identification:_identify(src/curvature_local) by extension 'colcon_pkg'
[0.311s] Level 1:colcon.colcon_core.package_identification:_identify(src/curvature_local) by extensions ['colcon_meta']
[0.311s] Level 1:colcon.colcon_core.package_identification:_identify(src/curvature_local) by extension 'colcon_meta'
[0.311s] Level 1:colcon.colcon_core.package_identification:_identify(src/curvature_local) by extensions ['ros']
[0.311s] Level 1:colcon.colcon_core.package_identification:_identify(src/curvature_local) by extension 'ros'
[0.311s] DEBUG:colcon.colcon_core.package_identification:Package 'src/curvature_local' with type 'ros.ament_python' and name 'curvature_local'
[0.311s] Level 1:colcon.colcon_core.package_identification:_identify(src/path_debug) by extensions ['ignore', 'ignore_ament_install']
[0.311s] Level 1:colcon.colcon_core.package_identification:_identify(src/path_debug) by extension 'ignore'
[0.311s] Level 1:colcon.colcon_core.package_identification:_identify(src/path_debug) by extension 'ignore_ament_install'
[0.312s] Level 1:colcon.colcon_core.package_identification:_identify(src/path_debug) by extensions ['colcon_pkg']
[0.312s] Level 1:colcon.colcon_core.package_identification:_identify(src/path_debug) by extension 'colcon_pkg'
[0.312s] Level 1:colcon.colcon_core.package_identification:_identify(src/path_debug) by extensions ['colcon_meta']
[0.312s] Level 1:colcon.colcon_core.package_identification:_identify(src/path_debug) by extension 'colcon_meta'
[0.312s] Level 1:colcon.colcon_core.package_identification:_identify(src/path_debug) by extensions ['ros']
[0.312s] Level 1:colcon.colcon_core.package_identification:_identify(src/path_debug) by extension 'ros'
[0.312s] DEBUG:colcon.colcon_core.package_identification:Package 'src/path_debug' with type 'ros.ament_python' and name 'path_debug'
[0.312s] Level 1:colcon.colcon_core.package_identification:_identify(src/path_listener) by extensions ['ignore', 'ignore_ament_install']
[0.312s] Level 1:colcon.colcon_core.package_identification:_identify(src/path_listener) by extension 'ignore'
[0.312s] Level 1:colcon.colcon_core.package_identification:_identify(src/path_listener) by extension 'ignore_ament_install'
[0.312s] Level 1:colcon.colcon_core.package_identification:_identify(src/path_listener) by extensions ['colcon_pkg']
[0.312s] Level 1:colcon.colcon_core.package_identification:_identify(src/path_listener) by extension 'colcon_pkg'
[0.313s] Level 1:colcon.colcon_core.package_identification:_identify(src/path_listener) by extensions ['colcon_meta']
[0.313s] Level 1:colcon.colcon_core.package_identification:_identify(src/path_listener) by extension 'colcon_meta'
[0.313s] Level 1:colcon.colcon_core.package_identification:_identify(src/path_listener) by extensions ['ros']
[0.313s] Level 1:colcon.colcon_core.package_identification:_identify(src/path_listener) by extension 'ros'
[0.313s] DEBUG:colcon.colcon_core.package_identification:Package 'src/path_listener' with type 'ros.ament_python' and name 'path_listener'
[0.313s] Level 1:colcon.colcon_core.package_discovery:discover_packages(recursive) using defaults
[0.313s] Level 1:colcon.colcon_core.package_discovery:discover_packages(ignore) discover
[0.313s] Level 1:colcon.colcon_core.package_discovery:discover_packages(ignore) using defaults
[0.313s] Level 1:colcon.colcon_core.package_discovery:discover_packages(path) discover
[0.313s] Level 1:colcon.colcon_core.package_discovery:discover_packages(path) using defaults
[0.334s] Level 1:colcon.colcon_core.package_discovery:discover_packages(prefix_path) check parameters
[0.334s] Level 1:colcon.colcon_core.package_discovery:discover_packages(prefix_path) discover
[0.336s] DEBUG:colcon.colcon_installed_package_information.package_discovery:Found 5 installed packages in /home/udezumo/Sirius_ear/install
[0.338s] DEBUG:colcon.colcon_installed_package_information.package_discovery:Found 439 installed packages in /opt/ros/humble
[0.340s] Level 1:colcon.colcon_core.package_discovery:discover_packages(prefix_path) using defaults
[0.386s] Level 5:colcon.colcon_core.verb:set package 'bluetooth' build argument 'cmake_args' from command line to 'None'
[0.386s] Level 5:colcon.colcon_core.verb:set package 'bluetooth' build argument 'cmake_target' from command line to 'None'
[0.386s] Level 5:colcon.colcon_core.verb:set package 'bluetooth' build argument 'cmake_target_skip_unavailable' from command line to 'False'
[0.386s] Level 5:colcon.colcon_core.verb:set package 'bluetooth' build argument 'cmake_clean_cache' from command line to 'False'
[0.386s] Level 5:colcon.colcon_core.verb:set package 'bluetooth' build argument 'cmake_clean_first' from command line to 'False'
[0.386s] Level 5:colcon.colcon_core.verb:set package 'bluetooth' build argument 'cmake_force_configure' from command line to 'False'
[0.386s] Level 5:colcon.colcon_core.verb:set package 'bluetooth' build argument 'ament_cmake_args' from command line to 'None'
[0.386s] Level 5:colcon.colcon_core.verb:set package 'bluetooth' build argument 'catkin_cmake_args' from command line to 'None'
[0.386s] Level 5:colcon.colcon_core.verb:set package 'bluetooth' build argument 'catkin_skip_building_tests' from command line to 'False'
[0.386s] DEBUG:colcon.colcon_core.verb:Building package 'bluetooth' with the following arguments: {'ament_cmake_args': None, 'build_base': '/home/udezumo/Sirius_ear/build/bluetooth', 'catkin_cmake_args': None, 'catkin_skip_building_tests': False, 'cmake_args': None, 'cmake_clean_cache': False, 'cmake_clean_first': False, 'cmake_force_configure': False, 'cmake_target': None, 'cmake_target_skip_unavailable': False, 'install_base': '/home/udezumo/Sirius_ear/install/bluetooth', 'merge_install': False, 'path': '/home/udezumo/Sirius_ear/src/bluetooth', 'symlink_install': False, 'test_result_base': None}
[0.387s] Level 5:colcon.colcon_core.verb:set package 'curvature' build argument 'cmake_args' from command line to 'None'
[0.387s] Level 5:colcon.colcon_core.verb:set package 'curvature' build argument 'cmake_target' from command line to 'None'
[0.387s] Level 5:colcon.colcon_core.verb:set package 'curvature' build argument 'cmake_target_skip_unavailable' from command line to 'False'
[0.387s] Level 5:colcon.colcon_core.verb:set package 'curvature' build argument 'cmake_clean_cache' from command line to 'False'
[0.387s] Level 5:colcon.colcon_core.verb:set package 'curvature' build argument 'cmake_clean_first' from command line to 'False'
[0.387s] Level 5:colcon.colcon_core.verb:set package 'curvature' build argument 'cmake_force_configure' from command line to 'False'
[0.387s] Level 5:colcon.colcon_core.verb:set package 'curvature' build argument 'ament_cmake_args' from command line to 'None'
[0.387s] Level 5:colcon.colcon_core.verb:set package 'curvature' build argument 'catkin_cmake_args' from command line to 'None'
[0.387s] Level 5:colcon.colcon_core.verb:set package 'curvature' build argument 'catkin_skip_building_tests' from command line to 'False'
[0.387s] DEBUG:colcon.colcon_core.verb:Building package 'curvature' with the following arguments: {'ament_cmake_args': None, 'build_base': '/home/udezumo/Sirius_ear/build/curvature', 'catkin_cmake_args': None, 'catkin_skip_building_tests': False, 'cmake_args': None, 'cmake_clean_cache': False, 'cmake_clean_first': False, 'cmake_force_configure': False, 'cmake_target': None, 'cmake_target_skip_unavailable': False, 'install_base': '/home/udezumo/Sirius_ear/install/curvature', 'merge_install': False, 'path': '/home/udezumo/Sirius_ear/src/curvature', 'symlink_install': False, 'test_result_base': None}
[0.387s] Level 5:colcon.colcon_core.verb:set package 'curvature_local' build argument 'cmake_args' from command line to 'None'
[0.387s] Level 5:colcon.colcon_core.verb:set package 'curvature_local' build argument 'cmake_target' from command line to 'None'
[0.387s] Level 5:colcon.colcon_core.verb:set package 'curvature_local' build argument 'cmake_target_skip_unavailable' from command line to 'False'
[0.387s] Level 5:colcon.colcon_core.verb:set package 'curvature_local' build argument 'cmake_clean_cache' from command line to 'False'
[0.387s] Level 5:colcon.colcon_core.verb:set package 'curvature_local' build argument 'cmake_clean_first' from command line to 'False'
[0.387s] Level 5:colcon.colcon_core.verb:set package 'curvature_local' build argument 'cmake_force_configure' from command line to 'False'
[0.387s] Level 5:colcon.colcon_core.verb:set package 'curvature_local' build argument 'ament_cmake_args' from command line to 'None'
[0.387s] Level 5:colcon.colcon_core.verb:set package 'curvature_local' build argument 'catkin_cmake_args' from command line to 'None'
[0.387s] Level 5:colcon.colcon_core.verb:set package 'curvature_local' build argument 'catkin_skip_building_tests' from command line to 'False'
[0.387s] DEBUG:colcon.colcon_core.verb:Building package 'curvature_local' with the following arguments: {'ament_cmake_args': None, 'build_base': '/home/udezumo/Sirius_ear/build/curvature_local', 'catkin_cmake_args': None, 'catkin_skip_building_tests': False, 'cmake_args': None, 'cmake_clean_cache': False, 'cmake_clean_first': False, 'cmake_force_configure': False, 'cmake_target': None, 'cmake_target_skip_unavailable': False, 'install_base': '/home/udezumo/Sirius_ear/install/curvature_local', 'merge_install': False, 'path': '/home/udezumo/Sirius_ear/src/curvature_local', 'symlink_install': False, 'test_result_base': None}
[0.387s] Level 5:colcon.colcon_core.verb:set package 'path_debug' build argument 'cmake_args' from command line to 'None'
[0.387s] Level 5:colcon.colcon_core.verb:set package 'path_debug' build argument 'cmake_target' from command line to 'None'
[0.387s] Level 5:colcon.colcon_core.verb:set package 'path_debug' build argument 'cmake_target_skip_unavailable' from command line to 'False'
[0.387s] Level 5:colcon.colcon_core.verb:set package 'path_debug' build argument 'cmake_clean_cache' from command line to 'False'
[0.387s] Level 5:colcon.colcon_core.verb:set package 'path_debug' build argument 'cmake_clean_first' from command line to 'False'
[0.387s] Level 5:colcon.colcon_core.verb:set package 'path_debug' build argument 'cmake_force_configure' from command line to 'False'
[0.388s] Level 5:colcon.colcon_core.verb:set package 'path_debug' build argument 'ament_cmake_args' from command line to 'None'
[0.388s] Level 5:colcon.colcon_core.verb:set package 'path_debug' build argument 'catkin_cmake_args' from command line to 'None'
[0.388s] Level 5:colcon.colcon_core.verb:set package 'path_debug' build argument 'catkin_skip_building_tests' from command line to 'False'
[0.388s] DEBUG:colcon.colcon_core.verb:Building package 'path_debug' with the following arguments: {'ament_cmake_args': None, 'build_base': '/home/udezumo/Sirius_ear/build/path_debug', 'catkin_cmake_args': None, 'catkin_skip_building_tests': False, 'cmake_args': None, 'cmake_clean_cache': False, 'cmake_clean_first': False, 'cmake_force_configure': False, 'cmake_target': None, 'cmake_target_skip_unavailable': False, 'install_base': '/home/udezumo/Sirius_ear/install/path_debug', 'merge_install': False, 'path': '/home/udezumo/Sirius_ear/src/path_debug', 'symlink_install': False, 'test_result_base': None}
[0.388s] Level 5:colcon.colcon_core.verb:set package 'path_listener' build argument 'cmake_args' from command line to 'None'
[0.388s] Level 5:colcon.colcon_core.verb:set package 'path_listener' build argument 'cmake_target' from command line to 'None'
[0.388s] Level 5:colcon.colcon_core.verb:set package 'path_listener' build argument 'cmake_target_skip_unavailable' from command line to 'False'
[0.388s] Level 5:colcon.colcon_core.verb:set package 'path_listener' build argument 'cmake_clean_cache' from command line to 'False'
[0.388s] Level 5:colcon.colcon_core.verb:set package 'path_listener' build argument 'cmake_clean_first' from command line to 'False'
[0.388s] Level 5:colcon.colcon_core.verb:set package 'path_listener' build argument 'cmake_force_configure' from command line to 'False'
[0.388s] Level 5:colcon.colcon_core.verb:set package 'path_listener' build argument 'ament_cmake_args' from command line to 'None'
[0.388s] Level 5:colcon.colcon_core.verb:set package 'path_listener' build argument 'catkin_cmake_args' from command line to 'None'
[0.388s] Level 5:colcon.colcon_core.verb:set package 'path_listener' build argument 'catkin_skip_building_tests' from command line to 'False'
[0.388s] DEBUG:colcon.colcon_core.verb:Building package 'path_listener' with the following arguments: {'ament_cmake_args': None, 'build_base': '/home/udezumo/Sirius_ear/build/path_listener', 'catkin_cmake_args': None, 'catkin_skip_building_tests': False, 'cmake_args': None, 'cmake_clean_cache': False, 'cmake_clean_first': False, 'cmake_force_configure': False, 'cmake_target': None, 'cmake_target_skip_unavailable': False, 'install_base': '/home/udezumo/Sirius_ear/install/path_listener', 'merge_install': False, 'path': '/home/udezumo/Sirius_ear/src/path_listener', 'symlink_install': False, 'test_result_base': None}
[0.388s] INFO:colcon.colcon_core.executor:Executing jobs using 'parallel' executor
[0.389s] DEBUG:colcon.colcon_parallel_executor.executor.parallel:run_until_complete
[0.390s] INFO:colcon.colcon_ros.task.ament_python.build:Building ROS package in '/home/udezumo/Sirius_ear/src/bluetooth' with build type 'ament_python'
[0.390s] Level 1:colcon.colcon_core.shell:create_environment_hook('bluetooth', 'ament_prefix_path')
[0.391s] INFO:colcon.colcon_core.plugin_system:Skipping extension 'colcon_core.shell.bat': Not used on non-Windows systems
[0.391s] INFO:colcon.colcon_core.shell:Creating environment hook '/home/udezumo/Sirius_ear/install/bluetooth/share/bluetooth/hook/ament_prefix_path.ps1'
[0.393s] INFO:colcon.colcon_core.shell:Creating environment descriptor '/home/udezumo/Sirius_ear/install/bluetooth/share/bluetooth/hook/ament_prefix_path.dsv'
[0.394s] INFO:colcon.colcon_core.shell:Creating environment hook '/home/udezumo/Sirius_ear/install/bluetooth/share/bluetooth/hook/ament_prefix_path.sh'
[0.395s] INFO:colcon.colcon_core.shell:Skip shell extension 'powershell' for command environment: Not usable outside of PowerShell
[0.395s] DEBUG:colcon.colcon_core.shell:Skip shell extension 'dsv' for command environment
[0.402s] INFO:colcon.colcon_ros.task.ament_python.build:Building ROS package in '/home/udezumo/Sirius_ear/src/curvature' with build type 'ament_python'
[0.402s] Level 1:colcon.colcon_core.shell:create_environment_hook('curvature', 'ament_prefix_path')
[0.403s] INFO:colcon.colcon_core.shell:Creating environment hook '/home/udezumo/Sirius_ear/install/curvature/share/curvature/hook/ament_prefix_path.ps1'
[0.404s] INFO:colcon.colcon_core.shell:Creating environment descriptor '/home/udezumo/Sirius_ear/install/curvature/share/curvature/hook/ament_prefix_path.dsv'
[0.405s] INFO:colcon.colcon_core.shell:Creating environment hook '/home/udezumo/Sirius_ear/install/curvature/share/curvature/hook/ament_prefix_path.sh'
[0.405s] INFO:colcon.colcon_core.shell:Skip shell extension 'powershell' for command environment: Not usable outside of PowerShell
[0.405s] DEBUG:colcon.colcon_core.shell:Skip shell extension 'dsv' for command environment
[0.408s] INFO:colcon.colcon_ros.task.ament_python.build:Building ROS package in '/home/udezumo/Sirius_ear/src/curvature_local' with build type 'ament_python'
[0.408s] Level 1:colcon.colcon_core.shell:create_environment_hook('curvature_local', 'ament_prefix_path')
[0.408s] INFO:colcon.colcon_core.shell:Creating environment hook '/home/udezumo/Sirius_ear/install/curvature_local/share/curvature_local/hook/ament_prefix_path.ps1'
[0.409s] INFO:colcon.colcon_core.shell:Creating environment descriptor '/home/udezumo/Sirius_ear/install/curvature_local/share/curvature_local/hook/ament_prefix_path.dsv'
[0.409s] INFO:colcon.colcon_core.shell:Creating environment hook '/home/udezumo/Sirius_ear/install/curvature_local/share/curvature_local/hook/ament_prefix_path.sh'
[0.409s] INFO:colcon.colcon_core.shell:Skip shell extension 'powershell' for command environment: Not usable outside of PowerShell
[0.409s] DEBUG:colcon.colcon_core.shell:Skip shell extension 'dsv' for command environment
[0.414s] INFO:colcon.colcon_ros.task.ament_python.build:Building ROS package in '/home/udezumo/Sirius_ear/src/path_debug' with build type 'ament_python'
[0.415s] Level 1:colcon.colcon_core.shell:create_environment_hook('path_debug', 'ament_prefix_path')
[0.415s] INFO:colcon.colcon_core.shell:Creating environment hook '/home/udezumo/Sirius_ear/install/path_debug/share/path_debug/hook/ament_prefix_path.ps1'
[0.416s] INFO:colcon.colcon_core.shell:Creating environment descriptor '/home/udezumo/Sirius_ear/install/path_debug/share/path_debug/hook/ament_prefix_path.dsv'
[0.416s] INFO:colcon.colcon_core.shell:Creating environment hook '/home/udezumo/Sirius_ear/install/path_debug/share/path_debug/hook/ament_prefix_path.sh'
[0.418s] INFO:colcon.colcon_core.shell:Skip shell extension 'powershell' for command environment: Not usable outside of PowerShell
[0.418s] DEBUG:colcon.colcon_core.shell:Skip shell extension 'dsv' for command environment
[0.421s] INFO:colcon.colcon_ros.task.ament_python.build:Building ROS package in '/home/udezumo/Sirius_ear/src/path_listener' with build type 'ament_python'
[0.421s] Level 1:colcon.colcon_core.shell:create_environment_hook('path_listener', 'ament_prefix_path')
[0.422s] INFO:colcon.colcon_core.shell:Creating environment hook '/home/udezumo/Sirius_ear/install/path_listener/share/path_listener/hook/ament_prefix_path.ps1'
[0.423s] INFO:colcon.colcon_core.shell:Creating environment descriptor '/home/udezumo/Sirius_ear/install/path_listener/share/path_listener/hook/ament_prefix_path.dsv'
[0.423s] INFO:colcon.colcon_core.shell:Creating environment hook '/home/udezumo/Sirius_ear/install/path_listener/share/path_listener/hook/ament_prefix_path.sh'
[0.423s] INFO:colcon.colcon_core.shell:Skip shell extension 'powershell' for command environment: Not usable outside of PowerShell
[0.423s] DEBUG:colcon.colcon_core.shell:Skip shell extension 'dsv' for command environment
[0.714s] INFO:colcon.colcon_core.task.python.build:Building Python package in '/home/udezumo/Sirius_ear/src/bluetooth'
[0.716s] INFO:colcon.colcon_core.shell:Skip shell extension 'powershell' for command environment: Not usable outside of PowerShell
[0.716s] DEBUG:colcon.colcon_core.shell:Skip shell extension 'dsv' for command environment
[1.032s] INFO:colcon.colcon_core.task.python.build:Building Python package in '/home/udezumo/Sirius_ear/src/curvature'
[1.033s] INFO:colcon.colcon_core.shell:Skip shell extension 'powershell' for command environment: Not usable outside of PowerShell
[1.033s] DEBUG:colcon.colcon_core.shell:Skip shell extension 'dsv' for command environment
[1.322s] INFO:colcon.colcon_core.task.python.build:Building Python package in '/home/udezumo/Sirius_ear/src/curvature_local'
[1.322s] INFO:colcon.colcon_core.shell:Skip shell extension 'powershell' for command environment: Not usable outside of PowerShell
[1.323s] DEBUG:colcon.colcon_core.shell:Skip shell extension 'dsv' for command environment
[1.594s] INFO:colcon.colcon_core.task.python.build:Building Python package in '/home/udezumo/Sirius_ear/src/path_debug'
[1.595s] INFO:colcon.colcon_core.shell:Skip shell extension 'powershell' for command environment: Not usable outside of PowerShell
[1.595s] DEBUG:colcon.colcon_core.shell:Skip shell extension 'dsv' for command environment
[1.871s] INFO:colcon.colcon_core.task.python.build:Building Python package in '/home/udezumo/Sirius_ear/src/path_listener'
[1.871s] INFO:colcon.colcon_core.shell:Skip shell extension 'powershell' for command environment: Not usable outside of PowerShell
[1.871s] DEBUG:colcon.colcon_core.shell:Skip shell extension 'dsv' for command environment
[2.478s] DEBUG:colcon.colcon_core.event_handler.log_command:Invoking command in '/home/udezumo/Sirius_ear/src/bluetooth': PYTHONPATH=/home/udezumo/Sirius_ear/build/bluetooth/prefix_override:/usr/lib/python3/dist-packages/colcon_core/task/python/colcon_distutils_commands:/home/udezumo/Sirius_ear/install/bluetooth/lib/python3.10/site-packages:${PYTHONPATH} /usr/bin/python3 -W ignore:setup.py install is deprecated -W ignore:easy_install command is deprecated setup.py egg_info --egg-base ../../build/bluetooth build --build-base /home/udezumo/Sirius_ear/build/bluetooth/build install --record /home/udezumo/Sirius_ear/build/bluetooth/install.log --single-version-externally-managed install_data
[2.521s] DEBUG:colcon.colcon_core.event_handler.log_command:Invoking command in '/home/udezumo/Sirius_ear/src/path_debug': PYTHONPATH=/home/udezumo/Sirius_ear/build/path_debug/prefix_override:/usr/lib/python3/dist-packages/colcon_core/task/python/colcon_distutils_commands:/home/udezumo/Sirius_ear/install/path_debug/lib/python3.10/site-packages:${PYTHONPATH} /usr/bin/python3 -W ignore:setup.py install is deprecated -W ignore:easy_install command is deprecated setup.py egg_info --egg-base ../../build/path_debug build --build-base /home/udezumo/Sirius_ear/build/path_debug/build install --record /home/udezumo/Sirius_ear/build/path_debug/install.log --single-version-externally-managed install_data
[2.548s] DEBUG:colcon.colcon_core.event_handler.log_command:Invoking command in '/home/udezumo/Sirius_ear/src/curvature_local': PYTHONPATH=/home/udezumo/Sirius_ear/build/curvature_local/prefix_override:/usr/lib/python3/dist-packages/colcon_core/task/python/colcon_distutils_commands:/home/udezumo/Sirius_ear/install/curvature_local/lib/python3.10/site-packages:${PYTHONPATH} /usr/bin/python3 -W ignore:setup.py install is deprecated -W ignore:easy_install command is deprecated setup.py egg_info --egg-base ../../build/curvature_local build --build-base /home/udezumo/Sirius_ear/build/curvature_local/build install --record /home/udezumo/Sirius_ear/build/curvature_local/install.log --single-version-externally-managed install_data
[2.563s] DEBUG:colcon.colcon_core.event_handler.log_command:Invoking command in '/home/udezumo/Sirius_ear/src/path_listener': PYTHONPATH=/home/udezumo/Sirius_ear/build/path_listener/prefix_override:/usr/lib/python3/dist-packages/colcon_core/task/python/colcon_distutils_commands:/home/udezumo/Sirius_ear/install/path_listener/lib/python3.10/site-packages:${PYTHONPATH} /usr/bin/python3 -W ignore:setup.py install is deprecated -W ignore:easy_install command is deprecated setup.py egg_info --egg-base ../../build/path_listener build --build-base /home/udezumo/Sirius_ear/build/path_listener/build install --record /home/udezumo/Sirius_ear/build/path_listener/install.log --single-version-externally-managed install_data
[2.598s] DEBUG:colcon.colcon_core.event_handler.log_command:Invoking command in '/home/udezumo/Sirius_ear/src/curvature': PYTHONPATH=/home/udezumo/Sirius_ear/build/curvature/prefix_override:/usr/lib/python3/dist-packages/colcon_core/task/python/colcon_distutils_commands:/home/udezumo/Sirius_ear/install/curvature/lib/python3.10/site-packages:${PYTHONPATH} /usr/bin/python3 -W ignore:setup.py install is deprecated -W ignore:easy_install command is deprecated setup.py egg_info --egg-base ../../build/curvature build --build-base /home/udezumo/Sirius_ear/build/curvature/build install --record /home/udezumo/Sirius_ear/build/curvature/install.log --single-version-externally-managed install_data
[3.079s] DEBUG:colcon.colcon_core.event_handler.log_command:Invoked command in '/home/udezumo/Sirius_ear/src/path_listener' returned '0': PYTHONPATH=/home/udezumo/Sirius_ear/build/path_listener/prefix_override:/usr/lib/python3/dist-packages/colcon_core/task/python/colcon_distutils_commands:/home/udezumo/Sirius_ear/install/path_listener/lib/python3.10/site-packages:${PYTHONPATH} /usr/bin/python3 -W ignore:setup.py install is deprecated -W ignore:easy_install command is deprecated setup.py egg_info --egg-base ../../build/path_listener build --build-base /home/udezumo/Sirius_ear/build/path_listener/build install --record /home/udezumo/Sirius_ear/build/path_listener/install.log --single-version-externally-managed install_data
[3.087s] Level 1:colcon.colcon_core.environment:checking '/home/udezumo/Sirius_ear/install/path_listener' for CMake module files
[3.089s] Level 1:colcon.colcon_core.environment:checking '/home/udezumo/Sirius_ear/install/path_listener' for CMake config files
[3.093s] Level 1:colcon.colcon_core.environment:checking '/home/udezumo/Sirius_ear/install/path_listener/lib'
[3.094s] Level 1:colcon.colcon_core.environment:checking '/home/udezumo/Sirius_ear/install/path_listener/bin'
[3.094s] Level 1:colcon.colcon_core.environment:checking '/home/udezumo/Sirius_ear/install/path_listener/lib/pkgconfig/path_listener.pc'
[3.095s] Level 1:colcon.colcon_core.environment:checking '/home/udezumo/Sirius_ear/install/path_listener/lib/python3.10/site-packages'
[3.095s] Level 1:colcon.colcon_core.shell:create_environment_hook('path_listener', 'pythonpath')
[3.096s] INFO:colcon.colcon_core.shell:Creating environment hook '/home/udezumo/Sirius_ear/install/path_listener/share/path_listener/hook/pythonpath.ps1'
[3.100s] INFO:colcon.colcon_core.shell:Creating environment descriptor '/home/udezumo/Sirius_ear/install/path_listener/share/path_listener/hook/pythonpath.dsv'
[3.103s] INFO:colcon.colcon_core.shell:Creating environment hook '/home/udezumo/Sirius_ear/install/path_listener/share/path_listener/hook/pythonpath.sh'
[3.107s] Level 1:colcon.colcon_core.environment:checking '/home/udezumo/Sirius_ear/install/path_listener/bin'
[3.107s] Level 1:colcon.colcon_core.environment:create_environment_scripts_only(path_listener)
[3.108s] INFO:colcon.colcon_core.shell:Creating package script '/home/udezumo/Sirius_ear/install/path_listener/share/path_listener/package.ps1'
[3.111s] INFO:colcon.colcon_core.shell:Creating package descriptor '/home/udezumo/Sirius_ear/install/path_listener/share/path_listener/package.dsv'
[3.112s] INFO:colcon.colcon_core.shell:Creating package script '/home/udezumo/Sirius_ear/install/path_listener/share/path_listener/package.sh'
[3.113s] INFO:colcon.colcon_core.shell:Creating package script '/home/udezumo/Sirius_ear/install/path_listener/share/path_listener/package.bash'
[3.113s] INFO:colcon.colcon_core.shell:Creating package script '/home/udezumo/Sirius_ear/install/path_listener/share/path_listener/package.zsh'
[3.114s] Level 1:colcon.colcon_core.environment:create_file_with_runtime_dependencies(/home/udezumo/Sirius_ear/install/path_listener/share/colcon-core/packages/path_listener)
[3.121s] Level 1:colcon.colcon_core.environment:checking '/home/udezumo/Sirius_ear/install/path_debug' for CMake module files
[3.124s] DEBUG:colcon.colcon_core.event_handler.log_command:Invoked command in '/home/udezumo/Sirius_ear/src/path_debug' returned '0': PYTHONPATH=/home/udezumo/Sirius_ear/build/path_debug/prefix_override:/usr/lib/python3/dist-packages/colcon_core/task/python/colcon_distutils_commands:/home/udezumo/Sirius_ear/install/path_debug/lib/python3.10/site-packages:${PYTHONPATH} /usr/bin/python3 -W ignore:setup.py install is deprecated -W ignore:easy_install command is deprecated setup.py egg_info --egg-base ../../build/path_debug build --build-base /home/udezumo/Sirius_ear/build/path_debug/build install --record /home/udezumo/Sirius_ear/build/path_debug/install.log --single-version-externally-managed install_data
[3.125s] Level 1:colcon.colcon_core.environment:checking '/home/udezumo/Sirius_ear/install/path_debug' for CMake config files
[3.127s] Level 1:colcon.colcon_core.environment:checking '/home/udezumo/Sirius_ear/install/path_debug/lib'
[3.127s] Level 1:colcon.colcon_core.environment:checking '/home/udezumo/Sirius_ear/install/path_debug/bin'
[3.128s] Level 1:colcon.colcon_core.environment:checking '/home/udezumo/Sirius_ear/install/path_debug/lib/pkgconfig/path_debug.pc'
[3.128s] Level 1:colcon.colcon_core.environment:checking '/home/udezumo/Sirius_ear/install/path_debug/lib/python3.10/site-packages'
[3.129s] Level 1:colcon.colcon_core.shell:create_environment_hook('path_debug', 'pythonpath')
[3.130s] INFO:colcon.colcon_core.shell:Creating environment hook '/home/udezumo/Sirius_ear/install/path_debug/share/path_debug/hook/pythonpath.ps1'
[3.131s] INFO:colcon.colcon_core.shell:Creating environment descriptor '/home/udezumo/Sirius_ear/install/path_debug/share/path_debug/hook/pythonpath.dsv'
[3.133s] INFO:colcon.colcon_core.shell:Creating environment hook '/home/udezumo/Sirius_ear/install/path_debug/share/path_debug/hook/pythonpath.sh'
[3.134s] Level 1:colcon.colcon_core.environment:checking '/home/udezumo/Sirius_ear/install/path_debug/bin'
[3.134s] Level 1:colcon.colcon_core.environment:create_environment_scripts_only(path_debug)
[3.135s] INFO:colcon.colcon_core.shell:Creating package script '/home/udezumo/Sirius_ear/install/path_debug/share/path_debug/package.ps1'
[3.137s] INFO:colcon.colcon_core.shell:Creating package descriptor '/home/udezumo/Sirius_ear/install/path_debug/share/path_debug/package.dsv'
[3.138s] INFO:colcon.colcon_core.shell:Creating package script '/home/udezumo/Sirius_ear/install/path_debug/share/path_debug/package.sh'
[3.139s] INFO:colcon.colcon_core.shell:Creating package script '/home/udezumo/Sirius_ear/install/path_debug/share/path_debug/package.bash'
[3.139s] INFO:colcon.colcon_core.shell:Creating package script '/home/udezumo/Sirius_ear/install/path_debug/share/path_debug/package.zsh'
[3.139s] Level 1:colcon.colcon_core.environment:create_file_with_runtime_dependencies(/home/udezumo/Sirius_ear/install/path_debug/share/colcon-core/packages/path_debug)
[3.140s] Level 1:colcon.colcon_core.environment:checking '/home/udezumo/Sirius_ear/install/bluetooth' for CMake module files
[3.141s] Level 1:colcon.colcon_core.environment:checking '/home/udezumo/Sirius_ear/install/bluetooth' for CMake config files
[3.142s] DEBUG:colcon.colcon_core.event_handler.log_command:Invoked command in '/home/udezumo/Sirius_ear/src/bluetooth' returned '0': PYTHONPATH=/home/udezumo/Sirius_ear/build/bluetooth/prefix_override:/usr/lib/python3/dist-packages/colcon_core/task/python/colcon_distutils_commands:/home/udezumo/Sirius_ear/install/bluetooth/lib/python3.10/site-packages:${PYTHONPATH} /usr/bin/python3 -W ignore:setup.py install is deprecated -W ignore:easy_install command is deprecated setup.py egg_info --egg-base ../../build/bluetooth build --build-base /home/udezumo/Sirius_ear/build/bluetooth/build install --record /home/udezumo/Sirius_ear/build/bluetooth/install.log --single-version-externally-managed install_data
[3.143s] Level 1:colcon.colcon_core.environment:checking '/home/udezumo/Sirius_ear/install/bluetooth/lib'
[3.143s] Level 1:colcon.colcon_core.environment:checking '/home/udezumo/Sirius_ear/install/bluetooth/bin'
[3.143s] Level 1:colcon.colcon_core.environment:checking '/home/udezumo/Sirius_ear/install/bluetooth/lib/pkgconfig/bluetooth.pc'
[3.143s] Level 1:colcon.colcon_core.environment:checking '/home/udezumo/Sirius_ear/install/bluetooth/lib/python3.10/site-packages'
[3.143s] Level 1:colcon.colcon_core.shell:create_environment_hook('bluetooth', 'pythonpath')
[3.144s] INFO:colcon.colcon_core.shell:Creating environment hook '/home/udezumo/Sirius_ear/install/bluetooth/share/bluetooth/hook/pythonpath.ps1'
[3.144s] INFO:colcon.colcon_core.shell:Creating environment descriptor '/home/udezumo/Sirius_ear/install/bluetooth/share/bluetooth/hook/pythonpath.dsv'
[3.145s] INFO:colcon.colcon_core.shell:Creating environment hook '/home/udezumo/Sirius_ear/install/bluetooth/share/bluetooth/hook/pythonpath.sh'
[3.145s] Level 1:colcon.colcon_core.environment:checking '/home/udezumo/Sirius_ear/install/bluetooth/bin'
[3.145s] Level 1:colcon.colcon_core.environment:create_environment_scripts_only(bluetooth)
[3.146s] INFO:colcon.colcon_core.shell:Creating package script '/home/udezumo/Sirius_ear/install/bluetooth/share/bluetooth/package.ps1'
[3.147s] INFO:colcon.colcon_core.shell:Creating package descriptor '/home/udezumo/Sirius_ear/install/bluetooth/share/bluetooth/package.dsv'
[3.147s] INFO:colcon.colcon_core.shell:Creating package script '/home/udezumo/Sirius_ear/install/bluetooth/share/bluetooth/package.sh'
[3.148s] INFO:colcon.colcon_core.shell:Creating package script '/home/udezumo/Sirius_ear/install/bluetooth/share/bluetooth/package.bash'
[3.150s] INFO:colcon.colcon_core.shell:Creating package script '/home/udezumo/Sirius_ear/install/bluetooth/share/bluetooth/package.zsh'
[3.151s] Level 1:colcon.colcon_core.environment:create_file_with_runtime_dependencies(/home/udezumo/Sirius_ear/install/bluetooth/share/colcon-core/packages/bluetooth)
[3.156s] Level 1:colcon.colcon_core.environment:checking '/home/udezumo/Sirius_ear/install/curvature_local' for CMake module files
[3.158s] Level 1:colcon.colcon_core.environment:checking '/home/udezumo/Sirius_ear/install/curvature_local' for CMake config files
[3.160s] Level 1:colcon.colcon_core.environment:checking '/home/udezumo/Sirius_ear/install/curvature_local/lib'
[3.160s] Level 1:colcon.colcon_core.environment:checking '/home/udezumo/Sirius_ear/install/curvature_local/bin'
[3.160s] Level 1:colcon.colcon_core.environment:checking '/home/udezumo/Sirius_ear/install/curvature_local/lib/pkgconfig/curvature_local.pc'
[3.160s] Level 1:colcon.colcon_core.environment:checking '/home/udezumo/Sirius_ear/install/curvature_local/lib/python3.10/site-packages'
[3.161s] Level 1:colcon.colcon_core.shell:create_environment_hook('curvature_local', 'pythonpath')
[3.162s] INFO:colcon.colcon_core.shell:Creating environment hook '/home/udezumo/Sirius_ear/install/curvature_local/share/curvature_local/hook/pythonpath.ps1'
[3.163s] DEBUG:colcon.colcon_core.event_handler.log_command:Invoked command in '/home/udezumo/Sirius_ear/src/curvature_local' returned '0': PYTHONPATH=/home/udezumo/Sirius_ear/build/curvature_local/prefix_override:/usr/lib/python3/dist-packages/colcon_core/task/python/colcon_distutils_commands:/home/udezumo/Sirius_ear/install/curvature_local/lib/python3.10/site-packages:${PYTHONPATH} /usr/bin/python3 -W ignore:setup.py install is deprecated -W ignore:easy_install command is deprecated setup.py egg_info --egg-base ../../build/curvature_local build --build-base /home/udezumo/Sirius_ear/build/curvature_local/build install --record /home/udezumo/Sirius_ear/build/curvature_local/install.log --single-version-externally-managed install_data
[3.164s] INFO:colcon.colcon_core.shell:Creating environment descriptor '/home/udezumo/Sirius_ear/install/curvature_local/share/curvature_local/hook/pythonpath.dsv'
[3.164s] INFO:colcon.colcon_core.shell:Creating environment hook '/home/udezumo/Sirius_ear/install/curvature_local/share/curvature_local/hook/pythonpath.sh'
[3.167s] Level 1:colcon.colcon_core.environment:checking '/home/udezumo/Sirius_ear/install/curvature_local/bin'
[3.167s] Level 1:colcon.colcon_core.environment:create_environment_scripts_only(curvature_local)
[3.168s] INFO:colcon.colcon_core.shell:Creating package script '/home/udezumo/Sirius_ear/install/curvature_local/share/curvature_local/package.ps1'
[3.169s] INFO:colcon.colcon_core.shell:Creating package descriptor '/home/udezumo/Sirius_ear/install/curvature_local/share/curvature_local/package.dsv'
[3.170s] INFO:colcon.colcon_core.shell:Creating package script '/home/udezumo/Sirius_ear/install/curvature_local/share/curvature_local/package.sh'
[3.170s] INFO:colcon.colcon_core.shell:Creating package script '/home/udezumo/Sirius_ear/install/curvature_local/share/curvature_local/package.bash'
[3.171s] INFO:colcon.colcon_core.shell:Creating package script '/home/udezumo/Sirius_ear/install/curvature_local/share/curvature_local/package.zsh'
[3.171s] Level 1:colcon.colcon_core.environment:create_file_with_runtime_dependencies(/home/udezumo/Sirius_ear/install/curvature_local/share/colcon-core/packages/curvature_local)
[3.174s] Level 1:colcon.colcon_core.environment:checking '/home/udezumo/Sirius_ear/install/curvature' for CMake module files
[3.175s] DEBUG:colcon.colcon_core.event_handler.log_command:Invoked command in '/home/udezumo/Sirius_ear/src/curvature' returned '0': PYTHONPATH=/home/udezumo/Sirius_ear/build/curvature/prefix_override:/usr/lib/python3/dist-packages/colcon_core/task/python/colcon_distutils_commands:/home/udezumo/Sirius_ear/install/curvature/lib/python3.10/site-packages:${PYTHONPATH} /usr/bin/python3 -W ignore:setup.py install is deprecated -W ignore:easy_install command is deprecated setup.py egg_info --egg-base ../../build/curvature build --build-base /home/udezumo/Sirius_ear/build/curvature/build install --record /home/udezumo/Sirius_ear/build/curvature/install.log --single-version-externally-managed install_data
[3.175s] Level 1:colcon.colcon_core.environment:checking '/home/udezumo/Sirius_ear/install/curvature' for CMake config files
[3.176s] Level 1:colcon.colcon_core.environment:checking '/home/udezumo/Sirius_ear/install/curvature/lib'
[3.176s] Level 1:colcon.colcon_core.environment:checking '/home/udezumo/Sirius_ear/install/curvature/bin'
[3.176s] Level 1:colcon.colcon_core.environment:checking '/home/udezumo/Sirius_ear/install/curvature/lib/pkgconfig/curvature.pc'
[3.176s] Level 1:colcon.colcon_core.environment:checking '/home/udezumo/Sirius_ear/install/curvature/lib/python3.10/site-packages'
[3.176s] Level 1:colcon.colcon_core.shell:create_environment_hook('curvature', 'pythonpath')
[3.176s] INFO:colcon.colcon_core.shell:Creating environment hook '/home/udezumo/Sirius_ear/install/curvature/share/curvature/hook/pythonpath.ps1'
[3.177s] INFO:colcon.colcon_core.shell:Creating environment descriptor '/home/udezumo/Sirius_ear/install/curvature/share/curvature/hook/pythonpath.dsv'
[3.178s] INFO:colcon.colcon_core.shell:Creating environment hook '/home/udezumo/Sirius_ear/install/curvature/share/curvature/hook/pythonpath.sh'
[3.180s] Level 1:colcon.colcon_core.environment:checking '/home/udezumo/Sirius_ear/install/curvature/bin'
[3.181s] Level 1:colcon.colcon_core.environment:create_environment_scripts_only(curvature)
[3.182s] INFO:colcon.colcon_core.shell:Creating package script '/home/udezumo/Sirius_ear/install/curvature/share/curvature/package.ps1'
[3.186s] INFO:colcon.colcon_core.shell:Creating package descriptor '/home/udezumo/Sirius_ear/install/curvature/share/curvature/package.dsv'
[3.188s] INFO:colcon.colcon_core.shell:Creating package script '/home/udezumo/Sirius_ear/install/curvature/share/curvature/package.sh'
[3.188s] INFO:colcon.colcon_core.shell:Creating package script '/home/udezumo/Sirius_ear/install/curvature/share/curvature/package.bash'
[3.189s] INFO:colcon.colcon_core.shell:Creating package script '/home/udezumo/Sirius_ear/install/curvature/share/curvature/package.zsh'
[3.189s] Level 1:colcon.colcon_core.environment:create_file_with_runtime_dependencies(/home/udezumo/Sirius_ear/install/curvature/share/colcon-core/packages/curvature)
[3.190s] DEBUG:colcon.colcon_parallel_executor.executor.parallel:closing loop
[3.190s] DEBUG:colcon.colcon_parallel_executor.executor.parallel:loop closed
[3.191s] DEBUG:colcon.colcon_parallel_executor.executor.parallel:run_until_complete finished with '0'
[3.191s] DEBUG:colcon.colcon_core.event_reactor:joining thread
[3.198s] INFO:colcon.colcon_core.plugin_system:Skipping extension 'colcon_notification.desktop_notification.terminal_notifier': Not used on non-Darwin systems
[3.199s] INFO:colcon.colcon_core.plugin_system:Skipping extension 'colcon_notification.desktop_notification.win32': Not used on non-Windows systems
[3.199s] INFO:colcon.colcon_notification.desktop_notification:Sending desktop notification using 'notify2'
[3.222s] DEBUG:colcon.colcon_core.event_reactor:joined thread
[3.223s] INFO:colcon.colcon_core.shell:Creating prefix script '/home/udezumo/Sirius_ear/install/local_setup.ps1'
[3.224s] INFO:colcon.colcon_core.shell:Creating prefix util module '/home/udezumo/Sirius_ear/install/_local_setup_util_ps1.py'
[3.226s] INFO:colcon.colcon_core.shell:Creating prefix chain script '/home/udezumo/Sirius_ear/install/setup.ps1'
[3.230s] INFO:colcon.colcon_core.shell:Creating prefix script '/home/udezumo/Sirius_ear/install/local_setup.sh'
[3.232s] INFO:colcon.colcon_core.shell:Creating prefix util module '/home/udezumo/Sirius_ear/install/_local_setup_util_sh.py'
[3.233s] INFO:colcon.colcon_core.shell:Creating prefix chain script '/home/udezumo/Sirius_ear/install/setup.sh'
[3.235s] INFO:colcon.colcon_core.shell:Creating prefix script '/home/udezumo/Sirius_ear/install/local_setup.bash'
[3.236s] INFO:colcon.colcon_core.shell:Creating prefix chain script '/home/udezumo/Sirius_ear/install/setup.bash'
[3.237s] INFO:colcon.colcon_core.shell:Creating prefix script '/home/udezumo/Sirius_ear/install/local_setup.zsh'
[3.237s] INFO:colcon.colcon_core.shell:Creating prefix chain script '/home/udezumo/Sirius_ear/install/setup.zsh'
