[1.710s] Invoking command in '/home/udezumo/Sirius_ear/src/bluetooth': PYTHONPATH=/home/udezumo/Sirius_ear/build/bluetooth/prefix_override:/usr/lib/python3/dist-packages/colcon_core/task/python/colcon_distutils_commands:/home/udezumo/Sirius_ear/install/bluetooth/lib/python3.10/site-packages:${PYTHONPATH} /usr/bin/python3 -W ignore:setup.py install is deprecated -W ignore:easy_install command is deprecated setup.py egg_info --egg-base ../../build/bluetooth build --build-base /home/udezumo/Sirius_ear/build/bluetooth/build install --record /home/udezumo/Sirius_ear/build/bluetooth/install.log --single-version-externally-managed install_data
[2.020s] running egg_info
[2.022s] writing ../../build/bluetooth/bluetooth.egg-info/PKG-INFO
[2.022s] writing dependency_links to ../../build/bluetooth/bluetooth.egg-info/dependency_links.txt
[2.024s] writing entry points to ../../build/bluetooth/bluetooth.egg-info/entry_points.txt
[2.024s] writing requirements to ../../build/bluetooth/bluetooth.egg-info/requires.txt
[2.024s] writing top-level names to ../../build/bluetooth/bluetooth.egg-info/top_level.txt
[2.025s] reading manifest file '../../build/bluetooth/bluetooth.egg-info/SOURCES.txt'
[2.026s] writing manifest file '../../build/bluetooth/bluetooth.egg-info/SOURCES.txt'
[2.026s] running build
[2.026s] running build_py
[2.027s] running install
[2.027s] running install_lib
[2.029s] running install_data
[2.030s] running install_egg_info
[2.034s] removing '/home/udezumo/Sirius_ear/install/bluetooth/lib/python3.10/site-packages/bluetooth-0.0.0-py3.10.egg-info' (and everything under it)
[2.034s] Copying ../../build/bluetooth/bluetooth.egg-info to /home/udezumo/Sirius_ear/install/bluetooth/lib/python3.10/site-packages/bluetooth-0.0.0-py3.10.egg-info
[2.035s] running install_scripts
[2.067s] Installing bluetooth_node script to /home/udezumo/Sirius_ear/install/bluetooth/lib/bluetooth
[2.067s] writing list of installed files to '/home/udezumo/Sirius_ear/build/bluetooth/install.log'
[2.118s] Invoked command in '/home/udezumo/Sirius_ear/src/bluetooth' returned '0': PYTHONPATH=/home/udezumo/Sirius_ear/build/bluetooth/prefix_override:/usr/lib/python3/dist-packages/colcon_core/task/python/colcon_distutils_commands:/home/udezumo/Sirius_ear/install/bluetooth/lib/python3.10/site-packages:${PYTHONPATH} /usr/bin/python3 -W ignore:setup.py install is deprecated -W ignore:easy_install command is deprecated setup.py egg_info --egg-base ../../build/bluetooth build --build-base /home/udezumo/Sirius_ear/build/bluetooth/build install --record /home/udezumo/Sirius_ear/build/bluetooth/install.log --single-version-externally-managed install_data
