running egg_info
creating ../../build/path_listener/path_listener.egg-info
writing ../../build/path_listener/path_listener.egg-info/PKG-INFO
writing dependency_links to ../../build/path_listener/path_listener.egg-info/dependency_links.txt
writing entry points to ../../build/path_listener/path_listener.egg-info/entry_points.txt
writing requirements to ../../build/path_listener/path_listener.egg-info/requires.txt
writing top-level names to ../../build/path_listener/path_listener.egg-info/top_level.txt
writing manifest file '../../build/path_listener/path_listener.egg-info/SOURCES.txt'
reading manifest file '../../build/path_listener/path_listener.egg-info/SOURCES.txt'
writing manifest file '../../build/path_listener/path_listener.egg-info/SOURCES.txt'
running build
running build_py
creating /home/udezumo/Sirius_ear/build/path_listener/build
creating /home/udezumo/Sirius_ear/build/path_listener/build/lib
creating /home/udezumo/Sirius_ear/build/path_listener/build/lib/path_listener
copying path_listener/__init__.py -> /home/udezumo/Sirius_ear/build/path_listener/build/lib/path_listener
copying path_listener/path_listener_node.py -> /home/udezumo/Sirius_ear/build/path_listener/build/lib/path_listener
copying path_listener/ver-mid_deg.py -> /home/udezumo/Sirius_ear/build/path_listener/build/lib/path_listener
copying path_listener/trash.py -> /home/udezumo/Sirius_ear/build/path_listener/build/lib/path_listener
copying path_listener/ver-local_global.py -> /home/udezumo/Sirius_ear/build/path_listener/build/lib/path_listener
copying path_listener/ver-start_end_Int.py -> /home/udezumo/Sirius_ear/build/path_listener/build/lib/path_listener
copying path_listener/ver_local_tf.py -> /home/udezumo/Sirius_ear/build/path_listener/build/lib/path_listener
copying path_listener/ver-csv.py -> /home/udezumo/Sirius_ear/build/path_listener/build/lib/path_listener
running install
running install_lib
creating /home/udezumo/Sirius_ear/install/path_listener/lib/python3.10/site-packages/path_listener
copying /home/udezumo/Sirius_ear/build/path_listener/build/lib/path_listener/__init__.py -> /home/udezumo/Sirius_ear/install/path_listener/lib/python3.10/site-packages/path_listener
copying /home/udezumo/Sirius_ear/build/path_listener/build/lib/path_listener/path_listener_node.py -> /home/udezumo/Sirius_ear/install/path_listener/lib/python3.10/site-packages/path_listener
copying /home/udezumo/Sirius_ear/build/path_listener/build/lib/path_listener/ver-mid_deg.py -> /home/udezumo/Sirius_ear/install/path_listener/lib/python3.10/site-packages/path_listener
copying /home/udezumo/Sirius_ear/build/path_listener/build/lib/path_listener/trash.py -> /home/udezumo/Sirius_ear/install/path_listener/lib/python3.10/site-packages/path_listener
copying /home/udezumo/Sirius_ear/build/path_listener/build/lib/path_listener/ver-local_global.py -> /home/udezumo/Sirius_ear/install/path_listener/lib/python3.10/site-packages/path_listener
copying /home/udezumo/Sirius_ear/build/path_listener/build/lib/path_listener/ver-start_end_Int.py -> /home/udezumo/Sirius_ear/install/path_listener/lib/python3.10/site-packages/path_listener
copying /home/udezumo/Sirius_ear/build/path_listener/build/lib/path_listener/ver_local_tf.py -> /home/udezumo/Sirius_ear/install/path_listener/lib/python3.10/site-packages/path_listener
copying /home/udezumo/Sirius_ear/build/path_listener/build/lib/path_listener/ver-csv.py -> /home/udezumo/Sirius_ear/install/path_listener/lib/python3.10/site-packages/path_listener
byte-compiling /home/udezumo/Sirius_ear/install/path_listener/lib/python3.10/site-packages/path_listener/__init__.py to __init__.cpython-310.pyc
byte-compiling /home/udezumo/Sirius_ear/install/path_listener/lib/python3.10/site-packages/path_listener/path_listener_node.py to path_listener_node.cpython-310.pyc
byte-compiling /home/udezumo/Sirius_ear/install/path_listener/lib/python3.10/site-packages/path_listener/ver-mid_deg.py to ver-mid_deg.cpython-310.pyc
byte-compiling /home/udezumo/Sirius_ear/install/path_listener/lib/python3.10/site-packages/path_listener/trash.py to trash.cpython-310.pyc
byte-compiling /home/udezumo/Sirius_ear/install/path_listener/lib/python3.10/site-packages/path_listener/ver-local_global.py to ver-local_global.cpython-310.pyc
byte-compiling /home/udezumo/Sirius_ear/install/path_listener/lib/python3.10/site-packages/path_listener/ver-start_end_Int.py to ver-start_end_Int.cpython-310.pyc
byte-compiling /home/udezumo/Sirius_ear/install/path_listener/lib/python3.10/site-packages/path_listener/ver_local_tf.py to ver_local_tf.cpython-310.pyc
byte-compiling /home/udezumo/Sirius_ear/install/path_listener/lib/python3.10/site-packages/path_listener/ver-csv.py to ver-csv.cpython-310.pyc
running install_data
creating /home/udezumo/Sirius_ear/install/path_listener/share/ament_index
creating /home/udezumo/Sirius_ear/install/path_listener/share/ament_index/resource_index
creating /home/udezumo/Sirius_ear/install/path_listener/share/ament_index/resource_index/packages
copying resource/path_listener -> /home/udezumo/Sirius_ear/install/path_listener/share/ament_index/resource_index/packages
copying package.xml -> /home/udezumo/Sirius_ear/install/path_listener/share/path_listener
running install_egg_info
Copying ../../build/path_listener/path_listener.egg-info to /home/udezumo/Sirius_ear/install/path_listener/lib/python3.10/site-packages/path_listener-0.0.0-py3.10.egg-info
running install_scripts
Installing path_listener_node script to /home/udezumo/Sirius_ear/install/path_listener/lib/path_listener
writing list of installed files to '/home/udezumo/Sirius_ear/build/path_listener/install.log'
