[1.925s] Invoking command in '/home/udezumo/Sirius_ear/src/bluetooth': PYTHONPATH=/home/udezumo/Sirius_ear/build/bluetooth/prefix_override:/usr/lib/python3/dist-packages/colcon_core/task/python/colcon_distutils_commands:/home/udezumo/Sirius_ear/install/bluetooth/lib/python3.10/site-packages:${PYTHONPATH} /usr/bin/python3 -W ignore:setup.py install is deprecated -W ignore:easy_install command is deprecated setup.py egg_info --egg-base ../../build/bluetooth build --build-base /home/udezumo/Sirius_ear/build/bluetooth/build install --record /home/udezumo/Sirius_ear/build/bluetooth/install.log --single-version-externally-managed install_data
[2.318s] running egg_info
[2.319s] writing ../../build/bluetooth/bluetooth.egg-info/PKG-INFO
[2.319s] writing dependency_links to ../../build/bluetooth/bluetooth.egg-info/dependency_links.txt
[2.320s] writing entry points to ../../build/bluetooth/bluetooth.egg-info/entry_points.txt
[2.320s] writing requirements to ../../build/bluetooth/bluetooth.egg-info/requires.txt
[2.320s] writing top-level names to ../../build/bluetooth/bluetooth.egg-info/top_level.txt
[2.322s] reading manifest file '../../build/bluetooth/bluetooth.egg-info/SOURCES.txt'
[2.323s] writing manifest file '../../build/bluetooth/bluetooth.egg-info/SOURCES.txt'
[2.323s] running build
[2.323s] running build_py
[2.324s] running install
[2.324s] running install_lib
[2.326s] running install_data
[2.328s] running install_egg_info
[2.331s] removing '/home/udezumo/Sirius_ear/install/bluetooth/lib/python3.10/site-packages/bluetooth-0.0.0-py3.10.egg-info' (and everything under it)
[2.333s] Copying ../../build/bluetooth/bluetooth.egg-info to /home/udezumo/Sirius_ear/install/bluetooth/lib/python3.10/site-packages/bluetooth-0.0.0-py3.10.egg-info
[2.338s] running install_scripts
[2.371s] Installing bluetooth_node script to /home/udezumo/Sirius_ear/install/bluetooth/lib/bluetooth
[2.376s] writing list of installed files to '/home/udezumo/Sirius_ear/build/bluetooth/install.log'
[2.410s] Invoked command in '/home/udezumo/Sirius_ear/src/bluetooth' returned '0': PYTHONPATH=/home/udezumo/Sirius_ear/build/bluetooth/prefix_override:/usr/lib/python3/dist-packages/colcon_core/task/python/colcon_distutils_commands:/home/udezumo/Sirius_ear/install/bluetooth/lib/python3.10/site-packages:${PYTHONPATH} /usr/bin/python3 -W ignore:setup.py install is deprecated -W ignore:easy_install command is deprecated setup.py egg_info --egg-base ../../build/bluetooth build --build-base /home/udezumo/Sirius_ear/build/bluetooth/build install --record /home/udezumo/Sirius_ear/build/bluetooth/install.log --single-version-externally-managed install_data
