running egg_info
writing ../../build/path_debug/path_debug.egg-info/PKG-INFO
writing dependency_links to ../../build/path_debug/path_debug.egg-info/dependency_links.txt
writing entry points to ../../build/path_debug/path_debug.egg-info/entry_points.txt
writing requirements to ../../build/path_debug/path_debug.egg-info/requires.txt
writing top-level names to ../../build/path_debug/path_debug.egg-info/top_level.txt
reading manifest file '../../build/path_debug/path_debug.egg-info/SOURCES.txt'
writing manifest file '../../build/path_debug/path_debug.egg-info/SOURCES.txt'
running build
running build_py
copying path_debug/path_debug_node.py -> /home/udezumo/Sirius_ear/build/path_debug/build/lib/path_debug
running install
running install_lib
copying /home/udezumo/Sirius_ear/build/path_debug/build/lib/path_debug/path_debug_node.py -> /home/udezumo/Sirius_ear/install/path_debug/lib/python3.10/site-packages/path_debug
byte-compiling /home/udezumo/Sirius_ear/install/path_debug/lib/python3.10/site-packages/path_debug/path_debug_node.py to path_debug_node.cpython-310.pyc
running install_data
running install_egg_info
removing '/home/udezumo/Sirius_ear/install/path_debug/lib/python3.10/site-packages/path_debug-0.0.0-py3.10.egg-info' (and everything under it)
Copying ../../build/path_debug/path_debug.egg-info to /home/udezumo/Sirius_ear/install/path_debug/lib/python3.10/site-packages/path_debug-0.0.0-py3.10.egg-info
running install_scripts
Installing path_debug_node script to /home/udezumo/Sirius_ear/install/path_debug/lib/path_debug
writing list of installed files to '/home/udezumo/Sirius_ear/build/path_debug/install.log'
