[1.699s] Invoking command in '/home/udezumo/Sirius_ear/src/path_debug': PYTHONPATH=/home/udezumo/Sirius_ear/build/path_debug/prefix_override:/usr/lib/python3/dist-packages/colcon_core/task/python/colcon_distutils_commands:/home/udezumo/Sirius_ear/install/path_debug/lib/python3.10/site-packages:${PYTHONPATH} /usr/bin/python3 -W ignore:setup.py install is deprecated -W ignore:easy_install command is deprecated setup.py egg_info --egg-base ../../build/path_debug build --build-base /home/udezumo/Sirius_ear/build/path_debug/build install --record /home/udezumo/Sirius_ear/build/path_debug/install.log --single-version-externally-managed install_data
[2.087s] running egg_info
[2.088s] writing ../../build/path_debug/path_debug.egg-info/PKG-INFO
[2.088s] writing dependency_links to ../../build/path_debug/path_debug.egg-info/dependency_links.txt
[2.088s] writing entry points to ../../build/path_debug/path_debug.egg-info/entry_points.txt
[2.089s] writing requirements to ../../build/path_debug/path_debug.egg-info/requires.txt
[2.089s] writing top-level names to ../../build/path_debug/path_debug.egg-info/top_level.txt
[2.092s] reading manifest file '../../build/path_debug/path_debug.egg-info/SOURCES.txt'
[2.096s] writing manifest file '../../build/path_debug/path_debug.egg-info/SOURCES.txt'
[2.096s] running build
[2.096s] running build_py
[2.096s] copying path_debug/path_debug_node.py -> /home/udezumo/Sirius_ear/build/path_debug/build/lib/path_debug
[2.099s] running install
[2.102s] running install_lib
[2.103s] copying /home/udezumo/Sirius_ear/build/path_debug/build/lib/path_debug/path_debug_node.py -> /home/udezumo/Sirius_ear/install/path_debug/lib/python3.10/site-packages/path_debug
[2.105s] byte-compiling /home/udezumo/Sirius_ear/install/path_debug/lib/python3.10/site-packages/path_debug/path_debug_node.py to path_debug_node.cpython-310.pyc
[2.107s] running install_data
[2.107s] running install_egg_info
[2.113s] removing '/home/udezumo/Sirius_ear/install/path_debug/lib/python3.10/site-packages/path_debug-0.0.0-py3.10.egg-info' (and everything under it)
[2.113s] Copying ../../build/path_debug/path_debug.egg-info to /home/udezumo/Sirius_ear/install/path_debug/lib/python3.10/site-packages/path_debug-0.0.0-py3.10.egg-info
[2.114s] running install_scripts
[2.160s] Installing path_debug_node script to /home/udezumo/Sirius_ear/install/path_debug/lib/path_debug
[2.161s] writing list of installed files to '/home/udezumo/Sirius_ear/build/path_debug/install.log'
[2.239s] Invoked command in '/home/udezumo/Sirius_ear/src/path_debug' returned '0': PYTHONPATH=/home/udezumo/Sirius_ear/build/path_debug/prefix_override:/usr/lib/python3/dist-packages/colcon_core/task/python/colcon_distutils_commands:/home/udezumo/Sirius_ear/install/path_debug/lib/python3.10/site-packages:${PYTHONPATH} /usr/bin/python3 -W ignore:setup.py install is deprecated -W ignore:easy_install command is deprecated setup.py egg_info --egg-base ../../build/path_debug build --build-base /home/udezumo/Sirius_ear/build/path_debug/build install --record /home/udezumo/Sirius_ear/build/path_debug/install.log --single-version-externally-managed install_data
